Component: ARM Compiler 5.05 update 1 (build 106) Tool: armlink [4d0efa]

==============================================================================

Section Cross References

    startup_stm32f10x_hd.o(RESET) refers to startup_stm32f10x_hd.o(STACK) for __initial_sp
    startup_stm32f10x_hd.o(RESET) refers to startup_stm32f10x_hd.o(.text) for Reset_Handler
    startup_stm32f10x_hd.o(RESET) refers to stm32f10x_it.o(i.NMI_Handler) for NMI_Handler
    startup_stm32f10x_hd.o(RESET) refers to stm32f10x_it.o(i.HardFault_Handler) for HardFault_Handler
    startup_stm32f10x_hd.o(RESET) refers to stm32f10x_it.o(i.MemManage_Handler) for MemManage_Handler
    startup_stm32f10x_hd.o(RESET) refers to stm32f10x_it.o(i.BusFault_Handler) for BusFault_Handler
    startup_stm32f10x_hd.o(RESET) refers to stm32f10x_it.o(i.UsageFault_Handler) for UsageFault_Handler
    startup_stm32f10x_hd.o(RESET) refers to stm32f10x_it.o(i.SVC_Handler) for SVC_Handler
    startup_stm32f10x_hd.o(RESET) refers to stm32f10x_it.o(i.DebugMon_Handler) for DebugMon_Handler
    startup_stm32f10x_hd.o(RESET) refers to stm32f10x_it.o(i.PendSV_Handler) for PendSV_Handler
    startup_stm32f10x_hd.o(RESET) refers to timer.o(i.TIM2_IRQHandler) for TIM2_IRQHandler
    startup_stm32f10x_hd.o(RESET) refers to timer.o(i.TIM3_IRQHandler) for TIM3_IRQHandler
    startup_stm32f10x_hd.o(RESET) refers to step_driver.o(i.TIM4_IRQHandler) for TIM4_IRQHandler
    startup_stm32f10x_hd.o(RESET) refers to usart1.o(i.USART1_IRQHandler) for USART1_IRQHandler
    startup_stm32f10x_hd.o(RESET) refers to usart2.o(i.USART2_IRQHandler) for USART2_IRQHandler
    startup_stm32f10x_hd.o(RESET) refers to usart3.o(i.USART3_IRQHandler) for USART3_IRQHandler
    startup_stm32f10x_hd.o(.text) refers to system_stm32f10x.o(i.SystemInit) for SystemInit
    startup_stm32f10x_hd.o(.text) refers to entry.o(.ARM.Collect$$$$00000000) for __main
    main.o(i.Debug_GPIOInit) refers to stm32f10x_rcc.o(i.RCC_APB2PeriphClockCmd) for RCC_APB2PeriphClockCmd
    main.o(i.Debug_GPIOInit) refers to stm32f10x_gpio.o(i.GPIO_Init) for GPIO_Init
    main.o(i.LockGPIOInit) refers to stm32f10x_rcc.o(i.RCC_APB2PeriphClockCmd) for RCC_APB2PeriphClockCmd
    main.o(i.LockGPIOInit) refers to stm32f10x_gpio.o(i.GPIO_Init) for GPIO_Init
    main.o(i.LockGPIOInit) refers to stm32f10x_gpio.o(i.GPIO_SetBits) for GPIO_SetBits
    main.o(i.Moto_ZeroGPIOInit) refers to stm32f10x_rcc.o(i.RCC_APB2PeriphClockCmd) for RCC_APB2PeriphClockCmd
    main.o(i.Moto_ZeroGPIOInit) refers to stm32f10x_gpio.o(i.GPIO_Init) for GPIO_Init
    main.o(i.SensorGPIOInit) refers to stm32f10x_rcc.o(i.RCC_APB2PeriphClockCmd) for RCC_APB2PeriphClockCmd
    main.o(i.SensorGPIOInit) refers to stm32f10x_gpio.o(i.GPIO_PinRemapConfig) for GPIO_PinRemapConfig
    main.o(i.SensorGPIOInit) refers to stm32f10x_gpio.o(i.GPIO_Init) for GPIO_Init
    main.o(i.SysTickTask) refers to wdg.o(i.IWDG_Feed) for IWDG_Feed
    main.o(i.SysTickTask) refers to stm32f10x_gpio.o(i.GPIO_ResetBits) for GPIO_ResetBits
    main.o(i.SysTickTask) refers to stm32f10x_gpio.o(i.GPIO_SetBits) for GPIO_SetBits
    main.o(i.SysTickTask) refers to main.o(.bss) for SysTask
    main.o(i.SysTickTask) refers to main.o(.data) for u32SysSoftDog
    main.o(i.SysTickTask) refers to usart1.o(.data) for USART1_RX_STA
    main.o(i.main) refers to delay.o(i.delay_init) for delay_init
    main.o(i.main) refers to sys.o(i.NVIC_Configuration) for NVIC_Configuration
    main.o(i.main) refers to main.o(i.LockGPIOInit) for LockGPIOInit
    main.o(i.main) refers to main.o(i.Moto_ZeroGPIOInit) for Moto_ZeroGPIOInit
    main.o(i.main) refers to main.o(i.Moto_DirGPIOInit) for Moto_DirGPIOInit
    main.o(i.main) refers to step_driver.o(i.CenterMotoInit) for CenterMotoInit
    main.o(i.main) refers to usart1.o(i.usart1_init) for usart1_init
    main.o(i.main) refers to usart3.o(i.usart3_init) for usart3_init
    main.o(i.main) refers to main.o(i.Debug_GPIOInit) for Debug_GPIOInit
    main.o(i.main) refers to main.o(i.SensorGPIOInit) for SensorGPIOInit
    main.o(i.main) refers to syscomment.o(i.SysInit) for SysInit
    main.o(i.main) refers to timer.o(i.GENERAL_TIMx_Configuration) for GENERAL_TIMx_Configuration
    main.o(i.main) refers to syscomment.o(i.MainTask) for MainTask
    main.o(i.main) refers to main.o(i.SysTickTask) for SysTickTask
    main.o(i.main) refers to main.o(.bss) for SysTask
    system_stm32f10x.o(i.SetSysClock) refers to system_stm32f10x.o(i.SetSysClockTo72) for SetSysClockTo72
    system_stm32f10x.o(i.SystemCoreClockUpdate) refers to system_stm32f10x.o(.data) for SystemCoreClock
    system_stm32f10x.o(i.SystemInit) refers to system_stm32f10x.o(i.SetSysClock) for SetSysClock
    stm32f10x_adc.o(i.ADC_DeInit) refers to stm32f10x_rcc.o(i.RCC_APB2PeriphResetCmd) for RCC_APB2PeriphResetCmd
    stm32f10x_bkp.o(i.BKP_DeInit) refers to stm32f10x_rcc.o(i.RCC_BackupResetCmd) for RCC_BackupResetCmd
[...]
    Removing stm32f10x_usart.o(i.USART_SmartCardNACKCmd), (24 bytes).
    Removing stm32f10x_usart.o(i.USART_StructInit), (24 bytes).
    Removing stm32f10x_usart.o(i.USART_WakeUpConfig), (18 bytes).
    Removing stm32f10x_wwdg.o(i.WWDG_ClearFlag), (12 bytes).
    Removing stm32f10x_wwdg.o(i.WWDG_DeInit), (22 bytes).
    Removing stm32f10x_wwdg.o(i.WWDG_Enable), (16 bytes).
    Removing stm32f10x_wwdg.o(i.WWDG_EnableIT), (12 bytes).
    Removing stm32f10x_wwdg.o(i.WWDG_GetFlagStatus), (12 bytes).
    Removing stm32f10x_wwdg.o(i.WWDG_SetCounter), (16 bytes).
    Removing stm32f10x_wwdg.o(i.WWDG_SetPrescaler), (24 bytes).
    Removing stm32f10x_wwdg.o(i.WWDG_SetWindowValue), (40 bytes).
    Removing beep.o(i.BEEP_GPIO_Init), (56 bytes).
    Removing beep.o(i.BEEP_StateSet), (36 bytes).
    Removing syscomment.o(i.DelayMs), (26 bytes).
    Removing syscomment.o(i.DelayUs), (16 bytes).
    Removing syscomment.o(i.HostToTabletTask), (2 bytes).
    Removing syscomment.o(i.LedInit), (56 bytes).
    Removing syscomment.o(i.NVIC_SetPriority), (40 bytes).
    Removing syscomment.o(i.SendToTabletDetect), (92 bytes).
    Removing syscomment.o(i.SlavePackageSend), (108 bytes).
    Removing syscomment.o(i.Strcmp), (34 bytes).
    Removing syscomment.o(i.Strcpy), (20 bytes).
    Removing syscomment.o(i.SysSaveDataTask), (332 bytes).
    Removing syscomment.o(i.SysTickConfig), (88 bytes).
    Removing syscomment.o(i.Sys_DelayMS), (24 bytes).
    Removing san_flash.o(i.FLASH_ReadWord), (12 bytes).
    Removing oled.o(i.Delay_1ms), (26 bytes).
    Removing oled.o(i.Delay_50ms), (22 bytes).
    Removing oled.o(i.IIC_Start), (40 bytes).
    Removing oled.o(i.IIC_Stop), (32 bytes).
    Removing oled.o(i.IIC_Wait_Ack), (24 bytes).
    Removing oled.o(i.OLED_Clear), (62 bytes).
    Removing oled.o(i.OLED_Display_Off), (28 bytes).
    Removing oled.o(i.OLED_Display_On), (28 bytes).
    Removing oled.o(i.OLED_DrawBMP), (126 bytes).
    Removing oled.o(i.OLED_DrawHorizontal), (128 bytes).
    Removing oled.o(i.OLED_DrawHorizontalDottedLine), (144 bytes).
    Removing oled.o(i.OLED_DrawSolidBox), (380 bytes).
    Removing oled.o(i.OLED_DrawVertical), (68 bytes).
    Removing oled.o(i.OLED_DrawVerticalDottedLine), (68 bytes).
    Removing oled.o(i.OLED_Init), (276 bytes).
    Removing oled.o(i.OLED_On), (62 bytes).
    Removing oled.o(i.OLED_Set_Pos), (40 bytes).
    Removing oled.o(i.OLED_ShowCHinese), (104 bytes).
    Removing oled.o(i.OLED_ShowChar), (164 bytes).
    Removing oled.o(i.OLED_ShowNum), (136 bytes).
    Removing oled.o(i.OLED_ShowString), (58 bytes).
    Removing oled.o(i.OLED_WR_Byte), (24 bytes).
    Removing oled.o(i.Write_IIC_Byte), (84 bytes).
    Removing oled.o(i.Write_IIC_Command), (44 bytes).
    Removing oled.o(i.Write_IIC_Data), (44 bytes).
    Removing oled.o(i.fill_picture), (64 bytes).
    Removing oled.o(i.oled_pow), (22 bytes).
    Removing oled.o(.constdata), (2072 bytes).
    Removing oled.o(.data), (64 bytes).
    Removing timer.o(i.TIM3_Int_Init), (96 bytes).
    Removing usart1.o(i.u1_printf), (80 bytes).
    Removing usart2.o(i.Usart2_SendByte), (32 bytes).
    Removing usart2.o(i.u2_printf), (80 bytes).
    Removing usart2.o(i.usart2_init), (172 bytes).
    Removing usart3.o(i.Usart3_SendByte), (32 bytes).
    Removing step_driver.o(i.CenterMotoStop), (8 bytes).
    Removing wdg.o(i.IWDG_Init), (36 bytes).
    Removing delay.o(i.delay_us), (76 bytes).
    Removing fpstat.o(.text), (4 bytes).

478 unused section(s) (total 22496 bytes) removed from the image.

==============================================================================

Image Symbol Table

    Local Symbols

    Symbol Name                              Value     Ov Type        Size  Object(Section)

    ../clib/microlib/division.c              0x00000000   Number         0  uidiv.o ABSOLUTE
    ../clib/microlib/division.c              0x00000000   Number         0  uldiv.o ABSOLUTE
    ../clib/microlib/errno.c                 0x00000000   Number         0  errno.o ABSOLUTE
    ../clib/microlib/init/entry.s            0x00000000   Number         0  entry7b.o ABSOLUTE
    ../clib/microlib/init/entry.s            0x00000000   Number         0  entry9b.o ABSOLUTE
    ../clib/microlib/init/entry.s            0x00000000   Number         0  entry9a.o ABSOLUTE
    ../clib/microlib/init/entry.s            0x00000000   Number         0  entry8b.o ABSOLUTE
    ../clib/microlib/init/entry.s            0x00000000   Number         0  entry8a.o ABSOLUTE
    ../clib/microlib/init/entry.s            0x00000000   Number         0  entry2.o ABSOLUTE
    ../clib/microlib/init/entry.s            0x00000000   Number         0  entry.o ABSOLUTE
    ../clib/microlib/init/entry.s            0x00000000   Number         0  entry7a.o ABSOLUTE
    ../clib/microlib/init/entry.s            0x00000000   Number         0  entry5.o ABSOLUTE
    ../clib/microlib/init/entry.s            0x00000000   Number         0  entry10a.o ABSOLUTE
    ../clib/microlib/init/entry.s            0x00000000   Number         0  entry11b.o ABSOLUTE
    ../clib/microlib/init/entry.s            0x00000000   Number         0  entry11a.o ABSOLUTE
    ../clib/microlib/init/entry.s            0x00000000   Number         0  entry10b.o ABSOLUTE
    ../clib/microlib/longlong.c              0x00000000   Number         0  llsshr.o ABSOLUTE
    ../clib/microlib/longlong.c              0x00000000   Number         0  llshl.o ABSOLUTE
    ../clib/microlib/longlong.c              0x00000000   Number         0  llushr.o ABSOLUTE
    ../clib/microlib/malloc/malloc.c         0x00000000   Number         0  mallocr.o ABSOLUTE
    ../clib/microlib/malloc/malloc.c         0x00000000   Number         0  malloc.o ABSOLUTE
    ../clib/microlib/malloc/malloc.c         0x00000000   Number         0  mallocra.o ABSOLUTE
    ../clib/microlib/malloc/malloc.c         0x00000000   Number         0  malloca.o ABSOLUTE
    ../clib/microlib/malloc/mvars.c          0x00000000   Number         0  mvars.o ABSOLUTE
    ../clib/microlib/printf/printf.c         0x00000000   Number         0  printfa.o ABSOLUTE
    ../clib/microlib/stdio/fputc.c           0x00000000   Number         0  fputc.o ABSOLUTE
    ../clib/microlib/stdio/semi.s            0x00000000   Number         0  semi.o ABSOLUTE
    ../clib/microlib/stdio/streams.c         0x00000000   Number         0  stdout.o ABSOLUTE
    ../clib/microlib/string/memcpy.c         0x00000000   Number         0  memcpyb.o ABSOLUTE
    ../clib/microlib/string/memcpy.c         0x00000000   Number         0  memcpya.o ABSOLUTE
    ../clib/microlib/string/memset.c         0x00000000   Number         0  memseta.o ABSOLUTE
    ../clib/microlib/string/strlen.c         0x00000000   Number         0  strlen.o ABSOLUTE
    ../clib/microlib/string/strstr.c         0x00000000   Number         0  strstr.o ABSOLUTE
    ../clib/microlib/stubs.s                 0x00000000   Number         0  iusefp.o ABSOLUTE
    ../clib/microlib/stubs.s                 0x00000000   Number         0  iusesemip.o ABSOLUTE
    ../fplib/microlib/fpadd.c                0x00000000   Number         0  dadd.o ABSOLUTE
    ../fplib/microlib/fpadd.c                0x00000000   Number         0  fadd.o ABSOLUTE
    ../fplib/microlib/fpdiv.c                0x00000000   Number         0  ddiv.o ABSOLUTE
    ../fplib/microlib/fpdiv.c                0x00000000   Number         0  fdiv.o ABSOLUTE
    ../fplib/microlib/fpepilogue.c           0x00000000   Number         0  fepilogue.o ABSOLUTE
    ../fplib/microlib/fpepilogue.c           0x00000000   Number         0  depilogue.o ABSOLUTE
    ../fplib/microlib/fpfix.c                0x00000000   Number         0  dfixul.o ABSOLUTE
    ../fplib/microlib/fpfix.c                0x00000000   Number         0  ffixi.o ABSOLUTE
    ../fplib/microlib/fpfix.c                0x00000000   Number         0  ffixui.o ABSOLUTE
    ../fplib/microlib/fpflt.c                0x00000000   Number         0  fflti.o ABSOLUTE
    ../fplib/microlib/fpmul.c                0x00000000   Number         0  dmul.o ABSOLUTE
    ../fplib/microlib/fpmul.c                0x00000000   Number         0  fmul.o ABSOLUTE
    ../fplib/microlib/fprnd.c                0x00000000   Number         0  frnd.o ABSOLUTE
    ../fplib/microlib/fpscalb.c              0x00000000   Number         0  fscalb.o ABSOLUTE
    ../fplib/microlib/fpstat.c               0x00000000   Number         0  fpstat.o ABSOLUTE
    ../mathlib/expf.c                        0x00000000   Number         0  expf_x.o ABSOLUTE
    ../mathlib/expf.c                        0x00000000   Number         0  expf.o ABSOLUTE
    ../mathlib/fpclassifyf.c                 0x00000000   Number         0  fpclassifyf.o ABSOLUTE
    ../mathlib/funder.c                      0x00000000   Number         0  funder.o ABSOLUTE
    ..\..\HARDWARE\BEEP\beep.c               0x00000000   Number         0  beep.o ABSOLUTE
    ..\..\HARDWARE\COMMENT\SysComment.c      0x00000000   Number         0  syscomment.o ABSOLUTE
    ..\..\HARDWARE\FLASH\San_Flash.c         0x00000000   Number         0  san_flash.o ABSOLUTE
    ..\..\HARDWARE\OLED\oled.c               0x00000000   Number         0  oled.o ABSOLUTE
    ..\..\HARDWARE\STEP_DRIVER\step_driver.c 0x00000000   Number         0  step_driver.o ABSOLUTE
    ..\..\HARDWARE\TIMER\timer.c             0x00000000   Number         0  timer.o ABSOLUTE
    ..\..\HARDWARE\TIM_PWM\pwm.c             0x00000000   Number         0  pwm.o ABSOLUTE
    ..\..\HARDWARE\USART1\usart1.c           0x00000000   Number         0  usart1.o ABSOLUTE
    ..\..\HARDWARE\USART2\usart2.c           0x00000000   Number         0  usart2.o ABSOLUTE
    ..\..\HARDWARE\USART3\usart3.c           0x00000000   Number         0  usart3.o ABSOLUTE
    ..\..\HARDWARE\WDG\wdg.c                 0x00000000   Number         0  wdg.o ABSOLUTE
    ..\..\Libraries\CMSIS\CM3\CoreSupport\core_cm3.c 0x00000000   Number         0  core_cm3.o ABSOLUTE
    ..\..\Libraries\CMSIS\CM3\DeviceSupport\ST\STM32F10x\startup\arm\startup_stm32f10x_hd.s 0x00000000   Number         0  startup_stm32f10x_hd.o ABSOLUTE
    ..\..\Libraries\CMSIS\CM3\DeviceSupport\ST\STM32F10x\system_stm32f10x.c 0x00000000   Number         0  system_stm32f10x.o ABSOLUTE
    ..\..\Libraries\STM32F10x_StdPeriph_Driver\src\misc.c 0x00000000   Number         0  misc.o ABSOLUTE
    ..\..\Libraries\STM32F10x_StdPeriph_Driver\src\stm32f10x_adc.c 0x00000000   Number         0  stm32f10x_adc.o ABSOLUTE
    ..\..\Libraries\STM32F10x_StdPeriph_Driver\src\stm32f10x_bkp.c 0x00000000   Number         0  stm32f10x_bkp.o ABSOLUTE
    ..\..\Libraries\STM32F10x_StdPeriph_Driver\src\stm32f10x_can.c 0x00000000   Number         0  stm32f10x_can.o ABSOLUTE
    ..\..\Libraries\STM32F10x_StdPeriph_Driver\src\stm32f10x_cec.c 0x00000000   Number         0  stm32f10x_cec.o ABSOLUTE
    ..\..\Libraries\STM32F10x_StdPeriph_Driver\src\stm32f10x_crc.c 0x00000000   Number         0  stm32f10x_crc.o ABSOLUTE
    ..\..\Libraries\STM32F10x_StdPeriph_Driver\src\stm32f10x_dac.c 0x00000000   Number         0  stm32f10x_dac.o ABSOLUTE
    ..\..\Libraries\STM32F10x_StdPeriph_Driver\src\stm32f10x_dbgmcu.c 0x00000000   Number         0  stm32f10x_dbgmcu.o ABSOLUTE
    ..\..\Libraries\STM32F10x_StdPeriph_Driver\src\stm32f10x_dma.c 0x00000000   Number         0  stm32f10x_dma.o ABSOLUTE
    ..\..\Libraries\STM32F10x_StdPeriph_Driver\src\stm32f10x_exti.c 0x00000000   Number         0  stm32f10x_exti.o ABSOLUTE
    ..\..\Libraries\STM32F10x_StdPeriph_Driver\src\stm32f10x_flash.c 0x00000000   Number         0  stm32f10x_flash.o ABSOLUTE
    ..\..\Libraries\STM32F10x_StdPeriph_Driver\src\stm32f10x_fsmc.c 0x00000000   Number         0  stm32f10x_fsmc.o ABSOLUTE
    ..\..\Libraries\STM32F10x_StdPeriph_Driver\src\stm32f10x_gpio.c 0x00000000   Number         0  stm32f10x_gpio.o ABSOLUTE
    ..\..\Libraries\STM32F10x_StdPeriph_Driver\src\stm32f10x_i2c.c 0x00000000   Number         0  stm32f10x_i2c.o ABSOLUTE
    ..\..\Libraries\STM32F10x_StdPeriph_Driver\src\stm32f10x_iwdg.c 0x00000000   Number         0  stm32f10x_iwdg.o ABSOLUTE
    ..\..\Libraries\STM32F10x_StdPeriph_Driver\src\stm32f10x_pwr.c 0x00000000   Number         0  stm32f10x_pwr.o ABSOLUTE
    ..\..\Libraries\STM32F10x_StdPeriph_Driver\src\stm32f10x_rcc.c 0x00000000   Number         0  stm32f10x_rcc.o ABSOLUTE
    ..\..\Libraries\STM32F10x_StdPeriph_Driver\src\stm32f10x_rtc.c 0x00000000   Number         0  stm32f10x_rtc.o ABSOLUTE
    ..\..\Libraries\STM32F10x_StdPeriph_Driver\src\stm32f10x_sdio.c 0x00000000   Number         0  stm32f10x_sdio.o ABSOLUTE
    ..\..\Libraries\STM32F10x_StdPeriph_Driver\src\stm32f10x_spi.c 0x00000000   Number         0  stm32f10x_spi.o ABSOLUTE
    ..\..\Libraries\STM32F10x_StdPeriph_Driver\src\stm32f10x_tim.c 0x00000000   Number         0  stm32f10x_tim.o ABSOLUTE
    ..\..\Libraries\STM32F10x_StdPeriph_Driver\src\stm32f10x_usart.c 0x00000000   Number         0  stm32f10x_usart.o ABSOLUTE
    ..\..\Libraries\STM32F10x_StdPeriph_Driver\src\stm32f10x_wwdg.c 0x00000000   Number         0  stm32f10x_wwdg.o ABSOLUTE
    ..\..\SYSTEM\delay\delay.c               0x00000000   Number         0  delay.o ABSOLUTE
    ..\..\SYSTEM\sys\sys.c                   0x00000000   Number         0  sys.o ABSOLUTE
    ..\..\User\main.c                        0x00000000   Number         0  main.o ABSOLUTE
    ..\..\User\stm32f10x_it.c                0x00000000   Number         0  stm32f10x_it.o ABSOLUTE
    ..\\..\\Libraries\\CMSIS\\CM3\\CoreSupport\\core_cm3.c 0x00000000   Number         0  core_cm3.o ABSOLUTE
    cdrcmple.s                               0x00000000   Number         0  cdrcmple.o ABSOLUTE
    cfcmple.s                                0x00000000   Number         0  cfcmple.o ABSOLUTE
    dc.s                                     0x00000000   Number         0  dc.o ABSOLUTE
    handlers.s                               0x00000000   Number         0  handlers.o ABSOLUTE
    init.s                                   0x00000000   Number         0  init.o ABSOLUTE
    RESET                                    0x08000000   Section      304  startup_stm32f10x_hd.o(RESET)
    .ARM.Collect$$$$00000000                 0x08000130   Section        0  entry.o(.ARM.Collect$$$$00000000)
    .ARM.Collect$$$$00000001                 0x08000130   Section        4  entry2.o(.ARM.Collect$$$$00000001)
    .ARM.Collect$$$$00000004                 0x08000134   Section        4  entry5.o(.ARM.Collect$$$$00000004)
    .ARM.Collect$$$$00000008                 0x08000138   Section        0  entry7b.o(.ARM.Collect$$$$00000008)
    .ARM.Collect$$$$0000000A                 0x08000138   Section        0  entry8b.o(.ARM.Collect$$$$0000000A)
    .ARM.Collect$$$$0000000B                 0x08000138   Section        8  entry9a.o(.ARM.Collect$$$$0000000B)
    .ARM.Collect$$$$0000000D                 0x08000140   Section        0  entry10a.o(.ARM.Collect$$$$0000000D)
    .ARM.Collect$$$$0000000F                 0x08000140   Section        0  entry11a.o(.ARM.Collect$$$$0000000F)
    .ARM.Collect$$$$00002712                 0x08000140   Section        4  entry2.o(.ARM.Collect$$$$00002712)
    __lit__00000000                          0x08000140   Data           4  entry2.o(.ARM.Collect$$$$00002712)
    .text                                    0x08000144   Section       36  startup_stm32f10x_hd.o(.text)
    .text                                    0x08000168   Section        0  memseta.o(.text)
    .text                                    0x0800018c   Section        0  strstr.o(.text)
    .text                                    0x080001b0   Section        0  strlen.o(.text)
    .text                                    0x080001be   Section        0  fadd.o(.text)
    .text                                    0x0800026e   Section        0  fmul.o(.text)
    .text                                    0x080002d2   Section        0  fdiv.o(.text)
    .text                                    0x0800034e   Section        0  fflti.o(.text)
    .text                                    0x08000360   Section        0  ffixui.o(.text)
    .text                                    0x08000388   Section       20  cfcmple.o(.text)
    .text                                    0x0800039c   Section        0  uidiv.o(.text)
    .text                                    0x080003c8   Section        0  uldiv.o(.text)
    .text                                    0x0800042a   Section        0  fepilogue.o(.text)
    .text                                    0x0800042a   Section        0  iusefp.o(.text)
    .text                                    0x08000498   Section        0  fscalb.o(.text)
    .text                                    0x080004b0   Section        0  frnd.o(.text)
    .text                                    0x080004ec   Section        0  dadd.o(.text)
    .text                                    0x0800063a   Section        0  dmul.o(.text)
    .text                                    0x0800071e   Section        0  ddiv.o(.text)
    .text                                    0x080007fc   Section        0  ffixi.o(.text)
    .text                                    0x0800082e   Section        0  dfixul.o(.text)
    .text                                    0x08000860   Section       48  cdrcmple.o(.text)
    .text                                    0x08000890   Section       36  init.o(.text)
    .text                                    0x080008b4   Section        0  llshl.o(.text)
    .text                                    0x080008d2   Section        0  llushr.o(.text)
    .text                                    0x080008f2   Section        0  llsshr.o(.text)
    .text                                    0x08000916   Section        0  depilogue.o(.text)
    i.BusFault_Handler                       0x080009d0   Section        0  stm32f10x_it.o(i.BusFault_Handler)
    i.CalculateSModelLine                    0x080009d4   Section        0  step_driver.o(i.CalculateSModelLine)
    CalculateSModelLine                      0x080009d5   Thumb Code   182  step_driver.o(i.CalculateSModelLine)
    i.CenterMotoInit                         0x08000a90   Section        0  step_driver.o(i.CenterMotoInit)
    i.CenterMotoRun                          0x08000bc0   Section        0  step_driver.o(i.CenterMotoRun)
    i.CenterMoto_Event                       0x08000c10   Section        0  step_driver.o(i.CenterMoto_Event)
    i.CheckSum                               0x08000dec   Section        0  syscomment.o(i.CheckSum)
    i.DebugMon_Handler                       0x08000e0e   Section        0  stm32f10x_it.o(i.DebugMon_Handler)
    i.Debug_GPIOInit                         0x08000e10   Section        0  main.o(i.Debug_GPIOInit)
    i.Door_L_MotoStart                       0x08000e3c   Section        0  step_driver.o(i.Door_L_MotoStart)
    i.Door_L_MotoStop                        0x08000e4a   Section        0  step_driver.o(i.Door_L_MotoStop)
    i.Door_R_MotoStart                       0x08000e52   Section        0  step_driver.o(i.Door_R_MotoStart)
    i.Door_R_MotoStop                        0x08000e60   Section        0  step_driver.o(i.Door_R_MotoStop)
    i.FLASH_ErasePage                        0x08000e68   Section        0  stm32f10x_flash.o(i.FLASH_ErasePage)
    i.FLASH_GetBank1Status                   0x08000eb4   Section        0  stm32f10x_flash.o(i.FLASH_GetBank1Status)
    i.FLASH_Lock                             0x08000ee8   Section        0  stm32f10x_flash.o(i.FLASH_Lock)
    i.FLASH_ProgramHalfWord                  0x08000efc   Section        0  stm32f10x_flash.o(i.FLASH_ProgramHalfWord)
    i.FLASH_ReadHalfWord                     0x08000f3c   Section        0  san_flash.o(i.FLASH_ReadHalfWord)
    i.FLASH_ReadMoreData                     0x08000f42   Section        0  san_flash.o(i.FLASH_ReadMoreData)
    i.FLASH_Unlock                           0x08000f64   Section        0  stm32f10x_flash.o(i.FLASH_Unlock)
    i.FLASH_WaitForLastOperation             0x08000f7c   Section        0  stm32f10x_flash.o(i.FLASH_WaitForLastOperation)
    i.FLASH_WriteMoreData                    0x08000fa4   Section        0  san_flash.o(i.FLASH_WriteMoreData)
    i.GENERAL_TIMx_Configuration             0x08001020   Section        0  timer.o(i.GENERAL_TIMx_Configuration)
    i.GENERAL_TIMx_NVIC_Configuration        0x08001068   Section        0  timer.o(i.GENERAL_TIMx_NVIC_Configuration)
    i.GPIO_Init                              0x0800108a   Section        0  stm32f10x_gpio.o(i.GPIO_Init)
    i.GPIO_PinRemapConfig                    0x080011a0   Section        0  stm32f10x_gpio.o(i.GPIO_PinRemapConfig)
    i.GPIO_ReadInputDataBit                  0x08001230   Section        0  stm32f10x_gpio.o(i.GPIO_ReadInputDataBit)
    i.GPIO_ResetBits                         0x08001242   Section        0  stm32f10x_gpio.o(i.GPIO_ResetBits)
    i.GPIO_SetBits                           0x08001246   Section        0  stm32f10x_gpio.o(i.GPIO_SetBits)
    i.HardFault_Handler                      0x0800124a   Section        0  stm32f10x_it.o(i.HardFault_Handler)
    i.IWDG_Feed                              0x0800124e   Section        0  wdg.o(i.IWDG_Feed)
    i.IWDG_ReloadCounter                     0x08001258   Section        0  stm32f10x_iwdg.o(i.IWDG_ReloadCounter)
    i.LedTask                                0x08001268   Section        0  syscomment.o(i.LedTask)
    i.LockGPIOInit                           0x080012b0   Section        0  main.o(i.LockGPIOInit)
    i.Lock_01_Task                           0x080012fc   Section        0  syscomment.o(i.Lock_01_Task)
    i.Lock_02_Task                           0x08001428   Section        0  syscomment.o(i.Lock_02_Task)
    i.Lock_03_Task                           0x08001550   Section        0  syscomment.o(i.Lock_03_Task)
    i.Lock_04_Task                           0x08001678   Section        0  syscomment.o(i.Lock_04_Task)
    i.MainTask                               0x080017a0   Section        0  syscomment.o(i.MainTask)
    i.MemManage_Handler                      0x080017ac   Section        0  stm32f10x_it.o(i.MemManage_Handler)
    i.Moto_01_Task                           0x080017b0   Section        0  syscomment.o(i.Moto_01_Task)
    i.Moto_02_Task                           0x08001a24   Section        0  syscomment.o(i.Moto_02_Task)
    i.Moto_03_Task                           0x08001c90   Section        0  syscomment.o(i.Moto_03_Task)
    i.Moto_04_Task                           0x0800202c   Section        0  syscomment.o(i.Moto_04_Task)
    i.Moto_DirGPIOInit                       0x08002168   Section        0  main.o(i.Moto_DirGPIOInit)
    i.Moto_ZeroGPIOInit                      0x0800216c   Section        0  main.o(i.Moto_ZeroGPIOInit)
    i.NMI_Handler                            0x08002198   Section        0  stm32f10x_it.o(i.NMI_Handler)
    i.NVIC_Configuration                     0x0800219a   Section        0  sys.o(i.NVIC_Configuration)
    i.NVIC_Init                              0x080021a8   Section        0  misc.o(i.NVIC_Init)
    i.NVIC_PriorityGroupConfig               0x08002218   Section        0  misc.o(i.NVIC_PriorityGroupConfig)
    i.PendSV_Handler                         0x0800222c   Section        0  stm32f10x_it.o(i.PendSV_Handler)
    i.RCC_APB1PeriphClockCmd                 0x08002230   Section        0  stm32f10x_rcc.o(i.RCC_APB1PeriphClockCmd)
    i.RCC_APB1PeriphResetCmd                 0x08002250   Section        0  stm32f10x_rcc.o(i.RCC_APB1PeriphResetCmd)
    i.RCC_APB2PeriphClockCmd                 0x08002270   Section        0  stm32f10x_rcc.o(i.RCC_APB2PeriphClockCmd)
    i.RCC_APB2PeriphResetCmd                 0x08002290   Section        0  stm32f10x_rcc.o(i.RCC_APB2PeriphResetCmd)
    i.RCC_GetClocksFreq                      0x080022b0   Section        0  stm32f10x_rcc.o(i.RCC_GetClocksFreq)
    i.Rise_MotoStart                         0x08002384   Section        0  step_driver.o(i.Rise_MotoStart)
    i.Rise_MotoStop                          0x08002392   Section        0  step_driver.o(i.Rise_MotoStop)
    i.SVC_Handler                            0x0800239a   Section        0  stm32f10x_it.o(i.SVC_Handler)
    i.SendTabletTask                         0x0800239c   Section        0  syscomment.o(i.SendTabletTask)
    i.SendToTablet                           0x0800240c   Section        0  syscomment.o(i.SendToTablet)
    i.SendToTablet_Zero                      0x0800249c   Section        0  syscomment.o(i.SendToTablet_Zero)
    i.SensorGPIOInit                         0x08002500   Section        0  main.o(i.SensorGPIOInit)
    i.SetSysClock                            0x08002538   Section        0  system_stm32f10x.o(i.SetSysClock)
    SetSysClock                              0x08002539   Thumb Code     8  system_stm32f10x.o(i.SetSysClock)
    i.SetSysClockTo72                        0x08002540   Section        0  system_stm32f10x.o(i.SetSysClockTo72)
    SetSysClockTo72                          0x08002541   Thumb Code   214  system_stm32f10x.o(i.SetSysClockTo72)
    i.Set_TIM4_Ch1_Disable                   0x08002620   Section        0  step_driver.o(i.Set_TIM4_Ch1_Disable)
    Set_TIM4_Ch1_Disable                     0x08002621   Thumb Code    18  step_driver.o(i.Set_TIM4_Ch1_Disable)
    i.Set_TIM4_Ch1_Enable                    0x0800263c   Section        0  step_driver.o(i.Set_TIM4_Ch1_Enable)
    Set_TIM4_Ch1_Enable                      0x0800263d   Thumb Code    30  step_driver.o(i.Set_TIM4_Ch1_Enable)
    i.Set_TIM4_Ch2_Disable                   0x08002664   Section        0  step_driver.o(i.Set_TIM4_Ch2_Disable)
    Set_TIM4_Ch2_Disable                     0x08002665   Thumb Code    18  step_driver.o(i.Set_TIM4_Ch2_Disable)
    i.Set_TIM4_Ch2_Enable                    0x08002680   Section        0  step_driver.o(i.Set_TIM4_Ch2_Enable)
    Set_TIM4_Ch2_Enable                      0x08002681   Thumb Code    30  step_driver.o(i.Set_TIM4_Ch2_Enable)
    i.Set_TIM4_Ch3_Disable                   0x080026a8   Section        0  step_driver.o(i.Set_TIM4_Ch3_Disable)
    Set_TIM4_Ch3_Disable                     0x080026a9   Thumb Code    18  step_driver.o(i.Set_TIM4_Ch3_Disable)
    i.Set_TIM4_Ch3_Enable                    0x080026c4   Section        0  step_driver.o(i.Set_TIM4_Ch3_Enable)
    Set_TIM4_Ch3_Enable                      0x080026c5   Thumb Code    30  step_driver.o(i.Set_TIM4_Ch3_Enable)
    i.Set_TIM4_Ch4_Disable                   0x080026ec   Section        0  step_driver.o(i.Set_TIM4_Ch4_Disable)
    Set_TIM4_Ch4_Disable                     0x080026ed   Thumb Code    18  step_driver.o(i.Set_TIM4_Ch4_Disable)
    i.Set_TIM4_Ch4_Enable                    0x08002708   Section        0  step_driver.o(i.Set_TIM4_Ch4_Enable)
    Set_TIM4_Ch4_Enable                      0x08002709   Thumb Code     8  step_driver.o(i.Set_TIM4_Ch4_Enable)
    i.SysEventInit                           0x08002714   Section        0  syscomment.o(i.SysEventInit)
    i.SysInit                                0x08002754   Section        0  syscomment.o(i.SysInit)
    i.SysTickTask                            0x08002af4   Section        0  main.o(i.SysTickTask)
    i.SysTick_CLKSourceConfig                0x08002cac   Section        0  misc.o(i.SysTick_CLKSourceConfig)
    i.SystemInit                             0x08002cd4   Section        0  system_stm32f10x.o(i.SystemInit)
    i.SystemInitTask                         0x08002d34   Section        0  syscomment.o(i.SystemInitTask)
    i.TIM2_IRQHandler                        0x08002fac   Section        0  timer.o(i.TIM2_IRQHandler)
    i.TIM3_IRQHandler                        0x08002fd0   Section        0  timer.o(i.TIM3_IRQHandler)
    i.TIM4_IRQHandler                        0x08002ff4   Section        0  step_driver.o(i.TIM4_IRQHandler)
    i.TIM4_NVIC_Configuration                0x08003184   Section        0  step_driver.o(i.TIM4_NVIC_Configuration)
    i.TIM_ARRPreloadConfig                   0x080031ae   Section        0  stm32f10x_tim.o(i.TIM_ARRPreloadConfig)
    i.TIM_ClearFlag                          0x080031c6   Section        0  stm32f10x_tim.o(i.TIM_ClearFlag)
    i.TIM_ClearITPendingBit                  0x080031cc   Section        0  stm32f10x_tim.o(i.TIM_ClearITPendingBit)
    i.TIM_Cmd                                0x080031d2   Section        0  stm32f10x_tim.o(i.TIM_Cmd)
    i.TIM_CtrlPWMOutputs                     0x080031ea   Section        0  stm32f10x_tim.o(i.TIM_CtrlPWMOutputs)
    i.TIM_GetITStatus                        0x08003208   Section        0  stm32f10x_tim.o(i.TIM_GetITStatus)
    i.TIM_ITConfig                           0x0800322a   Section        0  stm32f10x_tim.o(i.TIM_ITConfig)
    i.TIM_OC1Init                            0x0800323c   Section        0  stm32f10x_tim.o(i.TIM_OC1Init)
    i.TIM_OC1PreloadConfig                   0x080032d4   Section        0  stm32f10x_tim.o(i.TIM_OC1PreloadConfig)
    i.TIM_OC2Init                            0x080032e8   Section        0  stm32f10x_tim.o(i.TIM_OC2Init)
    i.TIM_OC2PreloadConfig                   0x0800338c   Section        0  stm32f10x_tim.o(i.TIM_OC2PreloadConfig)
    i.TIM_OC3Init                            0x080033a8   Section        0  stm32f10x_tim.o(i.TIM_OC3Init)
    i.TIM_OC3PreloadConfig                   0x08003448   Section        0  stm32f10x_tim.o(i.TIM_OC3PreloadConfig)
    i.TIM_OC4Init                            0x0800345c   Section        0  stm32f10x_tim.o(i.TIM_OC4Init)
    i.TIM_OC4PreloadConfig                   0x080034d8   Section        0  stm32f10x_tim.o(i.TIM_OC4PreloadConfig)
    i.TIM_SetAutoreload                      0x080034f2   Section        0  stm32f10x_tim.o(i.TIM_SetAutoreload)
    i.TIM_SetCompare1                        0x080034f6   Section        0  stm32f10x_tim.o(i.TIM_SetCompare1)
    i.TIM_SetCompare2                        0x080034fa   Section        0  stm32f10x_tim.o(i.TIM_SetCompare2)
    i.TIM_SetCompare3                        0x080034fe   Section        0  stm32f10x_tim.o(i.TIM_SetCompare3)
    i.TIM_SetCompare4                        0x08003502   Section        0  stm32f10x_tim.o(i.TIM_SetCompare4)
    i.TIM_SetCounter                         0x08003508   Section        0  stm32f10x_tim.o(i.TIM_SetCounter)
    i.TIM_TimeBaseInit                       0x0800350c   Section        0  stm32f10x_tim.o(i.TIM_TimeBaseInit)
    i.TabletToHostTask                       0x080035b0   Section        0  syscomment.o(i.TabletToHostTask)
    i.USART1_IRQHandler                      0x080035cc   Section        0  usart1.o(i.USART1_IRQHandler)
    i.USART2_IRQHandler                      0x08003630   Section        0  usart2.o(i.USART2_IRQHandler)
    i.USART3_IRQHandler                      0x080036a0   Section        0  usart3.o(i.USART3_IRQHandler)
    i.USART_Cmd                              0x08003710   Section        0  stm32f10x_usart.o(i.USART_Cmd)
    i.USART_DeInit                           0x08003728   Section        0  stm32f10x_usart.o(i.USART_DeInit)
    i.USART_GetFlagStatus                    0x080037c4   Section        0  stm32f10x_usart.o(i.USART_GetFlagStatus)
    i.USART_GetITStatus                      0x080037de   Section        0  stm32f10x_usart.o(i.USART_GetITStatus)
    i.USART_ITConfig                         0x08003832   Section        0  stm32f10x_usart.o(i.USART_ITConfig)
    i.USART_Init                             0x0800387c   Section        0  stm32f10x_usart.o(i.USART_Init)
    i.USART_ReceiveData                      0x08003954   Section        0  stm32f10x_usart.o(i.USART_ReceiveData)
    i.USART_SendData                         0x0800395e   Section        0  stm32f10x_usart.o(i.USART_SendData)
    i.UsageFault_Handler                     0x08003966   Section        0  stm32f10x_it.o(i.UsageFault_Handler)
    i.Usart1JudgeStr                         0x0800396c   Section        0  syscomment.o(i.Usart1JudgeStr)
    Usart1JudgeStr                           0x0800396d   Thumb Code   792  syscomment.o(i.Usart1JudgeStr)
    i.Usart1_SendByte                        0x08003ce0   Section        0  usart1.o(i.Usart1_SendByte)
    i.__0vsprintf                            0x08003d00   Section        0  printfa.o(i.__0vsprintf)
    i.__ARM_fpclassifyf                      0x08003d24   Section        0  fpclassifyf.o(i.__ARM_fpclassifyf)
    i.__mathlib_flt_infnan                   0x08003d4a   Section        0  funder.o(i.__mathlib_flt_infnan)
    i.__mathlib_flt_overflow                 0x08003d50   Section        0  funder.o(i.__mathlib_flt_overflow)
    i.__mathlib_flt_underflow                0x08003d5a   Section        0  funder.o(i.__mathlib_flt_underflow)
    i.__scatterload_copy                     0x08003d64   Section       14  handlers.o(i.__scatterload_copy)
    i.__scatterload_null                     0x08003d72   Section        2  handlers.o(i.__scatterload_null)
    i.__scatterload_zeroinit                 0x08003d74   Section       14  handlers.o(i.__scatterload_zeroinit)
    i.__set_errno                            0x08003d84   Section        0  errno.o(i.__set_errno)
    i._fp_digits                             0x08003d90   Section        0  printfa.o(i._fp_digits)
    _fp_digits                               0x08003d91   Thumb Code   334  printfa.o(i._fp_digits)
    i._printf_core                           0x08003ef4   Section        0  printfa.o(i._printf_core)
    _printf_core                             0x08003ef5   Thumb Code  1744  printfa.o(i._printf_core)
    i._printf_post_padding                   0x080045d0   Section        0  printfa.o(i._printf_post_padding)
    _printf_post_padding                     0x080045d1   Thumb Code    36  printfa.o(i._printf_post_padding)
    i._printf_pre_padding                    0x080045f4   Section        0  printfa.o(i._printf_pre_padding)
    _printf_pre_padding                      0x080045f5   Thumb Code    46  printfa.o(i._printf_pre_padding)
    i._sputc                                 0x08004622   Section        0  printfa.o(i._sputc)
    _sputc                                   0x08004623   Thumb Code    10  printfa.o(i._sputc)
    i.delay_init                             0x0800462c   Section        0  delay.o(i.delay_init)
    i.delay_ms                               0x08004670   Section        0  delay.o(i.delay_ms)
    i.expf                                   0x080046bc   Section        0  expf.o(i.expf)
    i.main                                   0x0800482c   Section        0  main.o(i.main)
    i.malloc                                 0x0800488c   Section        0  malloc.o(i.malloc)
    i.u3_printf                              0x080048f8   Section        0  usart3.o(i.u3_printf)
    i.usart1_init                            0x08004948   Section        0  usart1.o(i.usart1_init)
    i.usart3_init                            0x080049f8   Section        0  usart3.o(i.usart3_init)
    .constdata                               0x08004aa0   Section       48  expf.o(.constdata)
    twotokover4top                           0x08004aa0   Data          16  expf.o(.constdata)
    twotokover4bot                           0x08004ab0   Data          16  expf.o(.constdata)
    twotokover4all                           0x08004ac0   Data          16  expf.o(.constdata)
    .data                                    0x20000000   Section       12  main.o(.data)
    u16SecTick                               0x20000004   Data           2  main.o(.data)
    state                                    0x20000008   Data           4  main.o(.data)
    .data                                    0x2000000c   Section       20  system_stm32f10x.o(.data)
    .data                                    0x20000020   Section       20  stm32f10x_rcc.o(.data)
    APBAHBPrescTable                         0x20000020   Data          16  stm32f10x_rcc.o(.data)
    ADCPrescTable                            0x20000030   Data           4  stm32f10x_rcc.o(.data)
    .data                                    0x20000034   Section      125  syscomment.o(.data)
    mDelay                                   0x20000034   Data           2  syscomment.o(.data)
    g_u16StepCnt                             0x200000a4   Data           8  syscomment.o(.data)
    u8Status                                 0x200000af   Data           1  syscomment.o(.data)
    u8count                                  0x200000b0   Data           1  syscomment.o(.data)
    .data                                    0x200000b2   Section        2  usart1.o(.data)
    .data                                    0x200000b4   Section        2  usart2.o(.data)
    .data                                    0x200000b6   Section        2  usart3.o(.data)
    .data                                    0x200000b8   Section       28  step_driver.o(.data)
    g_stepRun                                0x200000b8   Data           4  step_driver.o(.data)
    g_status                                 0x200000bc   Data           1  step_driver.o(.data)
    g_Ch1Enable                              0x200000bd   Data           1  step_driver.o(.data)
    g_Ch2Enable                              0x200000be   Data           1  step_driver.o(.data)
    g_Ch3Enable                              0x200000bf   Data           1  step_driver.o(.data)
    g_Ch4Enable                              0x200000c0   Data           1  step_driver.o(.data)
    g_acce_num_config                        0x200000c4   Data           4  step_driver.o(.data)
    g_acce_num                               0x200000c8   Data           4  step_driver.o(.data)
    g_remote                                 0x200000cc   Data           1  step_driver.o(.data)
    EventState                               0x200000cd   Data           1  step_driver.o(.data)
    EventSubState                            0x200000ce   Data           1  step_driver.o(.data)
    s32StepNum                               0x200000d0   Data           4  step_driver.o(.data)
    .data                                    0x200000d4   Section        4  delay.o(.data)
    fac_us                                   0x200000d4   Data           1  delay.o(.data)
    fac_ms                                   0x200000d6   Data           2  delay.o(.data)
    .data                                    0x200000d8   Section        4  mvars.o(.data)
    .data                                    0x200000dc   Section        4  mvars.o(.data)
    .data                                    0x200000e0   Section        4  errno.o(.data)
    _errno                                   0x200000e0   Data           4  errno.o(.data)
    .bss                                     0x200000e4   Section      256  main.o(.bss)
    .bss                                     0x200001e4   Section      160  syscomment.o(.bss)
    .bss                                     0x20000284   Section      800  usart1.o(.bss)
    .bss                                     0x200005a4   Section      800  usart2.o(.bss)
    .bss                                     0x200008c4   Section      800  usart3.o(.bss)
    .bss                                     0x20000be4   Section     4800  step_driver.o(.bss)
    HEAP                                     0x20001ea8   Section      512  startup_stm32f10x_hd.o(HEAP)
    STACK                                    0x200020a8   Section     1024  startup_stm32f10x_hd.o(STACK)

    Global Symbols

    Symbol Name                              Value     Ov Type        Size  Object(Section)

    BuildAttributes$$THM_ISAv4$P$D$K$B$S$PE$A:L22UL41UL21$X:L11$S22US41US21$IEEE1$IW$USESV6$~STKCKD$USESV7$~SHL$OTIME$ROPI$IEEEX$EBA8$MICROLIB$REQ8$PRES8$EABIv2 0x00000000   Number         0  anon$$obj.o ABSOLUTE
    __ARM_use_no_argv                        0x00000000   Number         0  main.o ABSOLUTE
    __cpp_initialize__aeabi_                  - Undefined Weak Reference
    __cxa_finalize                            - Undefined Weak Reference
    __decompress                              - Undefined Weak Reference
    _clock_init                               - Undefined Weak Reference
    _microlib_exit                            - Undefined Weak Reference
    __Vectors_Size                           0x00000130   Number         0  startup_stm32f10x_hd.o ABSOLUTE
    __Vectors                                0x08000000   Data           4  startup_stm32f10x_hd.o(RESET)
    __Vectors_End                            0x08000130   Data           0  startup_stm32f10x_hd.o(RESET)
    __main                                   0x08000131   Thumb Code     0  entry.o(.ARM.Collect$$$$00000000)
    _main_stk                                0x08000131   Thumb Code     0  entry2.o(.ARM.Collect$$$$00000001)
    _main_scatterload                        0x08000135   Thumb Code     0  entry5.o(.ARM.Collect$$$$00000004)
    __main_after_scatterload                 0x08000139   Thumb Code     0  entry5.o(.ARM.Collect$$$$00000004)
    _main_clock                              0x08000139   Thumb Code     0  entry7b.o(.ARM.Collect$$$$00000008)
    _main_cpp_init                           0x08000139   Thumb Code     0  entry8b.o(.ARM.Collect$$$$0000000A)
    _main_init                               0x08000139   Thumb Code     0  entry9a.o(.ARM.Collect$$$$0000000B)
    __rt_final_cpp                           0x08000141   Thumb Code     0  entry10a.o(.ARM.Collect$$$$0000000D)
    __rt_final_exit                          0x08000141   Thumb Code     0  entry11a.o(.ARM.Collect$$$$0000000F)
    Reset_Handler                            0x08000145   Thumb Code     8  startup_stm32f10x_hd.o(.text)
    SysTick_Handler                          0x0800015d   Thumb Code     2  startup_stm32f10x_hd.o(.text)
    ADC1_2_IRQHandler                        0x0800015f   Thumb Code     0  startup_stm32f10x_hd.o(.text)
    ADC3_IRQHandler                          0x0800015f   Thumb Code     0  startup_stm32f10x_hd.o(.text)
    CAN1_RX1_IRQHandler                      0x0800015f   Thumb Code     0  startup_stm32f10x_hd.o(.text)
    CAN1_SCE_IRQHandler                      0x0800015f   Thumb Code     0  startup_stm32f10x_hd.o(.text)
    DMA1_Channel1_IRQHandler                 0x0800015f   Thumb Code     0  startup_stm32f10x_hd.o(.text)
    DMA1_Channel2_IRQHandler                 0x0800015f   Thumb Code     0  startup_stm32f10x_hd.o(.text)
    DMA1_Channel3_IRQHandler                 0x0800015f   Thumb Code     0  startup_stm32f10x_hd.o(.text)
    DMA1_Channel4_IRQHandler                 0x0800015f   Thumb Code     0  startup_stm32f10x_hd.o(.text)
    DMA1_Channel5_IRQHandler                 0x0800015f   Thumb Code     0  startup_stm32f10x_hd.o(.text)
    DMA1_Channel6_IRQHandler                 0x0800015f   Thumb Code     0  startup_stm32f10x_hd.o(.text)
    DMA1_Channel7_IRQHandler                 0x0800015f   Thumb Code     0  startup_stm32f10x_hd.o(.text)
    DMA2_Channel1_IRQHandler                 0x0800015f   Thumb Code     0  startup_stm32f10x_hd.o(.text)
    DMA2_Channel2_IRQHandler                 0x0800015f   Thumb Code     0  startup_stm32f10x_hd.o(.text)
    DMA2_Channel3_IRQHandler                 0x0800015f   Thumb Code     0  startup_stm32f10x_hd.o(.text)
    DMA2_Channel4_5_IRQHandler               0x0800015f   Thumb Code     0  startup_stm32f10x_hd.o(.text)
    EXTI0_IRQHandler                         0x0800015f   Thumb Code     0  startup_stm32f10x_hd.o(.text)
    EXTI15_10_IRQHandler                     0x0800015f   Thumb Code     0  startup_stm32f10x_hd.o(.text)
    EXTI1_IRQHandler                         0x0800015f   Thumb Code     0  startup_stm32f10x_hd.o(.text)
    EXTI2_IRQHandler                         0x0800015f   Thumb Code     0  startup_stm32f10x_hd.o(.text)
    EXTI3_IRQHandler                         0x0800015f   Thumb Code     0  startup_stm32f10x_hd.o(.text)
    EXTI4_IRQHandler                         0x0800015f   Thumb Code     0  startup_stm32f10x_hd.o(.text)
    EXTI9_5_IRQHandler                       0x0800015f   Thumb Code     0  startup_stm32f10x_hd.o(.text)
    FLASH_IRQHandler                         0x0800015f   Thumb Code     0  startup_stm32f10x_hd.o(.text)
    FSMC_IRQHandler                          0x0800015f   Thumb Code     0  startup_stm32f10x_hd.o(.text)
    I2C1_ER_IRQHandler                       0x0800015f   Thumb Code     0  startup_stm32f10x_hd.o(.text)
    I2C1_EV_IRQHandler                       0x0800015f   Thumb Code     0  startup_stm32f10x_hd.o(.text)
    I2C2_ER_IRQHandler                       0x0800015f   Thumb Code     0  startup_stm32f10x_hd.o(.text)
    I2C2_EV_IRQHandler                       0x0800015f   Thumb Code     0  startup_stm32f10x_hd.o(.text)
    PVD_IRQHandler                           0x0800015f   Thumb Code     0  startup_stm32f10x_hd.o(.text)
    RCC_IRQHandler                           0x0800015f   Thumb Code     0  startup_stm32f10x_hd.o(.text)
    RTCAlarm_IRQHandler                      0x0800015f   Thumb Code     0  startup_stm32f10x_hd.o(.text)
    RTC_IRQHandler                           0x0800015f   Thumb Code     0  startup_stm32f10x_hd.o(.text)
    SDIO_IRQHandler                          0x0800015f   Thumb Code     0  startup_stm32f10x_hd.o(.text)
    SPI1_IRQHandler                          0x0800015f   Thumb Code     0  startup_stm32f10x_hd.o(.text)
    SPI2_IRQHandler                          0x0800015f   Thumb Code     0  startup_stm32f10x_hd.o(.text)
    SPI3_IRQHandler                          0x0800015f   Thumb Code     0  startup_stm32f10x_hd.o(.text)
    TAMPER_IRQHandler                        0x0800015f   Thumb Code     0  startup_stm32f10x_hd.o(.text)
    TIM1_BRK_IRQHandler                      0x0800015f   Thumb Code     0  startup_stm32f10x_hd.o(.text)
    TIM1_CC_IRQHandler                       0x0800015f   Thumb Code     0  startup_stm32f10x_hd.o(.text)
    TIM1_TRG_COM_IRQHandler                  0x0800015f   Thumb Code     0  startup_stm32f10x_hd.o(.text)
    TIM1_UP_IRQHandler                       0x0800015f   Thumb Code     0  startup_stm32f10x_hd.o(.text)
    TIM5_IRQHandler                          0x0800015f   Thumb Code     0  startup_stm32f10x_hd.o(.text)
    TIM6_IRQHandler                          0x0800015f   Thumb Code     0  startup_stm32f10x_hd.o(.text)
    TIM7_IRQHandler                          0x0800015f   Thumb Code     0  startup_stm32f10x_hd.o(.text)
    TIM8_BRK_IRQHandler                      0x0800015f   Thumb Code     0  startup_stm32f10x_hd.o(.text)
    TIM8_CC_IRQHandler                       0x0800015f   Thumb Code     0  startup_stm32f10x_hd.o(.text)
    TIM8_TRG_COM_IRQHandler                  0x0800015f   Thumb Code     0  startup_stm32f10x_hd.o(.text)
    TIM8_UP_IRQHandler                       0x0800015f   Thumb Code     0  startup_stm32f10x_hd.o(.text)
    UART4_IRQHandler                         0x0800015f   Thumb Code     0  startup_stm32f10x_hd.o(.text)
    UART5_IRQHandler                         0x0800015f   Thumb Code     0  startup_stm32f10x_hd.o(.text)
    USBWakeUp_IRQHandler                     0x0800015f   Thumb Code     0  startup_stm32f10x_hd.o(.text)
    USB_HP_CAN1_TX_IRQHandler                0x0800015f   Thumb Code     0  startup_stm32f10x_hd.o(.text)
    USB_LP_CAN1_RX0_IRQHandler               0x0800015f   Thumb Code     0  startup_stm32f10x_hd.o(.text)
    WWDG_IRQHandler                          0x0800015f   Thumb Code     0  startup_stm32f10x_hd.o(.text)
    __aeabi_memset                           0x08000169   Thumb Code    14  memseta.o(.text)
    __aeabi_memset4                          0x08000169   Thumb Code     0  memseta.o(.text)
    __aeabi_memset8                          0x08000169   Thumb Code     0  memseta.o(.text)
    __aeabi_memclr                           0x08000177   Thumb Code     4  memseta.o(.text)
    __aeabi_memclr4                          0x08000177   Thumb Code     0  memseta.o(.text)
    __aeabi_memclr8                          0x08000177   Thumb Code     0  memseta.o(.text)
    _memset$wrapper                          0x0800017b   Thumb Code    18  memseta.o(.text)
    strstr                                   0x0800018d   Thumb Code    36  strstr.o(.text)
    strlen                                   0x080001b1   Thumb Code    14  strlen.o(.text)
    __aeabi_fadd                             0x080001bf   Thumb Code   164  fadd.o(.text)
    __aeabi_fsub                             0x08000263   Thumb Code     6  fadd.o(.text)
    __aeabi_frsub                            0x08000269   Thumb Code     6  fadd.o(.text)
    __aeabi_fmul                             0x0800026f   Thumb Code   100  fmul.o(.text)
    __aeabi_fdiv                             0x080002d3   Thumb Code   124  fdiv.o(.text)
    __aeabi_i2f                              0x0800034f   Thumb Code    18  fflti.o(.text)
    __aeabi_f2uiz                            0x08000361   Thumb Code    40  ffixui.o(.text)
    __aeabi_cfcmpeq                          0x08000389   Thumb Code     0  cfcmple.o(.text)
    __aeabi_cfcmple                          0x08000389   Thumb Code    20  cfcmple.o(.text)
    __aeabi_uidiv                            0x0800039d   Thumb Code     0  uidiv.o(.text)
    __aeabi_uidivmod                         0x0800039d   Thumb Code    44  uidiv.o(.text)
    __aeabi_uldivmod                         0x080003c9   Thumb Code    98  uldiv.o(.text)
    __I$use$fp                               0x0800042b   Thumb Code     0  iusefp.o(.text)
    _float_round                             0x0800042b   Thumb Code    18  fepilogue.o(.text)
    _float_epilogue                          0x0800043d   Thumb Code    92  fepilogue.o(.text)
    __ARM_scalbnf                            0x08000499   Thumb Code    24  fscalb.o(.text)
    scalbnf                                  0x08000499   Thumb Code     0  fscalb.o(.text)
    _frnd                                    0x080004b1   Thumb Code    60  frnd.o(.text)
    __aeabi_dadd                             0x080004ed   Thumb Code   322  dadd.o(.text)
    __aeabi_dsub                             0x0800062f   Thumb Code     6  dadd.o(.text)
    __aeabi_drsub                            0x08000635   Thumb Code     6  dadd.o(.text)
    __aeabi_dmul                             0x0800063b   Thumb Code   228  dmul.o(.text)
    __aeabi_ddiv                             0x0800071f   Thumb Code   222  ddiv.o(.text)
    __aeabi_f2iz                             0x080007fd   Thumb Code    50  ffixi.o(.text)
    __aeabi_d2ulz                            0x0800082f   Thumb Code    48  dfixul.o(.text)
    __aeabi_cdrcmple                         0x08000861   Thumb Code    48  cdrcmple.o(.text)
    __scatterload                            0x08000891   Thumb Code    28  init.o(.text)
    __scatterload_rt2                        0x08000891   Thumb Code     0  init.o(.text)
    __aeabi_llsl                             0x080008b5   Thumb Code    30  llshl.o(.text)
    _ll_shift_l                              0x080008b5   Thumb Code     0  llshl.o(.text)
    __aeabi_llsr                             0x080008d3   Thumb Code    32  llushr.o(.text)
    _ll_ushift_r                             0x080008d3   Thumb Code     0  llushr.o(.text)
    __aeabi_lasr                             0x080008f3   Thumb Code    36  llsshr.o(.text)
    _ll_sshift_r                             0x080008f3   Thumb Code     0  llsshr.o(.text)
    _double_round                            0x08000917   Thumb Code    30  depilogue.o(.text)
    _double_epilogue                         0x08000935   Thumb Code   156  depilogue.o(.text)
    BusFault_Handler                         0x080009d1   Thumb Code     4  stm32f10x_it.o(i.BusFault_Handler)
    CenterMotoInit                           0x08000a91   Thumb Code   290  step_driver.o(i.CenterMotoInit)
    CenterMotoRun                            0x08000bc1   Thumb Code    50  step_driver.o(i.CenterMotoRun)
    CenterMoto_Event                         0x08000c11   Thumb Code   436  step_driver.o(i.CenterMoto_Event)
    CheckSum                                 0x08000ded   Thumb Code    34  syscomment.o(i.CheckSum)
    DebugMon_Handler                         0x08000e0f   Thumb Code     2  stm32f10x_it.o(i.DebugMon_Handler)
    Debug_GPIOInit                           0x08000e11   Thumb Code    40  main.o(i.Debug_GPIOInit)
    Door_L_MotoStart                         0x08000e3d   Thumb Code    14  step_driver.o(i.Door_L_MotoStart)
    Door_L_MotoStop                          0x08000e4b   Thumb Code     8  step_driver.o(i.Door_L_MotoStop)
    Door_R_MotoStart                         0x08000e53   Thumb Code    14  step_driver.o(i.Door_R_MotoStart)
    Door_R_MotoStop                          0x08000e61   Thumb Code     8  step_driver.o(i.Door_R_MotoStop)
    FLASH_ErasePage                          0x08000e69   Thumb Code    72  stm32f10x_flash.o(i.FLASH_ErasePage)
    FLASH_GetBank1Status                     0x08000eb5   Thumb Code    48  stm32f10x_flash.o(i.FLASH_GetBank1Status)
    FLASH_Lock                               0x08000ee9   Thumb Code    14  stm32f10x_flash.o(i.FLASH_Lock)
    FLASH_ProgramHalfWord                    0x08000efd   Thumb Code    60  stm32f10x_flash.o(i.FLASH_ProgramHalfWord)
    FLASH_ReadHalfWord                       0x08000f3d   Thumb Code     6  san_flash.o(i.FLASH_ReadHalfWord)
    FLASH_ReadMoreData                       0x08000f43   Thumb Code    34  san_flash.o(i.FLASH_ReadMoreData)
    FLASH_Unlock                             0x08000f65   Thumb Code    12  stm32f10x_flash.o(i.FLASH_Unlock)
    FLASH_WaitForLastOperation               0x08000f7d   Thumb Code    38  stm32f10x_flash.o(i.FLASH_WaitForLastOperation)
    FLASH_WriteMoreData                      0x08000fa5   Thumb Code   120  san_flash.o(i.FLASH_WriteMoreData)
    GENERAL_TIMx_Configuration               0x08001021   Thumb Code    72  timer.o(i.GENERAL_TIMx_Configuration)
    GENERAL_TIMx_NVIC_Configuration          0x08001069   Thumb Code    34  timer.o(i.GENERAL_TIMx_NVIC_Configuration)
    GPIO_Init                                0x0800108b   Thumb Code   278  stm32f10x_gpio.o(i.GPIO_Init)
    GPIO_PinRemapConfig                      0x080011a1   Thumb Code   138  stm32f10x_gpio.o(i.GPIO_PinRemapConfig)
    GPIO_ReadInputDataBit                    0x08001231   Thumb Code    18  stm32f10x_gpio.o(i.GPIO_ReadInputDataBit)
    GPIO_ResetBits                           0x08001243   Thumb Code     4  stm32f10x_gpio.o(i.GPIO_ResetBits)
    GPIO_SetBits                             0x08001247   Thumb Code     4  stm32f10x_gpio.o(i.GPIO_SetBits)
    HardFault_Handler                        0x0800124b   Thumb Code     4  stm32f10x_it.o(i.HardFault_Handler)
    IWDG_Feed                                0x0800124f   Thumb Code     8  wdg.o(i.IWDG_Feed)
    IWDG_ReloadCounter                       0x08001259   Thumb Code    10  stm32f10x_iwdg.o(i.IWDG_ReloadCounter)
    LedTask                                  0x08001269   Thumb Code    62  syscomment.o(i.LedTask)
    LockGPIOInit                             0x080012b1   Thumb Code    70  main.o(i.LockGPIOInit)
    Lock_01_Task                             0x080012fd   Thumb Code   222  syscomment.o(i.Lock_01_Task)
    Lock_02_Task                             0x08001429   Thumb Code   220  syscomment.o(i.Lock_02_Task)
    Lock_03_Task                             0x08001551   Thumb Code   220  syscomment.o(i.Lock_03_Task)
    Lock_04_Task                             0x08001679   Thumb Code   218  syscomment.o(i.Lock_04_Task)
    MainTask                                 0x080017a1   Thumb Code    12  syscomment.o(i.MainTask)
    MemManage_Handler                        0x080017ad   Thumb Code     4  stm32f10x_it.o(i.MemManage_Handler)
    Moto_01_Task                             0x080017b1   Thumb Code   430  syscomment.o(i.Moto_01_Task)
    Moto_02_Task                             0x08001a25   Thumb Code   422  syscomment.o(i.Moto_02_Task)
    Moto_03_Task                             0x08001c91   Thumb Code   602  syscomment.o(i.Moto_03_Task)
    Moto_04_Task                             0x0800202d   Thumb Code   228  syscomment.o(i.Moto_04_Task)
    Moto_DirGPIOInit                         0x08002169   Thumb Code     2  main.o(i.Moto_DirGPIOInit)
    Moto_ZeroGPIOInit                        0x0800216d   Thumb Code    40  main.o(i.Moto_ZeroGPIOInit)
    NMI_Handler                              0x08002199   Thumb Code     2  stm32f10x_it.o(i.NMI_Handler)
    NVIC_Configuration                       0x0800219b   Thumb Code    12  sys.o(i.NVIC_Configuration)
    NVIC_Init                                0x080021a9   Thumb Code   100  misc.o(i.NVIC_Init)
    NVIC_PriorityGroupConfig                 0x08002219   Thumb Code    10  misc.o(i.NVIC_PriorityGroupConfig)
    PendSV_Handler                           0x0800222d   Thumb Code     2  stm32f10x_it.o(i.PendSV_Handler)
    RCC_APB1PeriphClockCmd                   0x08002231   Thumb Code    26  stm32f10x_rcc.o(i.RCC_APB1PeriphClockCmd)
    RCC_APB1PeriphResetCmd                   0x08002251   Thumb Code    26  stm32f10x_rcc.o(i.RCC_APB1PeriphResetCmd)
    RCC_APB2PeriphClockCmd                   0x08002271   Thumb Code    26  stm32f10x_rcc.o(i.RCC_APB2PeriphClockCmd)
    RCC_APB2PeriphResetCmd                   0x08002291   Thumb Code    26  stm32f10x_rcc.o(i.RCC_APB2PeriphResetCmd)
    RCC_GetClocksFreq                        0x080022b1   Thumb Code   192  stm32f10x_rcc.o(i.RCC_GetClocksFreq)
    Rise_MotoStart                           0x08002385   Thumb Code    14  step_driver.o(i.Rise_MotoStart)
    Rise_MotoStop                            0x08002393   Thumb Code     8  step_driver.o(i.Rise_MotoStop)
    SVC_Handler                              0x0800239b   Thumb Code     2  stm32f10x_it.o(i.SVC_Handler)
    SendTabletTask                           0x0800239d   Thumb Code   104  syscomment.o(i.SendTabletTask)
    SendToTablet                             0x0800240d   Thumb Code   130  syscomment.o(i.SendToTablet)
    SendToTablet_Zero                        0x0800249d   Thumb Code   100  syscomment.o(i.SendToTablet_Zero)
    SensorGPIOInit                           0x08002501   Thumb Code    48  main.o(i.SensorGPIOInit)
    SysEventInit                             0x08002715   Thumb Code    56  syscomment.o(i.SysEventInit)
    SysInit                                  0x08002755   Thumb Code   912  syscomment.o(i.SysInit)
    SysTickTask                              0x08002af5   Thumb Code   416  main.o(i.SysTickTask)
    SysTick_CLKSourceConfig                  0x08002cad   Thumb Code    40  misc.o(i.SysTick_CLKSourceConfig)
    SystemInit                               0x08002cd5   Thumb Code    78  system_stm32f10x.o(i.SystemInit)
    SystemInitTask                           0x08002d35   Thumb Code   566  syscomment.o(i.SystemInitTask)
    TIM2_IRQHandler                          0x08002fad   Thumb Code    32  timer.o(i.TIM2_IRQHandler)
    TIM3_IRQHandler                          0x08002fd1   Thumb Code    30  timer.o(i.TIM3_IRQHandler)
    TIM4_IRQHandler                          0x08002ff5   Thumb Code   360  step_driver.o(i.TIM4_IRQHandler)
    TIM4_NVIC_Configuration                  0x08003185   Thumb Code    42  step_driver.o(i.TIM4_NVIC_Configuration)
    TIM_ARRPreloadConfig                     0x080031af   Thumb Code    24  stm32f10x_tim.o(i.TIM_ARRPreloadConfig)
    TIM_ClearFlag                            0x080031c7   Thumb Code     6  stm32f10x_tim.o(i.TIM_ClearFlag)
    TIM_ClearITPendingBit                    0x080031cd   Thumb Code     6  stm32f10x_tim.o(i.TIM_ClearITPendingBit)
    TIM_Cmd                                  0x080031d3   Thumb Code    24  stm32f10x_tim.o(i.TIM_Cmd)
    TIM_CtrlPWMOutputs                       0x080031eb   Thumb Code    30  stm32f10x_tim.o(i.TIM_CtrlPWMOutputs)
    TIM_GetITStatus                          0x08003209   Thumb Code    34  stm32f10x_tim.o(i.TIM_GetITStatus)
    TIM_ITConfig                             0x0800322b   Thumb Code    18  stm32f10x_tim.o(i.TIM_ITConfig)
    TIM_OC1Init                              0x0800323d   Thumb Code   132  stm32f10x_tim.o(i.TIM_OC1Init)
    TIM_OC1PreloadConfig                     0x080032d5   Thumb Code    18  stm32f10x_tim.o(i.TIM_OC1PreloadConfig)
    TIM_OC2Init                              0x080032e9   Thumb Code   154  stm32f10x_tim.o(i.TIM_OC2Init)
    TIM_OC2PreloadConfig                     0x0800338d   Thumb Code    26  stm32f10x_tim.o(i.TIM_OC2PreloadConfig)
    TIM_OC3Init                              0x080033a9   Thumb Code   150  stm32f10x_tim.o(i.TIM_OC3Init)
    TIM_OC3PreloadConfig                     0x08003449   Thumb Code    18  stm32f10x_tim.o(i.TIM_OC3PreloadConfig)
    TIM_OC4Init                              0x0800345d   Thumb Code   114  stm32f10x_tim.o(i.TIM_OC4Init)
    TIM_OC4PreloadConfig                     0x080034d9   Thumb Code    26  stm32f10x_tim.o(i.TIM_OC4PreloadConfig)
    TIM_SetAutoreload                        0x080034f3   Thumb Code     4  stm32f10x_tim.o(i.TIM_SetAutoreload)
    TIM_SetCompare1                          0x080034f7   Thumb Code     4  stm32f10x_tim.o(i.TIM_SetCompare1)
    TIM_SetCompare2                          0x080034fb   Thumb Code     4  stm32f10x_tim.o(i.TIM_SetCompare2)
    TIM_SetCompare3                          0x080034ff   Thumb Code     4  stm32f10x_tim.o(i.TIM_SetCompare3)
    TIM_SetCompare4                          0x08003503   Thumb Code     6  stm32f10x_tim.o(i.TIM_SetCompare4)
    TIM_SetCounter                           0x08003509   Thumb Code     4  stm32f10x_tim.o(i.TIM_SetCounter)
    TIM_TimeBaseInit                         0x0800350d   Thumb Code   122  stm32f10x_tim.o(i.TIM_TimeBaseInit)
    TabletToHostTask                         0x080035b1   Thumb Code    24  syscomment.o(i.TabletToHostTask)
    USART1_IRQHandler                        0x080035cd   Thumb Code    84  usart1.o(i.USART1_IRQHandler)
    USART2_IRQHandler                        0x08003631   Thumb Code    94  usart2.o(i.USART2_IRQHandler)
    USART3_IRQHandler                        0x080036a1   Thumb Code    94  usart3.o(i.USART3_IRQHandler)
    USART_Cmd                                0x08003711   Thumb Code    24  stm32f10x_usart.o(i.USART_Cmd)
    USART_DeInit                             0x08003729   Thumb Code   134  stm32f10x_usart.o(i.USART_DeInit)
    USART_GetFlagStatus                      0x080037c5   Thumb Code    26  stm32f10x_usart.o(i.USART_GetFlagStatus)
    USART_GetITStatus                        0x080037df   Thumb Code    84  stm32f10x_usart.o(i.USART_GetITStatus)
    USART_ITConfig                           0x08003833   Thumb Code    74  stm32f10x_usart.o(i.USART_ITConfig)
    USART_Init                               0x0800387d   Thumb Code   210  stm32f10x_usart.o(i.USART_Init)
    USART_ReceiveData                        0x08003955   Thumb Code    10  stm32f10x_usart.o(i.USART_ReceiveData)
    USART_SendData                           0x0800395f   Thumb Code     8  stm32f10x_usart.o(i.USART_SendData)
    UsageFault_Handler                       0x08003967   Thumb Code     4  stm32f10x_it.o(i.UsageFault_Handler)
    Usart1_SendByte                          0x08003ce1   Thumb Code    28  usart1.o(i.Usart1_SendByte)
    __0vsprintf                              0x08003d01   Thumb Code    30  printfa.o(i.__0vsprintf)
    __1vsprintf                              0x08003d01   Thumb Code     0  printfa.o(i.__0vsprintf)
    __2vsprintf                              0x08003d01   Thumb Code     0  printfa.o(i.__0vsprintf)
    __c89vsprintf                            0x08003d01   Thumb Code     0  printfa.o(i.__0vsprintf)
    vsprintf                                 0x08003d01   Thumb Code     0  printfa.o(i.__0vsprintf)
    __ARM_fpclassifyf                        0x08003d25   Thumb Code    38  fpclassifyf.o(i.__ARM_fpclassifyf)
    __mathlib_flt_infnan                     0x08003d4b   Thumb Code     6  funder.o(i.__mathlib_flt_infnan)
    __mathlib_flt_overflow                   0x08003d51   Thumb Code    10  funder.o(i.__mathlib_flt_overflow)
    __mathlib_flt_underflow                  0x08003d5b   Thumb Code    10  funder.o(i.__mathlib_flt_underflow)
    __scatterload_copy                       0x08003d65   Thumb Code    14  handlers.o(i.__scatterload_copy)
    __scatterload_null                       0x08003d73   Thumb Code     2  handlers.o(i.__scatterload_null)
    __scatterload_zeroinit                   0x08003d75   Thumb Code    14  handlers.o(i.__scatterload_zeroinit)
    __set_errno                              0x08003d85   Thumb Code     6  errno.o(i.__set_errno)
    delay_init                               0x0800462d   Thumb Code    50  delay.o(i.delay_init)
    delay_ms                                 0x08004671   Thumb Code    72  delay.o(i.delay_ms)
    __mathlib_expf                           0x080046bd   Thumb Code     0  expf.o(i.expf)
    expf                                     0x080046bd   Thumb Code   322  expf.o(i.expf)
    main                                     0x0800482d   Thumb Code    92  main.o(i.main)
    malloc                                   0x0800488d   Thumb Code    92  malloc.o(i.malloc)
    u3_printf                                0x080048f9   Thumb Code    72  usart3.o(i.u3_printf)
    usart1_init                              0x08004949   Thumb Code   166  usart1.o(i.usart1_init)
    usart3_init                              0x080049f9   Thumb Code   158  usart3.o(i.usart3_init)
    Region$$Table$$Base                      0x08004ad0   Number         0  anon$$obj.o(Region$$Table)
    Region$$Table$$Limit                     0x08004af0   Number         0  anon$$obj.o(Region$$Table)
    u32SysSoftDog                            0x20000000   Data           4  main.o(.data)
    SystemCoreClock                          0x2000000c   Data           4  system_stm32f10x.o(.data)
    AHBPrescTable                            0x20000010   Data          16  system_stm32f10x.o(.data)
    g_au32DataSaveAddr                       0x20000038   Data          24  syscomment.o(.data)
    g_au16MoteTime                           0x20000050   Data          84  syscomment.o(.data)
    g_GlassSendAddr                          0x200000ac   Data           1  syscomment.o(.data)
    g_FingerAck                              0x200000ad   Data           1  syscomment.o(.data)
    g_AckType                                0x200000ae   Data           1  syscomment.o(.data)
    USART1_RX_STA                            0x200000b2   Data           2  usart1.o(.data)
    USART2_RX_STA                            0x200000b4   Data           2  usart2.o(.data)
    USART3_RX_STA                            0x200000b6   Data           2  usart3.o(.data)
    __microlib_freelist                      0x200000d8   Data           4  mvars.o(.data)
    __microlib_freelist_initialised          0x200000dc   Data           4  mvars.o(.data)
    SysTask                                  0x200000e4   Data         256  main.o(.bss)
    priBuf                                   0x200001e4   Data         120  syscomment.o(.bss)
    g_StepMotoEvent                          0x2000025c   Data          40  syscomment.o(.bss)
    USART1_RX_BUF                            0x20000284   Data         400  usart1.o(.bss)
    USART1_TX_BUF                            0x20000414   Data         400  usart1.o(.bss)
    USART2_RX_BUF                            0x200005a4   Data         400  usart2.o(.bss)
    USART2_TX_BUF                            0x20000734   Data         400  usart2.o(.bss)
    USART3_RX_BUF                            0x200008c4   Data         400  usart3.o(.bss)
    USART3_TX_BUF                            0x20000a54   Data         400  usart3.o(.bss)
    g_fre                                    0x20000be4   Data        3200  step_driver.o(.bss)
    g_period                                 0x20001864   Data        1600  step_driver.o(.bss)
    __heap_base                              0x20001ea8   Data           0  startup_stm32f10x_hd.o(HEAP)
    __heap_limit                             0x200020a8   Data           0  startup_stm32f10x_hd.o(HEAP)
    __initial_sp                             0x200024a8   Data           0  startup_stm32f10x_hd.o(STACK)



==============================================================================

Memory Map of the image

  Image Entry point : 0x08000131

  Load Region LR_IROM1 (Base: 0x08000000, Size: 0x00004bd4, Max: 0x00080000, ABSOLUTE)

    Execution Region ER_IROM1 (Base: 0x08000000, Size: 0x00004af0, Max: 0x00080000, ABSOLUTE)

    Base Addr    Size         Type   Attr      Idx    E Section Name        Object

    0x08000000   0x00000130   Data   RO            3    RESET               startup_stm32f10x_hd.o
    0x08000130   0x00000000   Code   RO         4059  * .ARM.Collect$$$$00000000  mc_w.l(entry.o)
    0x08000130   0x00000004   Code   RO         4152    .ARM.Collect$$$$00000001  mc_w.l(entry2.o)
    0x08000134   0x00000004   Code   RO         4155    .ARM.Collect$$$$00000004  mc_w.l(entry5.o)
    0x08000138   0x00000000   Code   RO         4157    .ARM.Collect$$$$00000008  mc_w.l(entry7b.o)
    0x08000138   0x00000000   Code   RO         4159    .ARM.Collect$$$$0000000A  mc_w.l(entry8b.o)
    0x08000138   0x00000008   Code   RO         4160    .ARM.Collect$$$$0000000B  mc_w.l(entry9a.o)
    0x08000140   0x00000000   Code   RO         4162    .ARM.Collect$$$$0000000D  mc_w.l(entry10a.o)
    0x08000140   0x00000000   Code   RO         4164    .ARM.Collect$$$$0000000F  mc_w.l(entry11a.o)
    0x08000140   0x00000004   Code   RO         4153    .ARM.Collect$$$$00002712  mc_w.l(entry2.o)
    0x08000144   0x00000024   Code   RO            4    .text               startup_stm32f10x_hd.o
    0x08000168   0x00000024   Code   RO         4062    .text               mc_w.l(memseta.o)
    0x0800018c   0x00000024   Code   RO         4064    .text               mc_w.l(strstr.o)
    0x080001b0   0x0000000e   Code   RO         4066    .text               mc_w.l(strlen.o)
    0x080001be   0x000000b0   Code   RO         4124    .text               mf_w.l(fadd.o)
    0x0800026e   0x00000064   Code   RO         4126    .text               mf_w.l(fmul.o)
    0x080002d2   0x0000007c   Code   RO         4128    .text               mf_w.l(fdiv.o)
    0x0800034e   0x00000012   Code   RO         4130    .text               mf_w.l(fflti.o)
    0x08000360   0x00000028   Code   RO         4132    .text               mf_w.l(ffixui.o)
    0x08000388   0x00000014   Code   RO         4134    .text               mf_w.l(cfcmple.o)
    0x0800039c   0x0000002c   Code   RO         4169    .text               mc_w.l(uidiv.o)
    0x080003c8   0x00000062   Code   RO         4171    .text               mc_w.l(uldiv.o)
    0x0800042a   0x00000000   Code   RO         4186    .text               mc_w.l(iusefp.o)
    0x0800042a   0x0000006e   Code   RO         4187    .text               mf_w.l(fepilogue.o)
    0x08000498   0x00000018   Code   RO         4189    .text               mf_w.l(fscalb.o)
    0x080004b0   0x0000003c   Code   RO         4191    .text               mf_w.l(frnd.o)
    0x080004ec   0x0000014e   Code   RO         4193    .text               mf_w.l(dadd.o)
    0x0800063a   0x000000e4   Code   RO         4195    .text               mf_w.l(dmul.o)
    0x0800071e   0x000000de   Code   RO         4197    .text               mf_w.l(ddiv.o)
    0x080007fc   0x00000032   Code   RO         4199    .text               mf_w.l(ffixi.o)
    0x0800082e   0x00000030   Code   RO         4201    .text               mf_w.l(dfixul.o)
    0x0800085e   0x00000002   PAD
    0x08000860   0x00000030   Code   RO         4203    .text               mf_w.l(cdrcmple.o)
    0x08000890   0x00000024   Code   RO         4207    .text               mc_w.l(init.o)
    0x080008b4   0x0000001e   Code   RO         4210    .text               mc_w.l(llshl.o)
    0x080008d2   0x00000020   Code   RO         4212    .text               mc_w.l(llushr.o)
    0x080008f2   0x00000024   Code   RO         4214    .text               mc_w.l(llsshr.o)
    0x08000916   0x000000ba   Code   RO         4217    .text               mf_w.l(depilogue.o)
    0x080009d0   0x00000004   Code   RO          189    i.BusFault_Handler  stm32f10x_it.o
    0x080009d4   0x000000bc   Code   RO         3862    i.CalculateSModelLine  step_driver.o
    0x08000a90   0x00000130   Code   RO         3863    i.CenterMotoInit    step_driver.o
    0x08000bc0   0x00000050   Code   RO         3864    i.CenterMotoRun     step_driver.o
    0x08000c10   0x000001dc   Code   RO         3866    i.CenterMoto_Event  step_driver.o
    0x08000dec   0x00000022   Code   RO         3278    i.CheckSum          syscomment.o
    0x08000e0e   0x00000002   Code   RO          190    i.DebugMon_Handler  stm32f10x_it.o
    0x08000e10   0x0000002c   Code   RO           10    i.Debug_GPIOInit    main.o
    0x08000e3c   0x0000000e   Code   RO         3867    i.Door_L_MotoStart  step_driver.o
    0x08000e4a   0x00000008   Code   RO         3868    i.Door_L_MotoStop   step_driver.o
    0x08000e52   0x0000000e   Code   RO         3869    i.Door_R_MotoStart  step_driver.o
    0x08000e60   0x00000008   Code   RO         3870    i.Door_R_MotoStop   step_driver.o
    0x08000e68   0x0000004c   Code   RO         1146    i.FLASH_ErasePage   stm32f10x_flash.o
    0x08000eb4   0x00000034   Code   RO         1147    i.FLASH_GetBank1Status  stm32f10x_flash.o
    0x08000ee8   0x00000014   Code   RO         1156    i.FLASH_Lock        stm32f10x_flash.o
    0x08000efc   0x00000040   Code   RO         1159    i.FLASH_ProgramHalfWord  stm32f10x_flash.o
    0x08000f3c   0x00000006   Code   RO         3493    i.FLASH_ReadHalfWord  san_flash.o
    0x08000f42   0x00000022   Code   RO         3494    i.FLASH_ReadMoreData  san_flash.o
    0x08000f64   0x00000018   Code   RO         1164    i.FLASH_Unlock      stm32f10x_flash.o
    0x08000f7c   0x00000026   Code   RO         1168    i.FLASH_WaitForLastOperation  stm32f10x_flash.o
    0x08000fa2   0x00000002   PAD
    0x08000fa4   0x0000007c   Code   RO         3496    i.FLASH_WriteMoreData  san_flash.o
    0x08001020   0x00000048   Code   RO         3707    i.GENERAL_TIMx_Configuration  timer.o
    0x08001068   0x00000022   Code   RO         3708    i.GENERAL_TIMx_NVIC_Configuration  timer.o
    0x0800108a   0x00000116   Code   RO         1441    i.GPIO_Init         stm32f10x_gpio.o
    0x080011a0   0x00000090   Code   RO         1443    i.GPIO_PinRemapConfig  stm32f10x_gpio.o
    0x08001230   0x00000012   Code   RO         1445    i.GPIO_ReadInputDataBit  stm32f10x_gpio.o
    0x08001242   0x00000004   Code   RO         1448    i.GPIO_ResetBits    stm32f10x_gpio.o
    0x08001246   0x00000004   Code   RO         1449    i.GPIO_SetBits      stm32f10x_gpio.o
    0x0800124a   0x00000004   Code   RO          191    i.HardFault_Handler  stm32f10x_it.o
    0x0800124e   0x00000008   Code   RO         3993    i.IWDG_Feed         wdg.o
    0x08001256   0x00000002   PAD
    0x08001258   0x00000010   Code   RO         1755    i.IWDG_ReloadCounter  stm32f10x_iwdg.o
    0x08001268   0x00000048   Code   RO         3283    i.LedTask           syscomment.o
    0x080012b0   0x0000004c   Code   RO           11    i.LockGPIOInit      main.o
    0x080012fc   0x0000012c   Code   RO         3284    i.Lock_01_Task      syscomment.o
    0x08001428   0x00000128   Code   RO         3285    i.Lock_02_Task      syscomment.o
    0x08001550   0x00000128   Code   RO         3286    i.Lock_03_Task      syscomment.o
    0x08001678   0x00000128   Code   RO         3287    i.Lock_04_Task      syscomment.o
    0x080017a0   0x0000000c   Code   RO         3288    i.MainTask          syscomment.o
    0x080017ac   0x00000004   Code   RO          192    i.MemManage_Handler  stm32f10x_it.o
    0x080017b0   0x00000274   Code   RO         3289    i.Moto_01_Task      syscomment.o
    0x08001a24   0x0000026c   Code   RO         3290    i.Moto_02_Task      syscomment.o
    0x08001c90   0x0000039c   Code   RO         3291    i.Moto_03_Task      syscomment.o
    0x0800202c   0x0000013c   Code   RO         3292    i.Moto_04_Task      syscomment.o
    0x08002168   0x00000002   Code   RO           12    i.Moto_DirGPIOInit  main.o
    0x0800216a   0x00000002   PAD
    0x0800216c   0x0000002c   Code   RO           13    i.Moto_ZeroGPIOInit  main.o
    0x08002198   0x00000002   Code   RO          193    i.NMI_Handler       stm32f10x_it.o
    0x0800219a   0x0000000c   Code   RO         4037    i.NVIC_Configuration  sys.o
    0x080021a6   0x00000002   PAD
    0x080021a8   0x00000070   Code   RO          290    i.NVIC_Init         misc.o
    0x08002218   0x00000014   Code   RO          291    i.NVIC_PriorityGroupConfig  misc.o
    0x0800222c   0x00000002   Code   RO          194    i.PendSV_Handler    stm32f10x_it.o
    0x0800222e   0x00000002   PAD
    0x08002230   0x00000020   Code   RO         1857    i.RCC_APB1PeriphClockCmd  stm32f10x_rcc.o
    0x08002250   0x00000020   Code   RO         1858    i.RCC_APB1PeriphResetCmd  stm32f10x_rcc.o
    0x08002270   0x00000020   Code   RO         1859    i.RCC_APB2PeriphClockCmd  stm32f10x_rcc.o
    0x08002290   0x00000020   Code   RO         1860    i.RCC_APB2PeriphResetCmd  stm32f10x_rcc.o
    0x080022b0   0x000000d4   Code   RO         1867    i.RCC_GetClocksFreq  stm32f10x_rcc.o
    0x08002384   0x0000000e   Code   RO         3871    i.Rise_MotoStart    step_driver.o
    0x08002392   0x00000008   Code   RO         3872    i.Rise_MotoStop     step_driver.o
    0x0800239a   0x00000002   Code   RO          195    i.SVC_Handler       stm32f10x_it.o
    0x0800239c   0x00000070   Code   RO         3294    i.SendTabletTask    syscomment.o
    0x0800240c   0x00000090   Code   RO         3295    i.SendToTablet      syscomment.o
    0x0800249c   0x00000064   Code   RO         3297    i.SendToTablet_Zero  syscomment.o
    0x08002500   0x00000038   Code   RO           14    i.SensorGPIOInit    main.o
    0x08002538   0x00000008   Code   RO          256    i.SetSysClock       system_stm32f10x.o
    0x08002540   0x000000e0   Code   RO          257    i.SetSysClockTo72   system_stm32f10x.o
    0x08002620   0x0000001c   Code   RO         3873    i.Set_TIM4_Ch1_Disable  step_driver.o
    0x0800263c   0x00000028   Code   RO         3874    i.Set_TIM4_Ch1_Enable  step_driver.o
    0x08002664   0x0000001c   Code   RO         3875    i.Set_TIM4_Ch2_Disable  step_driver.o
    0x08002680   0x00000028   Code   RO         3876    i.Set_TIM4_Ch2_Enable  step_driver.o
    0x080026a8   0x0000001c   Code   RO         3877    i.Set_TIM4_Ch3_Disable  step_driver.o
    0x080026c4   0x00000028   Code   RO         3878    i.Set_TIM4_Ch3_Enable  step_driver.o
    0x080026ec   0x0000001c   Code   RO         3879    i.Set_TIM4_Ch4_Disable  step_driver.o
    0x08002708   0x0000000c   Code   RO         3880    i.Set_TIM4_Ch4_Enable  step_driver.o
    0x08002714   0x00000040   Code   RO         3301    i.SysEventInit      syscomment.o
    0x08002754   0x000003a0   Code   RO         3302    i.SysInit           syscomment.o
    0x08002af4   0x000001b8   Code   RO           15    i.SysTickTask       main.o
    0x08002cac   0x00000028   Code   RO          294    i.SysTick_CLKSourceConfig  misc.o
    0x08002cd4   0x00000060   Code   RO          259    i.SystemInit        system_stm32f10x.o
    0x08002d34   0x00000278   Code   RO         3306    i.SystemInitTask    syscomment.o
    0x08002fac   0x00000024   Code   RO         3709    i.TIM2_IRQHandler   timer.o
    0x08002fd0   0x00000024   Code   RO         3710    i.TIM3_IRQHandler   timer.o
    0x08002ff4   0x00000190   Code   RO         3881    i.TIM4_IRQHandler   step_driver.o
    0x08003184   0x0000002a   Code   RO         3882    i.TIM4_NVIC_Configuration  step_driver.o
    0x080031ae   0x00000018   Code   RO         2479    i.TIM_ARRPreloadConfig  stm32f10x_tim.o
    0x080031c6   0x00000006   Code   RO         2485    i.TIM_ClearFlag     stm32f10x_tim.o
    0x080031cc   0x00000006   Code   RO         2486    i.TIM_ClearITPendingBit  stm32f10x_tim.o
    0x080031d2   0x00000018   Code   RO         2491    i.TIM_Cmd           stm32f10x_tim.o
    0x080031ea   0x0000001e   Code   RO         2493    i.TIM_CtrlPWMOutputs  stm32f10x_tim.o
    0x08003208   0x00000022   Code   RO         2512    i.TIM_GetITStatus   stm32f10x_tim.o
    0x0800322a   0x00000012   Code   RO         2516    i.TIM_ITConfig      stm32f10x_tim.o
    0x0800323c   0x00000098   Code   RO         2520    i.TIM_OC1Init       stm32f10x_tim.o
    0x080032d4   0x00000012   Code   RO         2523    i.TIM_OC1PreloadConfig  stm32f10x_tim.o
    0x080032e6   0x00000002   PAD
    0x080032e8   0x000000a4   Code   RO         2525    i.TIM_OC2Init       stm32f10x_tim.o
    0x0800338c   0x0000001a   Code   RO         2528    i.TIM_OC2PreloadConfig  stm32f10x_tim.o
    0x080033a6   0x00000002   PAD
    0x080033a8   0x000000a0   Code   RO         2530    i.TIM_OC3Init       stm32f10x_tim.o
    0x08003448   0x00000012   Code   RO         2533    i.TIM_OC3PreloadConfig  stm32f10x_tim.o
    0x0800345a   0x00000002   PAD
    0x0800345c   0x0000007c   Code   RO         2535    i.TIM_OC4Init       stm32f10x_tim.o
    0x080034d8   0x0000001a   Code   RO         2537    i.TIM_OC4PreloadConfig  stm32f10x_tim.o
    0x080034f2   0x00000004   Code   RO         2550    i.TIM_SetAutoreload  stm32f10x_tim.o
    0x080034f6   0x00000004   Code   RO         2552    i.TIM_SetCompare1   stm32f10x_tim.o
    0x080034fa   0x00000004   Code   RO         2553    i.TIM_SetCompare2   stm32f10x_tim.o
    0x080034fe   0x00000004   Code   RO         2554    i.TIM_SetCompare3   stm32f10x_tim.o
    0x08003502   0x00000006   Code   RO         2555    i.TIM_SetCompare4   stm32f10x_tim.o
    0x08003508   0x00000004   Code   RO         2556    i.TIM_SetCounter    stm32f10x_tim.o
    0x0800350c   0x000000a4   Code   RO         2562    i.TIM_TimeBaseInit  stm32f10x_tim.o
    0x080035b0   0x0000001c   Code   RO         3307    i.TabletToHostTask  syscomment.o
    0x080035cc   0x00000064   Code   RO         3744    i.USART1_IRQHandler  usart1.o
    0x08003630   0x00000070   Code   RO         3788    i.USART2_IRQHandler  usart2.o
    0x080036a0   0x00000070   Code   RO         3825    i.USART3_IRQHandler  usart3.o
    0x08003710   0x00000018   Code   RO         3027    i.USART_Cmd         stm32f10x_usart.o
    0x08003728   0x0000009c   Code   RO         3029    i.USART_DeInit      stm32f10x_usart.o
    0x080037c4   0x0000001a   Code   RO         3030    i.USART_GetFlagStatus  stm32f10x_usart.o
    0x080037de   0x00000054   Code   RO         3031    i.USART_GetITStatus  stm32f10x_usart.o
    0x08003832   0x0000004a   Code   RO         3033    i.USART_ITConfig    stm32f10x_usart.o
    0x0800387c   0x000000d8   Code   RO         3034    i.USART_Init        stm32f10x_usart.o
    0x08003954   0x0000000a   Code   RO         3041    i.USART_ReceiveData  stm32f10x_usart.o
    0x0800395e   0x00000008   Code   RO         3044    i.USART_SendData    stm32f10x_usart.o
    0x08003966   0x00000004   Code   RO          196    i.UsageFault_Handler  stm32f10x_it.o
    0x0800396a   0x00000002   PAD
    0x0800396c   0x00000374   Code   RO         3308    i.Usart1JudgeStr    syscomment.o
    0x08003ce0   0x00000020   Code   RO         3745    i.Usart1_SendByte   usart1.o
    0x08003d00   0x00000024   Code   RO         4075    i.__0vsprintf       mc_w.l(printfa.o)
    0x08003d24   0x00000026   Code   RO         4136    i.__ARM_fpclassifyf  m_ws.l(fpclassifyf.o)
    0x08003d4a   0x00000006   Code   RO         4139    i.__mathlib_flt_infnan  m_ws.l(funder.o)
    0x08003d50   0x0000000a   Code   RO         4142    i.__mathlib_flt_overflow  m_ws.l(funder.o)
    0x08003d5a   0x0000000a   Code   RO         4144    i.__mathlib_flt_underflow  m_ws.l(funder.o)
    0x08003d64   0x0000000e   Code   RO         4221    i.__scatterload_copy  mc_w.l(handlers.o)
    0x08003d72   0x00000002   Code   RO         4222    i.__scatterload_null  mc_w.l(handlers.o)
    0x08003d74   0x0000000e   Code   RO         4223    i.__scatterload_zeroinit  mc_w.l(handlers.o)
    0x08003d82   0x00000002   PAD
    0x08003d84   0x0000000c   Code   RO         4181    i.__set_errno       mc_w.l(errno.o)
    0x08003d90   0x00000164   Code   RO         4076    i._fp_digits        mc_w.l(printfa.o)
    0x08003ef4   0x000006dc   Code   RO         4077    i._printf_core      mc_w.l(printfa.o)
    0x080045d0   0x00000024   Code   RO         4078    i._printf_post_padding  mc_w.l(printfa.o)
    0x080045f4   0x0000002e   Code   RO         4079    i._printf_pre_padding  mc_w.l(printfa.o)
    0x08004622   0x0000000a   Code   RO         4081    i._sputc            mc_w.l(printfa.o)
    0x0800462c   0x00000044   Code   RO         4011    i.delay_init        delay.o
    0x08004670   0x0000004c   Code   RO         4012    i.delay_ms          delay.o
    0x080046bc   0x00000170   Code   RO         4050    i.expf              m_ws.l(expf.o)
    0x0800482c   0x00000060   Code   RO           16    i.main              main.o
    0x0800488c   0x0000006c   Code   RO         4097    i.malloc            mc_w.l(malloc.o)
    0x080048f8   0x00000050   Code   RO         3827    i.u3_printf         usart3.o
    0x08004948   0x000000b0   Code   RO         3747    i.usart1_init       usart1.o
    0x080049f8   0x000000a8   Code   RO         3828    i.usart3_init       usart3.o
    0x08004aa0   0x00000030   Data   RO         4051    .constdata          m_ws.l(expf.o)
    0x08004ad0   0x00000020   Data   RO         4219    Region$$Table       anon$$obj.o


    Execution Region RW_IRAM1 (Base: 0x20000000, Size: 0x000024a8, Max: 0x00010000, ABSOLUTE)

    Base Addr    Size         Type   Attr      Idx    E Section Name        Object

    0x20000000   0x0000000c   Data   RW           18    .data               main.o
    0x2000000c   0x00000014   Data   RW          260    .data               system_stm32f10x.o
    0x20000020   0x00000014   Data   RW         1887    .data               stm32f10x_rcc.o
    0x20000034   0x0000007d   Data   RW         3310    .data               syscomment.o
    0x200000b1   0x00000001   PAD
    0x200000b2   0x00000002   Data   RW         3749    .data               usart1.o
    0x200000b4   0x00000002   Data   RW         3793    .data               usart2.o
    0x200000b6   0x00000002   Data   RW         3830    .data               usart3.o
    0x200000b8   0x0000001c   Data   RW         3884    .data               step_driver.o
    0x200000d4   0x00000004   Data   RW         4014    .data               delay.o
    0x200000d8   0x00000004   Data   RW         4177    .data               mc_w.l(mvars.o)
    0x200000dc   0x00000004   Data   RW         4178    .data               mc_w.l(mvars.o)
    0x200000e0   0x00000004   Data   RW         4182    .data               mc_w.l(errno.o)
    0x200000e4   0x00000100   Zero   RW           17    .bss                main.o
    0x200001e4   0x000000a0   Zero   RW         3309    .bss                syscomment.o
    0x20000284   0x00000320   Zero   RW         3748    .bss                usart1.o
    0x200005a4   0x00000320   Zero   RW         3792    .bss                usart2.o
    0x200008c4   0x00000320   Zero   RW         3829    .bss                usart3.o
    0x20000be4   0x000012c0   Zero   RW         3883    .bss                step_driver.o
    0x20001ea4   0x00000004   PAD
    0x20001ea8   0x00000200   Zero   RW            2    HEAP                startup_stm32f10x_hd.o
    0x200020a8   0x00000400   Zero   RW            1    STACK               startup_stm32f10x_hd.o


==============================================================================

Image component sizes


      Code (inc. data)   RO Data    RW Data    ZI Data      Debug   Object Name

       144         22          0          4          0       1272   delay.o
       758         50          0         12        256     273261   main.o
       172         22          0          0          0       2361   misc.o
       164          4          0          0          0       2652   san_flash.o
        36          8        304          0       1536        964   startup_stm32f10x_hd.o
      1800        210          0         28       4800      13084   step_driver.o
       274         30          0          0          0       3814   stm32f10x_flash.o
       448          6          0          0          0       4914   stm32f10x_gpio.o
        24          0          0          0          0       3672   stm32f10x_it.o
        16          6          0          0          0        545   stm32f10x_iwdg.o
       340         44          0         20          0       6072   stm32f10x_rcc.o
      1020         92          0          0          0      15251   stm32f10x_tim.o
       598         28          0          0          0       7372   stm32f10x_usart.o
        12          0          0          0          0        485   sys.o
      6686       1358          0        125        160      22460   syscomment.o
       328         28          0         20          0       2729   system_stm32f10x.o
       178         10          0          0          0       2155   timer.o
       308         30          0          2        800       3360   usart1.o
       112         18          0          2        800       1460   usart2.o
       360         36          0          2        800       2818   usart3.o
         8          0          0          0          0        472   wdg.o

    ----------------------------------------------------------------------
     13804       2002        336        216       9156     371173   Object Totals
         0          0         32          0          0          0   (incl. Generated)
        18          0          0          1          4          0   (incl. Padding)

    ----------------------------------------------------------------------

      Code (inc. data)   RO Data    RW Data    ZI Data      Debug   Library Member Name

       368         46         48          0          0        156   expf.o
        38          0          0          0          0         68   fpclassifyf.o
        26          0          0          0          0        204   funder.o
         0          0          0          0          0          0   entry.o
         0          0          0          0          0          0   entry10a.o
         0          0          0          0          0          0   entry11a.o
         8          4          0          0          0          0   entry2.o
         4          0          0          0          0          0   entry5.o
         0          0          0          0          0          0   entry7b.o
         0          0          0          0          0          0   entry8b.o
         8          4          0          0          0          0   entry9a.o
        12          6          0          4          0         68   errno.o
        30          0          0          0          0          0   handlers.o
        36          8          0          0          0         68   init.o
         0          0          0          0          0          0   iusefp.o
        30          0          0          0          0         68   llshl.o
        36          0          0          0          0         68   llsshr.o
        32          0          0          0          0         68   llushr.o
       108         16          0          0          0         84   malloc.o
        36          0          0          0          0        108   memseta.o
         0          0          0          8          0          0   mvars.o
      2240         86          0          0          0        508   printfa.o
        14          0          0          0          0         68   strlen.o
        36          0          0          0          0         80   strstr.o
        44          0          0          0          0         80   uidiv.o
        98          0          0          0          0         92   uldiv.o
        48          0          0          0          0         68   cdrcmple.o
        20          0          0          0          0         68   cfcmple.o
       334          0          0          0          0        148   dadd.o
       222          0          0          0          0        100   ddiv.o
       186          0          0          0          0        176   depilogue.o
        48          0          0          0          0         68   dfixul.o
       228          0          0          0          0         96   dmul.o
       176          0          0          0          0        140   fadd.o
       124          0          0          0          0         88   fdiv.o
       110          0          0          0          0        168   fepilogue.o
        50          0          0          0          0         68   ffixi.o
        40          0          0          0          0         68   ffixui.o
        18          0          0          0          0         68   fflti.o
       100          0          0          0          0         76   fmul.o
        60          0          0          0          0         76   frnd.o
        24          0          0          0          0         68   fscalb.o

    ----------------------------------------------------------------------
      4996        170         48         12          0       3332   Library Totals
         4          0          0          0          0          0   (incl. Padding)

    ----------------------------------------------------------------------

      Code (inc. data)   RO Data    RW Data    ZI Data      Debug   Library Name

       432         46         48          0          0        428   m_ws.l
      2772        124          0         12          0       1360   mc_w.l
      1788          0          0          0          0       1544   mf_w.l

    ----------------------------------------------------------------------
      4996        170         48         12          0       3332   Library Totals

    ----------------------------------------------------------------------

==============================================================================


      Code (inc. data)   RO Data    RW Data    ZI Data      Debug   

     18800       2172        384        228       9156     366493   Grand Totals
     18800       2172        384        228       9156     366493   ELF Image Totals
     18800       2172        384        228          0          0   ROM Totals

==============================================================================

    Total RO  Size (Code + RO Data)                19184 (  18.73kB)
    Total RW  Size (RW Data + ZI Data)              9384 (   9.16kB)
    Total ROM Size (Code + RO Data + RW Data)      19412 (  18.96kB)

==============================================================================

