Component: ARM Compiler 5.05 update 1 (build 106) Tool: armlink [4d0efa]

==============================================================================

Section Cross References

    startup_stm32f10x_md.o(RESET) refers to startup_stm32f10x_md.o(STACK) for __initial_sp
    startup_stm32f10x_md.o(RESET) refers to startup_stm32f10x_md.o(.text) for Reset_Handler
    startup_stm32f10x_md.o(RESET) refers to stm32f10x_it.o(i.NMI_Handler) for NMI_Handler
    startup_stm32f10x_md.o(RESET) refers to stm32f10x_it.o(i.HardFault_Handler) for HardFault_Handler
    startup_stm32f10x_md.o(RESET) refers to stm32f10x_it.o(i.MemManage_Handler) for MemManage_Handler
    startup_stm32f10x_md.o(RESET) refers to stm32f10x_it.o(i.BusFault_Handler) for BusFault_Handler
    startup_stm32f10x_md.o(RESET) refers to stm32f10x_it.o(i.UsageFault_Handler) for UsageFault_Handler
    startup_stm32f10x_md.o(RESET) refers to stm32f10x_it.o(i.SVC_Handler) for SVC_Handler
    startup_stm32f10x_md.o(RESET) refers to stm32f10x_it.o(i.DebugMon_Handler) for DebugMon_Handler
    startup_stm32f10x_md.o(RESET) refers to stm32f10x_it.o(i.PendSV_Handler) for PendSV_Handler
    startup_stm32f10x_md.o(RESET) refers to ws2812b.o(i.DMA1_Channel2_IRQHandler) for DMA1_Channel2_IRQHandler
    startup_stm32f10x_md.o(RESET) refers to timer.o(i.TIM2_IRQHandler) for TIM2_IRQHandler
    startup_stm32f10x_md.o(RESET) refers to timer.o(i.TIM3_IRQHandler) for TIM3_IRQHandler
    startup_stm32f10x_md.o(RESET) refers to timer.o(i.TIM4_IRQHandler) for TIM4_IRQHandler
    startup_stm32f10x_md.o(RESET) refers to usart1.o(i.USART1_IRQHandler) for USART1_IRQHandler
    startup_stm32f10x_md.o(RESET) refers to usart2.o(i.USART2_IRQHandler) for USART2_IRQHandler
    startup_stm32f10x_md.o(RESET) refers to usart3.o(i.USART3_IRQHandler) for USART3_IRQHandler
    startup_stm32f10x_md.o(RESET) refers to remote.o(i.EXTI15_10_IRQHandler) for EXTI15_10_IRQHandler
    startup_stm32f10x_md.o(.text) refers to system_stm32f10x.o(i.SystemInit) for SystemInit
    startup_stm32f10x_md.o(.text) refers to entry.o(.ARM.Collect$$$$00000000) for __main
    main.o(i.DebugGPIOInit) refers to stm32f10x_rcc.o(i.RCC_APB2PeriphClockCmd) for RCC_APB2PeriphClockCmd
    main.o(i.DebugGPIOInit) refers to stm32f10x_gpio.o(i.GPIO_Init) for GPIO_Init
    main.o(i.DebugGPIOInit) refers to stm32f10x_gpio.o(i.GPIO_SetBits) for GPIO_SetBits
    main.o(i.DebugGPIOInit) refers to delay.o(i.delay_ms) for delay_ms
    main.o(i.DebugGPIOInit) refers to stm32f10x_gpio.o(i.GPIO_ResetBits) for GPIO_ResetBits
    main.o(i.Debug_GPIOInit) refers to stm32f10x_rcc.o(i.RCC_APB2PeriphClockCmd) for RCC_APB2PeriphClockCmd
    main.o(i.Debug_GPIOInit) refers to stm32f10x_gpio.o(i.GPIO_Init) for GPIO_Init
    main.o(i.KeyGPIOInit) refers to stm32f10x_rcc.o(i.RCC_APB2PeriphClockCmd) for RCC_APB2PeriphClockCmd
    main.o(i.KeyGPIOInit) refers to stm32f10x_gpio.o(i.GPIO_Init) for GPIO_Init
    main.o(i.LEDGPIOInit) refers to stm32f10x_rcc.o(i.RCC_APB2PeriphClockCmd) for RCC_APB2PeriphClockCmd
    main.o(i.LEDGPIOInit) refers to stm32f10x_gpio.o(i.GPIO_Init) for GPIO_Init
    main.o(i.LEDGPIOInit) refers to stm32f10x_gpio.o(i.GPIO_ResetBits) for GPIO_ResetBits
    main.o(i.LockGPIOInit) refers to stm32f10x_rcc.o(i.RCC_APB2PeriphClockCmd) for RCC_APB2PeriphClockCmd
    main.o(i.LockGPIOInit) refers to stm32f10x_gpio.o(i.GPIO_Init) for GPIO_Init
    main.o(i.LockGPIOInit) refers to stm32f10x_gpio.o(i.GPIO_SetBits) for GPIO_SetBits
    main.o(i.Moto_ZeroGPIOInit) refers to stm32f10x_rcc.o(i.RCC_APB2PeriphClockCmd) for RCC_APB2PeriphClockCmd
    main.o(i.Moto_ZeroGPIOInit) refers to stm32f10x_gpio.o(i.GPIO_Init) for GPIO_Init
    main.o(i.SysTickTask) refers to wdg.o(i.IWDG_Feed) for IWDG_Feed
    main.o(i.SysTickTask) refers to main.o(.data) for u32SysSoftDog
    main.o(i.SysTickTask) refers to main.o(.bss) for SysTask
    main.o(i.main) refers to delay.o(i.delay_init) for delay_init
    main.o(i.main) refers to sys.o(i.NVIC_Configuration) for NVIC_Configuration
    main.o(i.main) refers to usart2.o(i.usart2_init) for usart2_init
    main.o(i.main) refers to main.o(i.KeyGPIOInit) for KeyGPIOInit
    main.o(i.main) refers to main.o(i.LEDGPIOInit) for LEDGPIOInit
    main.o(i.main) refers to main.o(i.LockGPIOInit) for LockGPIOInit
    main.o(i.main) refers to main.o(i.Moto_ZeroGPIOInit) for Moto_ZeroGPIOInit
    main.o(i.main) refers to main.o(i.Moto_DirGPIOInit) for Moto_DirGPIOInit
    main.o(i.main) refers to finger.o(i.FingerGPIO_Init) for FingerGPIO_Init
    main.o(i.main) refers to usart3.o(i.usart3_init) for usart3_init
    main.o(i.main) refers to main.o(i.DebugGPIOInit) for DebugGPIOInit
    main.o(i.main) refers to usart3.o(i.u3_printf) for u3_printf
    main.o(i.main) refers to pwm.o(i.San_PWM_Init) for San_PWM_Init
    main.o(i.main) refers to ws2812b.o(i.ws2812bInit) for ws2812bInit
    main.o(i.main) refers to wdg.o(i.IWDG_Init) for IWDG_Init
    main.o(i.main) refers to syscomment.o(i.SysInit) for SysInit
[...]
    Removing syscomment.o(i.CheckSum), (34 bytes).
    Removing syscomment.o(i.DelayMs), (26 bytes).
    Removing syscomment.o(i.DelayUs), (16 bytes).
    Removing syscomment.o(i.NVIC_SetPriority), (40 bytes).
    Removing syscomment.o(i.SlavePackageSend), (108 bytes).
    Removing syscomment.o(i.Strcmp), (34 bytes).
    Removing syscomment.o(i.Strcpy), (20 bytes).
    Removing syscomment.o(i.SysTickConfig), (88 bytes).
    Removing syscomment.o(i.Sys_DelayMS), (24 bytes).
    Removing san_flash.o(i.FLASH_ReadWord), (12 bytes).
    Removing key.o(i.KEY_GPIO_Init), (124 bytes).
    Removing key.o(i.KEY_ScanDelay), (24 bytes).
    Removing oled.o(i.Delay_1ms), (26 bytes).
    Removing oled.o(i.Delay_50ms), (22 bytes).
    Removing oled.o(i.IIC_Start), (40 bytes).
    Removing oled.o(i.IIC_Stop), (32 bytes).
    Removing oled.o(i.IIC_Wait_Ack), (24 bytes).
    Removing oled.o(i.OLED_Clear), (62 bytes).
    Removing oled.o(i.OLED_Display_Off), (28 bytes).
    Removing oled.o(i.OLED_Display_On), (28 bytes).
    Removing oled.o(i.OLED_DrawBMP), (126 bytes).
    Removing oled.o(i.OLED_DrawHorizontal), (128 bytes).
    Removing oled.o(i.OLED_DrawHorizontalDottedLine), (144 bytes).
    Removing oled.o(i.OLED_DrawSolidBox), (380 bytes).
    Removing oled.o(i.OLED_DrawVertical), (68 bytes).
    Removing oled.o(i.OLED_DrawVerticalDottedLine), (68 bytes).
    Removing oled.o(i.OLED_Init), (276 bytes).
    Removing oled.o(i.OLED_On), (62 bytes).
    Removing oled.o(i.OLED_Set_Pos), (40 bytes).
    Removing oled.o(i.OLED_ShowCHinese), (104 bytes).
    Removing oled.o(i.OLED_ShowChar), (164 bytes).
    Removing oled.o(i.OLED_ShowNum), (136 bytes).
    Removing oled.o(i.OLED_ShowString), (58 bytes).
    Removing oled.o(i.OLED_WR_Byte), (24 bytes).
    Removing oled.o(i.Write_IIC_Byte), (84 bytes).
    Removing oled.o(i.Write_IIC_Command), (44 bytes).
    Removing oled.o(i.Write_IIC_Data), (44 bytes).
    Removing oled.o(i.fill_picture), (64 bytes).
    Removing oled.o(i.oled_pow), (22 bytes).
    Removing oled.o(.constdata), (2072 bytes).
    Removing oled.o(.data), (64 bytes).
    Removing remote.o(i.Remote_Init), (112 bytes).
    Removing remote.o(i.Remote_Process), (68 bytes).
    Removing timer.o(i.TIM3_Int_Init), (96 bytes).
    Removing usart1.o(i.Usart1_SendByte), (32 bytes).
    Removing usart1.o(i.u1_printf), (80 bytes).
    Removing usart1.o(i.usart1_init), (208 bytes).
    Removing usart2.o(i.u2_printf), (80 bytes).
    Removing usart3.o(i.Usart3_SendByte), (32 bytes).
    Removing finger.o(i.Delay_ms), (12 bytes).
    Removing finger.o(i.FP_Identify), (42 bytes).
    Removing finger.o(i.FP_Search_One), (42 bytes).
    Removing finger.o(i.Finger_Clear), (14 bytes).
    Removing finger.o(i.Finger_Enroll), (132 bytes).
    Removing finger.o(i.Finger_Search), (28 bytes).
    Removing finger.o(i.JudgeStr), (80 bytes).
    Removing finger.o(i.WaitFpData), (44 bytes).
    Removing ws2812b.o(i.ws2812bTest), (12 bytes).

504 unused section(s) (total 24561 bytes) removed from the image.

==============================================================================

Image Symbol Table

    Local Symbols

    Symbol Name                              Value     Ov Type        Size  Object(Section)

    ../clib/microlib/division.c              0x00000000   Number         0  uidiv.o ABSOLUTE
    ../clib/microlib/division.c              0x00000000   Number         0  uldiv.o ABSOLUTE
    ../clib/microlib/init/entry.s            0x00000000   Number         0  entry2.o ABSOLUTE
    ../clib/microlib/init/entry.s            0x00000000   Number         0  entry8b.o ABSOLUTE
    ../clib/microlib/init/entry.s            0x00000000   Number         0  entry10b.o ABSOLUTE
    ../clib/microlib/init/entry.s            0x00000000   Number         0  entry5.o ABSOLUTE
    ../clib/microlib/init/entry.s            0x00000000   Number         0  entry9a.o ABSOLUTE
    ../clib/microlib/init/entry.s            0x00000000   Number         0  entry11a.o ABSOLUTE
    ../clib/microlib/init/entry.s            0x00000000   Number         0  entry9b.o ABSOLUTE
    ../clib/microlib/init/entry.s            0x00000000   Number         0  entry10a.o ABSOLUTE
    ../clib/microlib/init/entry.s            0x00000000   Number         0  entry11b.o ABSOLUTE
    ../clib/microlib/init/entry.s            0x00000000   Number         0  entry.o ABSOLUTE
    ../clib/microlib/init/entry.s            0x00000000   Number         0  entry8a.o ABSOLUTE
    ../clib/microlib/init/entry.s            0x00000000   Number         0  entry7b.o ABSOLUTE
    ../clib/microlib/init/entry.s            0x00000000   Number         0  entry7a.o ABSOLUTE
    ../clib/microlib/longlong.c              0x00000000   Number         0  llushr.o ABSOLUTE
    ../clib/microlib/longlong.c              0x00000000   Number         0  llshl.o ABSOLUTE
    ../clib/microlib/longlong.c              0x00000000   Number         0  llsshr.o ABSOLUTE
    ../clib/microlib/malloc/malloc.c         0x00000000   Number         0  mallocra.o ABSOLUTE
    ../clib/microlib/malloc/malloc.c         0x00000000   Number         0  malloca.o ABSOLUTE
    ../clib/microlib/malloc/malloc.c         0x00000000   Number         0  mallocr.o ABSOLUTE
    ../clib/microlib/malloc/malloc.c         0x00000000   Number         0  malloc.o ABSOLUTE
    ../clib/microlib/malloc/mvars.c          0x00000000   Number         0  mvars.o ABSOLUTE
    ../clib/microlib/printf/printf.c         0x00000000   Number         0  printf5.o ABSOLUTE
    ../clib/microlib/printf/printf.c         0x00000000   Number         0  printf3.o ABSOLUTE
    ../clib/microlib/printf/printf.c         0x00000000   Number         0  printf2.o ABSOLUTE
    ../clib/microlib/printf/printf.c         0x00000000   Number         0  printf1.o ABSOLUTE
    ../clib/microlib/printf/printf.c         0x00000000   Number         0  printfb.o ABSOLUTE
    ../clib/microlib/printf/printf.c         0x00000000   Number         0  printfa.o ABSOLUTE
    ../clib/microlib/printf/printf.c         0x00000000   Number         0  printf4.o ABSOLUTE
    ../clib/microlib/printf/printf.c         0x00000000   Number         0  printf0.o ABSOLUTE
    ../clib/microlib/printf/printf.c         0x00000000   Number         0  printf8.o ABSOLUTE
    ../clib/microlib/printf/printf.c         0x00000000   Number         0  printf7.o ABSOLUTE
    ../clib/microlib/printf/printf.c         0x00000000   Number         0  printf6.o ABSOLUTE
    ../clib/microlib/printf/stubs.s          0x00000000   Number         0  stubs.o ABSOLUTE
    ../clib/microlib/stdio/fputc.c           0x00000000   Number         0  fputc.o ABSOLUTE
    ../clib/microlib/stdio/semi.s            0x00000000   Number         0  semi.o ABSOLUTE
    ../clib/microlib/stdio/streams.c         0x00000000   Number         0  stdout.o ABSOLUTE
    ../clib/microlib/string/memcpy.c         0x00000000   Number         0  memcpyb.o ABSOLUTE
    ../clib/microlib/string/memcpy.c         0x00000000   Number         0  memcpya.o ABSOLUTE
    ../clib/microlib/string/memset.c         0x00000000   Number         0  memseta.o ABSOLUTE
    ../clib/microlib/string/strlen.c         0x00000000   Number         0  strlen.o ABSOLUTE
    ../clib/microlib/string/strstr.c         0x00000000   Number         0  strstr.o ABSOLUTE
    ../clib/microlib/stubs.s                 0x00000000   Number         0  iusefp.o ABSOLUTE
    ../clib/microlib/stubs.s                 0x00000000   Number         0  iusesemip.o ABSOLUTE
    ../fplib/microlib/fpadd.c                0x00000000   Number         0  dadd.o ABSOLUTE
    ../fplib/microlib/fpdiv.c                0x00000000   Number         0  ddiv.o ABSOLUTE
    ../fplib/microlib/fpepilogue.c           0x00000000   Number         0  depilogue.o ABSOLUTE
    ../fplib/microlib/fpfix.c                0x00000000   Number         0  dfixul.o ABSOLUTE
    ../fplib/microlib/fpmul.c                0x00000000   Number         0  dmul.o ABSOLUTE
    ..\..\HARDWARE\AS608\as608.c             0x00000000   Number         0  as608.o ABSOLUTE
    ..\..\HARDWARE\BEEP\beep.c               0x00000000   Number         0  beep.o ABSOLUTE
    ..\..\HARDWARE\COMMENT\SysComment.c      0x00000000   Number         0  syscomment.o ABSOLUTE
    ..\..\HARDWARE\FINGER_1020A\finger.c     0x00000000   Number         0  finger.o ABSOLUTE
    ..\..\HARDWARE\FLASH\San_Flash.c         0x00000000   Number         0  san_flash.o ABSOLUTE
    ..\..\HARDWARE\KEY\key.c                 0x00000000   Number         0  key.o ABSOLUTE
    ..\..\HARDWARE\OLED\oled.c               0x00000000   Number         0  oled.o ABSOLUTE
    ..\..\HARDWARE\REMOTE\remote.c           0x00000000   Number         0  remote.o ABSOLUTE
    ..\..\HARDWARE\TIMER\timer.c             0x00000000   Number         0  timer.o ABSOLUTE
    ..\..\HARDWARE\TIM_PWM\pwm.c             0x00000000   Number         0  pwm.o ABSOLUTE
    ..\..\HARDWARE\USART1\usart1.c           0x00000000   Number         0  usart1.o ABSOLUTE
    ..\..\HARDWARE\USART2\usart2.c           0x00000000   Number         0  usart2.o ABSOLUTE
    ..\..\HARDWARE\USART3\usart3.c           0x00000000   Number         0  usart3.o ABSOLUTE
    ..\..\HARDWARE\WDG\wdg.c                 0x00000000   Number         0  wdg.o ABSOLUTE
    ..\..\HARDWARE\WS2812\ws2812b.c          0x00000000   Number         0  ws2812b.o ABSOLUTE
    ..\..\Libraries\CMSIS\CM3\CoreSupport\core_cm3.c 0x00000000   Number         0  core_cm3.o ABSOLUTE
    ..\..\Libraries\CMSIS\CM3\DeviceSupport\ST\STM32F10x\startup\arm\startup_stm32f10x_md.s 0x00000000   Number         0  startup_stm32f10x_md.o ABSOLUTE
    ..\..\Libraries\CMSIS\CM3\DeviceSupport\ST\STM32F10x\system_stm32f10x.c 0x00000000   Number         0  system_stm32f10x.o ABSOLUTE
    ..\..\Libraries\STM32F10x_StdPeriph_Driver\src\misc.c 0x00000000   Number         0  misc.o ABSOLUTE
    ..\..\Libraries\STM32F10x_StdPeriph_Driver\src\stm32f10x_adc.c 0x00000000   Number         0  stm32f10x_adc.o ABSOLUTE
    ..\..\Libraries\STM32F10x_StdPeriph_Driver\src\stm32f10x_bkp.c 0x00000000   Number         0  stm32f10x_bkp.o ABSOLUTE
    ..\..\Libraries\STM32F10x_StdPeriph_Driver\src\stm32f10x_can.c 0x00000000   Number         0  stm32f10x_can.o ABSOLUTE
    ..\..\Libraries\STM32F10x_StdPeriph_Driver\src\stm32f10x_cec.c 0x00000000   Number         0  stm32f10x_cec.o ABSOLUTE
    ..\..\Libraries\STM32F10x_StdPeriph_Driver\src\stm32f10x_crc.c 0x00000000   Number         0  stm32f10x_crc.o ABSOLUTE
    ..\..\Libraries\STM32F10x_StdPeriph_Driver\src\stm32f10x_dac.c 0x00000000   Number         0  stm32f10x_dac.o ABSOLUTE
    ..\..\Libraries\STM32F10x_StdPeriph_Driver\src\stm32f10x_dbgmcu.c 0x00000000   Number         0  stm32f10x_dbgmcu.o ABSOLUTE
    ..\..\Libraries\STM32F10x_StdPeriph_Driver\src\stm32f10x_dma.c 0x00000000   Number         0  stm32f10x_dma.o ABSOLUTE
    ..\..\Libraries\STM32F10x_StdPeriph_Driver\src\stm32f10x_exti.c 0x00000000   Number         0  stm32f10x_exti.o ABSOLUTE
    ..\..\Libraries\STM32F10x_StdPeriph_Driver\src\stm32f10x_flash.c 0x00000000   Number         0  stm32f10x_flash.o ABSOLUTE
    ..\..\Libraries\STM32F10x_StdPeriph_Driver\src\stm32f10x_fsmc.c 0x00000000   Number         0  stm32f10x_fsmc.o ABSOLUTE
    ..\..\Libraries\STM32F10x_StdPeriph_Driver\src\stm32f10x_gpio.c 0x00000000   Number         0  stm32f10x_gpio.o ABSOLUTE
    ..\..\Libraries\STM32F10x_StdPeriph_Driver\src\stm32f10x_i2c.c 0x00000000   Number         0  stm32f10x_i2c.o ABSOLUTE
    ..\..\Libraries\STM32F10x_StdPeriph_Driver\src\stm32f10x_iwdg.c 0x00000000   Number         0  stm32f10x_iwdg.o ABSOLUTE
    ..\..\Libraries\STM32F10x_StdPeriph_Driver\src\stm32f10x_pwr.c 0x00000000   Number         0  stm32f10x_pwr.o ABSOLUTE
    ..\..\Libraries\STM32F10x_StdPeriph_Driver\src\stm32f10x_rcc.c 0x00000000   Number         0  stm32f10x_rcc.o ABSOLUTE
    ..\..\Libraries\STM32F10x_StdPeriph_Driver\src\stm32f10x_rtc.c 0x00000000   Number         0  stm32f10x_rtc.o ABSOLUTE
    ..\..\Libraries\STM32F10x_StdPeriph_Driver\src\stm32f10x_sdio.c 0x00000000   Number         0  stm32f10x_sdio.o ABSOLUTE
    ..\..\Libraries\STM32F10x_StdPeriph_Driver\src\stm32f10x_spi.c 0x00000000   Number         0  stm32f10x_spi.o ABSOLUTE
    ..\..\Libraries\STM32F10x_StdPeriph_Driver\src\stm32f10x_tim.c 0x00000000   Number         0  stm32f10x_tim.o ABSOLUTE
    ..\..\Libraries\STM32F10x_StdPeriph_Driver\src\stm32f10x_usart.c 0x00000000   Number         0  stm32f10x_usart.o ABSOLUTE
    ..\..\Libraries\STM32F10x_StdPeriph_Driver\src\stm32f10x_wwdg.c 0x00000000   Number         0  stm32f10x_wwdg.o ABSOLUTE
    ..\..\SYSTEM\delay\delay.c               0x00000000   Number         0  delay.o ABSOLUTE
    ..\..\SYSTEM\sys\sys.c                   0x00000000   Number         0  sys.o ABSOLUTE
    ..\..\User\main.c                        0x00000000   Number         0  main.o ABSOLUTE
    ..\..\User\stm32f10x_it.c                0x00000000   Number         0  stm32f10x_it.o ABSOLUTE
    ..\\..\\Libraries\\CMSIS\\CM3\\CoreSupport\\core_cm3.c 0x00000000   Number         0  core_cm3.o ABSOLUTE
    cdrcmple.s                               0x00000000   Number         0  cdrcmple.o ABSOLUTE
    dc.s                                     0x00000000   Number         0  dc.o ABSOLUTE
    handlers.s                               0x00000000   Number         0  handlers.o ABSOLUTE
    init.s                                   0x00000000   Number         0  init.o ABSOLUTE
    RESET                                    0x08000000   Section      236  startup_stm32f10x_md.o(RESET)
    .ARM.Collect$$$$00000000                 0x080000ec   Section        0  entry.o(.ARM.Collect$$$$00000000)
    .ARM.Collect$$$$00000001                 0x080000ec   Section        4  entry2.o(.ARM.Collect$$$$00000001)
    .ARM.Collect$$$$00000004                 0x080000f0   Section        4  entry5.o(.ARM.Collect$$$$00000004)
    .ARM.Collect$$$$00000008                 0x080000f4   Section        0  entry7b.o(.ARM.Collect$$$$00000008)
    .ARM.Collect$$$$0000000A                 0x080000f4   Section        0  entry8b.o(.ARM.Collect$$$$0000000A)
    .ARM.Collect$$$$0000000B                 0x080000f4   Section        8  entry9a.o(.ARM.Collect$$$$0000000B)
    .ARM.Collect$$$$0000000D                 0x080000fc   Section        0  entry10a.o(.ARM.Collect$$$$0000000D)
    .ARM.Collect$$$$0000000F                 0x080000fc   Section        0  entry11a.o(.ARM.Collect$$$$0000000F)
    .ARM.Collect$$$$00002712                 0x080000fc   Section        4  entry2.o(.ARM.Collect$$$$00002712)
    __lit__00000000                          0x080000fc   Data           4  entry2.o(.ARM.Collect$$$$00002712)
    .text                                    0x08000100   Section       36  startup_stm32f10x_md.o(.text)
    .text                                    0x08000124   Section        0  memseta.o(.text)
    .text                                    0x08000148   Section        0  strstr.o(.text)
    .text                                    0x0800016c   Section        0  strlen.o(.text)
    .text                                    0x0800017a   Section        0  uidiv.o(.text)
    .text                                    0x080001a6   Section        0  uldiv.o(.text)
    .text                                    0x08000208   Section        0  iusefp.o(.text)
    .text                                    0x08000208   Section        0  dadd.o(.text)
    .text                                    0x08000356   Section        0  dmul.o(.text)
    .text                                    0x0800043a   Section        0  ddiv.o(.text)
    .text                                    0x08000518   Section        0  dfixul.o(.text)
    .text                                    0x08000548   Section       48  cdrcmple.o(.text)
    .text                                    0x08000578   Section       36  init.o(.text)
    .text                                    0x0800059c   Section        0  llshl.o(.text)
    .text                                    0x080005ba   Section        0  llushr.o(.text)
    .text                                    0x080005da   Section        0  llsshr.o(.text)
    .text                                    0x080005fe   Section        0  depilogue.o(.text)
    i.BusFault_Handler                       0x080006b8   Section        0  stm32f10x_it.o(i.BusFault_Handler)
    i.Check_Package                          0x080006bc   Section        0  finger.o(i.Check_Package)
    i.CmdGenCHK                              0x080007a4   Section        0  finger.o(i.CmdGenCHK)
    i.DMA1_Channel2_IRQHandler               0x080007c0   Section        0  ws2812b.o(i.DMA1_Channel2_IRQHandler)
    i.DMA_ClearFlag                          0x080007f4   Section        0  stm32f10x_dma.o(i.DMA_ClearFlag)
    i.DMA_ClearITPendingBit                  0x08000810   Section        0  stm32f10x_dma.o(i.DMA_ClearITPendingBit)
    i.DMA_Cmd                                0x0800082c   Section        0  stm32f10x_dma.o(i.DMA_Cmd)
    i.DMA_DeInit                             0x08000844   Section        0  stm32f10x_dma.o(i.DMA_DeInit)
    i.DMA_ITConfig                           0x08000990   Section        0  stm32f10x_dma.o(i.DMA_ITConfig)
    i.DMA_Init                               0x080009a2   Section        0  stm32f10x_dma.o(i.DMA_Init)
    i.DMA_SetCurrDataCounter                 0x080009de   Section        0  stm32f10x_dma.o(i.DMA_SetCurrDataCounter)
    i.DebugGPIOInit                          0x080009e4   Section        0  main.o(i.DebugGPIOInit)
    i.DebugMon_Handler                       0x08000a2c   Section        0  stm32f10x_it.o(i.DebugMon_Handler)
    i.EXTI15_10_IRQHandler                   0x08000a30   Section        0  remote.o(i.EXTI15_10_IRQHandler)
    i.EXTI_ClearITPendingBit                 0x08000ac4   Section        0  stm32f10x_exti.o(i.EXTI_ClearITPendingBit)
    i.Enroll_Step1                           0x08000ad0   Section        0  finger.o(i.Enroll_Step1)
    i.Enroll_Step2                           0x08000afc   Section        0  finger.o(i.Enroll_Step2)
    i.Enroll_Step3                           0x08000b28   Section        0  finger.o(i.Enroll_Step3)
    i.FLASH_ErasePage                        0x08000b54   Section        0  stm32f10x_flash.o(i.FLASH_ErasePage)
    i.FLASH_GetBank1Status                   0x08000ba0   Section        0  stm32f10x_flash.o(i.FLASH_GetBank1Status)
    i.FLASH_Lock                             0x08000bd4   Section        0  stm32f10x_flash.o(i.FLASH_Lock)
    i.FLASH_ProgramHalfWord                  0x08000be8   Section        0  stm32f10x_flash.o(i.FLASH_ProgramHalfWord)
    i.FLASH_ReadHalfWord                     0x08000c28   Section        0  san_flash.o(i.FLASH_ReadHalfWord)
    i.FLASH_ReadMoreData                     0x08000c2e   Section        0  san_flash.o(i.FLASH_ReadMoreData)
    i.FLASH_Unlock                           0x08000c50   Section        0  stm32f10x_flash.o(i.FLASH_Unlock)
    i.FLASH_WaitForLastOperation             0x08000c68   Section        0  stm32f10x_flash.o(i.FLASH_WaitForLastOperation)
    i.FLASH_WriteMoreData                    0x08000c90   Section        0  san_flash.o(i.FLASH_WriteMoreData)
    i.FP_Clear                               0x08000d0c   Section        0  finger.o(i.FP_Clear)
    i.FP_Delete                              0x08000d30   Section        0  finger.o(i.FP_Delete)
    i.FP_Search                              0x08000d5a   Section        0  finger.o(i.FP_Search)
    i.FingerGPIO_Init                        0x08000d80   Section        0  finger.o(i.FingerGPIO_Init)
    i.FingerTouchTask                        0x08000dcc   Section        0  syscomment.o(i.FingerTouchTask)
    i.Finger_ClearRecvBuf                    0x08001ca4   Section        0  finger.o(i.Finger_ClearRecvBuf)
    i.Finger_Delete                          0x08001cc8   Section        0  finger.o(i.Finger_Delete)
    i.Finger_Event                           0x08001cdc   Section        0  finger.o(i.Finger_Event)
    i.Finger_ModeSet                         0x08001f3c   Section        0  finger.o(i.Finger_ModeSet)
    i.Finger_Read                            0x08001f62   Section        0  finger.o(i.Finger_Read)
    i.GENERAL_TIMx_Configuration             0x08001f88   Section        0  timer.o(i.GENERAL_TIMx_Configuration)
    i.GENERAL_TIMx_NVIC_Configuration        0x08001fd0   Section        0  timer.o(i.GENERAL_TIMx_NVIC_Configuration)
    i.GPIO_Init                              0x08001ff2   Section        0  stm32f10x_gpio.o(i.GPIO_Init)
    i.GPIO_ReadInputDataBit                  0x08002108   Section        0  stm32f10x_gpio.o(i.GPIO_ReadInputDataBit)
    i.GPIO_ResetBits                         0x0800211a   Section        0  stm32f10x_gpio.o(i.GPIO_ResetBits)
    i.GPIO_SetBits                           0x0800211e   Section        0  stm32f10x_gpio.o(i.GPIO_SetBits)
    i.HardFault_Handler                      0x08002122   Section        0  stm32f10x_it.o(i.HardFault_Handler)
    i.IWDG_Enable                            0x08002128   Section        0  stm32f10x_iwdg.o(i.IWDG_Enable)
    i.IWDG_Feed                              0x08002138   Section        0  wdg.o(i.IWDG_Feed)
    i.IWDG_Init                              0x08002140   Section        0  wdg.o(i.IWDG_Init)
    i.IWDG_ReloadCounter                     0x08002164   Section        0  stm32f10x_iwdg.o(i.IWDG_ReloadCounter)
    i.IWDG_SetPrescaler                      0x08002174   Section        0  stm32f10x_iwdg.o(i.IWDG_SetPrescaler)
    i.IWDG_SetReload                         0x08002180   Section        0  stm32f10x_iwdg.o(i.IWDG_SetReload)
    i.IWDG_WriteAccessCmd                    0x0800218c   Section        0  stm32f10x_iwdg.o(i.IWDG_WriteAccessCmd)
    i.KeyGPIOInit                            0x08002198   Section        0  main.o(i.KeyGPIOInit)
    i.KeyTask                                0x080021c4   Section        0  syscomment.o(i.KeyTask)
    i.LEDGPIOInit                            0x080022e0   Section        0  main.o(i.LEDGPIOInit)
    i.LedStreamTask                          0x08002320   Section        0  syscomment.o(i.LedStreamTask)
    i.LedTask                                0x080024f8   Section        0  syscomment.o(i.LedTask)
    i.LockGPIOInit                           0x080024fc   Section        0  main.o(i.LockGPIOInit)
    i.Lock_01_Task                           0x08002534   Section        0  syscomment.o(i.Lock_01_Task)
    i.MYUSART_SendData                       0x080026ec   Section        0  finger.o(i.MYUSART_SendData)
    MYUSART_SendData                         0x080026ed   Thumb Code    12  finger.o(i.MYUSART_SendData)
    i.MainTask                               0x080026f8   Section        0  syscomment.o(i.MainTask)
    i.MemManage_Handler                      0x0800271c   Section        0  stm32f10x_it.o(i.MemManage_Handler)
    i.Moto_01_Task                           0x08002720   Section        0  syscomment.o(i.Moto_01_Task)
    i.Moto_DirGPIOInit                       0x08002f18   Section        0  main.o(i.Moto_DirGPIOInit)
    i.Moto_ZeroGPIOInit                      0x08002f1c   Section        0  main.o(i.Moto_ZeroGPIOInit)
    i.NMI_Handler                            0x08002f48   Section        0  stm32f10x_it.o(i.NMI_Handler)
    i.NVIC_Configuration                     0x08002f4a   Section        0  sys.o(i.NVIC_Configuration)
    i.NVIC_Init                              0x08002f58   Section        0  misc.o(i.NVIC_Init)
    i.NVIC_PriorityGroupConfig               0x08002fc8   Section        0  misc.o(i.NVIC_PriorityGroupConfig)
    i.PWM_01_Task                            0x08002fdc   Section        0  syscomment.o(i.PWM_01_Task)
    i.PendSV_Handler                         0x080030f0   Section        0  stm32f10x_it.o(i.PendSV_Handler)
    i.Pulse_Width_Check                      0x080030f4   Section        0  remote.o(i.Pulse_Width_Check)
    i.RCC_AHBPeriphClockCmd                  0x08003120   Section        0  stm32f10x_rcc.o(i.RCC_AHBPeriphClockCmd)
    i.RCC_APB1PeriphClockCmd                 0x08003140   Section        0  stm32f10x_rcc.o(i.RCC_APB1PeriphClockCmd)
    i.RCC_APB1PeriphResetCmd                 0x08003160   Section        0  stm32f10x_rcc.o(i.RCC_APB1PeriphResetCmd)
    i.RCC_APB2PeriphClockCmd                 0x08003180   Section        0  stm32f10x_rcc.o(i.RCC_APB2PeriphClockCmd)
    i.RCC_APB2PeriphResetCmd                 0x080031a0   Section        0  stm32f10x_rcc.o(i.RCC_APB2PeriphResetCmd)
    i.RCC_GetClocksFreq                      0x080031c0   Section        0  stm32f10x_rcc.o(i.RCC_GetClocksFreq)
    i.SVC_Handler                            0x08003294   Section        0  stm32f10x_it.o(i.SVC_Handler)
    i.San_PWM_Init                           0x08003298   Section        0  pwm.o(i.San_PWM_Init)
    i.SetSysClock                            0x08003338   Section        0  system_stm32f10x.o(i.SetSysClock)
    SetSysClock                              0x08003339   Thumb Code     8  system_stm32f10x.o(i.SetSysClock)
    i.SetSysClockTo72                        0x08003340   Section        0  system_stm32f10x.o(i.SetSysClockTo72)
    SetSysClockTo72                          0x08003341   Thumb Code   214  system_stm32f10x.o(i.SetSysClockTo72)
    i.SysEventInit                           0x08003420   Section        0  syscomment.o(i.SysEventInit)
    i.SysInit                                0x08003460   Section        0  syscomment.o(i.SysInit)
    i.SysSaveDataTask                        0x080037a0   Section        0  syscomment.o(i.SysSaveDataTask)
    i.SysTickTask                            0x080038ec   Section        0  main.o(i.SysTickTask)
    i.SysTick_CLKSourceConfig                0x08003a24   Section        0  misc.o(i.SysTick_CLKSourceConfig)
    i.SystemInit                             0x08003a4c   Section        0  system_stm32f10x.o(i.SystemInit)
    i.TIM2_IRQHandler                        0x08003aac   Section        0  timer.o(i.TIM2_IRQHandler)
    i.TIM3_IRQHandler                        0x08003ad0   Section        0  timer.o(i.TIM3_IRQHandler)
    i.TIM4_IRQHandler                        0x08003b04   Section        0  timer.o(i.TIM4_IRQHandler)
    i.TIM4_Int_Init                          0x08003b38   Section        0  timer.o(i.TIM4_Int_Init)
    i.TIM_ARRPreloadConfig                   0x08003b98   Section        0  stm32f10x_tim.o(i.TIM_ARRPreloadConfig)
    i.TIM_ClearITPendingBit                  0x08003bb0   Section        0  stm32f10x_tim.o(i.TIM_ClearITPendingBit)
    i.TIM_Cmd                                0x08003bb6   Section        0  stm32f10x_tim.o(i.TIM_Cmd)
    i.TIM_CtrlPWMOutputs                     0x08003bce   Section        0  stm32f10x_tim.o(i.TIM_CtrlPWMOutputs)
    i.TIM_DMACmd                             0x08003bec   Section        0  stm32f10x_tim.o(i.TIM_DMACmd)
    i.TIM_DeInit                             0x08003c00   Section        0  stm32f10x_tim.o(i.TIM_DeInit)
    i.TIM_GetITStatus                        0x08003de8   Section        0  stm32f10x_tim.o(i.TIM_GetITStatus)
    i.TIM_ITConfig                           0x08003e0a   Section        0  stm32f10x_tim.o(i.TIM_ITConfig)
    i.TIM_OC1Init                            0x08003e1c   Section        0  stm32f10x_tim.o(i.TIM_OC1Init)
    i.TIM_OC1PreloadConfig                   0x08003eb4   Section        0  stm32f10x_tim.o(i.TIM_OC1PreloadConfig)
    i.TIM_OC3Init                            0x08003ec8   Section        0  stm32f10x_tim.o(i.TIM_OC3Init)
    i.TIM_OC3PreloadConfig                   0x08003f68   Section        0  stm32f10x_tim.o(i.TIM_OC3PreloadConfig)
    i.TIM_OC4Init                            0x08003f7c   Section        0  stm32f10x_tim.o(i.TIM_OC4Init)
    i.TIM_OC4PreloadConfig                   0x08003ff8   Section        0  stm32f10x_tim.o(i.TIM_OC4PreloadConfig)
    i.TIM_SetCompare3                        0x08004012   Section        0  stm32f10x_tim.o(i.TIM_SetCompare3)
    i.TIM_SetCompare4                        0x08004016   Section        0  stm32f10x_tim.o(i.TIM_SetCompare4)
    i.TIM_SetCounter                         0x0800401c   Section        0  stm32f10x_tim.o(i.TIM_SetCounter)
    i.TIM_TimeBaseInit                       0x08004020   Section        0  stm32f10x_tim.o(i.TIM_TimeBaseInit)
    i.UART_SendPackage                       0x080040c4   Section        0  finger.o(i.UART_SendPackage)
    i.USART1_IRQHandler                      0x0800411c   Section        0  usart1.o(i.USART1_IRQHandler)
    i.USART2_IRQHandler                      0x0800418c   Section        0  usart2.o(i.USART2_IRQHandler)
    i.USART3_IRQHandler                      0x080041fc   Section        0  usart3.o(i.USART3_IRQHandler)
    i.USART_Cmd                              0x0800426c   Section        0  stm32f10x_usart.o(i.USART_Cmd)
    i.USART_DeInit                           0x08004284   Section        0  stm32f10x_usart.o(i.USART_DeInit)
    i.USART_GetFlagStatus                    0x08004320   Section        0  stm32f10x_usart.o(i.USART_GetFlagStatus)
    i.USART_GetITStatus                      0x0800433a   Section        0  stm32f10x_usart.o(i.USART_GetITStatus)
    i.USART_ITConfig                         0x0800438e   Section        0  stm32f10x_usart.o(i.USART_ITConfig)
    i.USART_Init                             0x080043d8   Section        0  stm32f10x_usart.o(i.USART_Init)
    i.USART_ReceiveData                      0x080044b0   Section        0  stm32f10x_usart.o(i.USART_ReceiveData)
    i.USART_SendData                         0x080044ba   Section        0  stm32f10x_usart.o(i.USART_SendData)
    i.UartSend                               0x080044c2   Section        0  finger.o(i.UartSend)
    i.UsageFault_Handler                     0x080044dc   Section        0  stm32f10x_it.o(i.UsageFault_Handler)
    i.Usart2_SendByte                        0x080044e0   Section        0  usart2.o(i.Usart2_SendByte)
    i.__0snprintf$1                          0x08004500   Section        0  printf1.o(i.__0snprintf$1)
    i.__0vsprintf                            0x08004528   Section        0  printfa.o(i.__0vsprintf)
    i.__scatterload_copy                     0x0800454c   Section       14  handlers.o(i.__scatterload_copy)
    i.__scatterload_null                     0x0800455a   Section        2  handlers.o(i.__scatterload_null)
    i.__scatterload_zeroinit                 0x0800455c   Section       14  handlers.o(i.__scatterload_zeroinit)
    i._fp_digits                             0x0800456c   Section        0  printfa.o(i._fp_digits)
    _fp_digits                               0x0800456d   Thumb Code   334  printfa.o(i._fp_digits)
    i._printf_core                           0x080046d0   Section        0  printf1.o(i._printf_core)
    _printf_core                             0x080046d1   Thumb Code   336  printf1.o(i._printf_core)
    i._printf_core                           0x08004824   Section        0  printfa.o(i._printf_core)
    _printf_core                             0x08004825   Thumb Code  1744  printfa.o(i._printf_core)
    i._printf_post_padding                   0x08004f00   Section        0  printfa.o(i._printf_post_padding)
    _printf_post_padding                     0x08004f01   Thumb Code    36  printfa.o(i._printf_post_padding)
    i._printf_pre_padding                    0x08004f24   Section        0  printfa.o(i._printf_pre_padding)
    _printf_pre_padding                      0x08004f25   Thumb Code    46  printfa.o(i._printf_pre_padding)
    i._snputc                                0x08004f52   Section        0  printf1.o(i._snputc)
    _snputc                                  0x08004f53   Thumb Code    22  printf1.o(i._snputc)
    i._sputc                                 0x08004f68   Section        0  printfa.o(i._sputc)
    _sputc                                   0x08004f69   Thumb Code    10  printfa.o(i._sputc)
    i.delay_init                             0x08004f74   Section        0  delay.o(i.delay_init)
    i.delay_ms                               0x08004fb8   Section        0  delay.o(i.delay_ms)
    i.delay_us                               0x08005004   Section        0  delay.o(i.delay_us)
    i.main                                   0x08005050   Section        0  main.o(i.main)
    i.malloc                                 0x080050f4   Section        0  malloc.o(i.malloc)
    i.u3_printf                              0x08005160   Section        0  usart3.o(i.u3_printf)
    i.usart2_init                            0x080051b0   Section        0  usart2.o(i.usart2_init)
    i.usart3_init                            0x0800527c   Section        0  usart3.o(i.usart3_init)
    i.ws2812bClear                           0x08005324   Section        0  ws2812b.o(i.ws2812bClear)
    i.ws2812bClearAll                        0x08005334   Section        0  ws2812b.o(i.ws2812bClearAll)
    i.ws2812bInit                            0x08005370   Section        0  ws2812b.o(i.ws2812bInit)
    i.ws2812bSend                            0x08005498   Section        0  ws2812b.o(i.ws2812bSend)
    ws2812bSend                              0x08005499   Thumb Code    38  ws2812b.o(i.ws2812bSend)
    i.ws2812bSet                             0x080054c8   Section        0  ws2812b.o(i.ws2812bSet)
    i.ws2812bSetAll                          0x0800555c   Section        0  ws2812b.o(i.ws2812bSetAll)
    .data                                    0x20000000   Section        6  main.o(.data)
    u16SecTick                               0x20000004   Data           2  main.o(.data)
    .data                                    0x20000008   Section       20  system_stm32f10x.o(.data)
    .data                                    0x2000001c   Section       20  stm32f10x_rcc.o(.data)
    APBAHBPrescTable                         0x2000001c   Data          16  stm32f10x_rcc.o(.data)
    ADCPrescTable                            0x2000002c   Data           4  stm32f10x_rcc.o(.data)
    .data                                    0x20000030   Section      123  syscomment.o(.data)
    g_bSensorState                           0x20000030   Data           1  syscomment.o(.data)
    mDelay                                   0x20000032   Data           2  syscomment.o(.data)
    u8MatchCnt                               0x200000a4   Data           1  syscomment.o(.data)
    u8SetCnt                                 0x200000a5   Data           1  syscomment.o(.data)
    u8LedNum                                 0x200000a6   Data           1  syscomment.o(.data)
    u8Blink                                  0x200000a7   Data           1  syscomment.o(.data)
    u8StateSave                              0x200000a8   Data           1  syscomment.o(.data)
    u8Status                                 0x200000a9   Data           1  syscomment.o(.data)
    u8count                                  0x200000aa   Data           1  syscomment.o(.data)
    .data                                    0x200000ac   Section        6  remote.o(.data)
    .data                                    0x200000b2   Section        2  usart1.o(.data)
    .data                                    0x200000b4   Section        2  usart2.o(.data)
    .data                                    0x200000b6   Section        2  usart3.o(.data)
    .data                                    0x200000b8   Section       28  finger.o(.data)
    A1020_cmd                                0x200000ca   Data           1  finger.o(.data)
    FingerState                              0x200000cb   Data           1  finger.o(.data)
    fingerSubState                           0x200000cc   Data           1  finger.o(.data)
    u32TimeSave                              0x200000d0   Data           4  finger.o(.data)
    .data                                    0x200000d4   Section       12  ws2812b.o(.data)
    isInited                                 0x200000d4   Data           4  ws2812b.o(.data)
    GPIO_InitStruct                          0x200000d8   Data           4  ws2812b.o(.data)
    NVIC_InitStructure                       0x200000dc   Data           4  ws2812b.o(.data)
    .data                                    0x200000e0   Section        4  delay.o(.data)
    fac_us                                   0x200000e0   Data           1  delay.o(.data)
    fac_ms                                   0x200000e2   Data           2  delay.o(.data)
    .data                                    0x200000e4   Section        4  mvars.o(.data)
    .data                                    0x200000e8   Section        4  mvars.o(.data)
    .bss                                     0x200000ec   Section      112  main.o(.bss)
    .bss                                     0x2000015c   Section      160  syscomment.o(.bss)
    .bss                                     0x200001fc   Section      800  usart1.o(.bss)
    .bss                                     0x2000051c   Section      800  usart2.o(.bss)
    .bss                                     0x2000083c   Section      800  usart3.o(.bss)
    .bss                                     0x20000b5c   Section      396  ws2812b.o(.bss)
    ws2812bBuff                              0x20000b5c   Data         326  ws2812b.o(.bss)
    TIM_TimeBaseStruct                       0x20000ca2   Data          10  ws2812b.o(.bss)
    TIM_OCInitStruct                         0x20000cac   Data          16  ws2812b.o(.bss)
    DMA_InitStruct                           0x20000cbc   Data          44  ws2812b.o(.bss)
    HEAP                                     0x20000ce8   Section      512  startup_stm32f10x_md.o(HEAP)
    STACK                                    0x20000ee8   Section     1024  startup_stm32f10x_md.o(STACK)

    Global Symbols

    Symbol Name                              Value     Ov Type        Size  Object(Section)

    BuildAttributes$$THM_ISAv4$P$D$K$B$S$PE$A:L22UL41UL21$X:L11$S22US41US21$IEEE1$IW$USESV6$~STKCKD$USESV7$~SHL$OSPACE$ROPI$EBA8$MICROLIB$REQ8$PRES8$EABIv2 0x00000000   Number         0  anon$$obj.o ABSOLUTE
    __ARM_use_no_argv                        0x00000000   Number         0  main.o ABSOLUTE
    _printf_a                                0x00000000   Number         0  stubs.o ABSOLUTE
    _printf_c                                0x00000000   Number         0  stubs.o ABSOLUTE
    _printf_charcount                        0x00000000   Number         0  stubs.o ABSOLUTE
    _printf_d                                0x00000000   Number         0  stubs.o ABSOLUTE
    _printf_e                                0x00000000   Number         0  stubs.o ABSOLUTE
    _printf_f                                0x00000000   Number         0  stubs.o ABSOLUTE
    _printf_flags                            0x00000000   Number         0  stubs.o ABSOLUTE
    _printf_fp_dec                           0x00000000   Number         0  stubs.o ABSOLUTE
    _printf_fp_hex                           0x00000000   Number         0  stubs.o ABSOLUTE
    _printf_g                                0x00000000   Number         0  stubs.o ABSOLUTE
    _printf_i                                0x00000000   Number         0  stubs.o ABSOLUTE
    _printf_int_dec                          0x00000000   Number         0  stubs.o ABSOLUTE
    _printf_l                                0x00000000   Number         0  stubs.o ABSOLUTE
    _printf_lc                               0x00000000   Number         0  stubs.o ABSOLUTE
    _printf_ll                               0x00000000   Number         0  stubs.o ABSOLUTE
    _printf_lld                              0x00000000   Number         0  stubs.o ABSOLUTE
    _printf_lli                              0x00000000   Number         0  stubs.o ABSOLUTE
    _printf_llo                              0x00000000   Number         0  stubs.o ABSOLUTE
    _printf_llu                              0x00000000   Number         0  stubs.o ABSOLUTE
    _printf_llx                              0x00000000   Number         0  stubs.o ABSOLUTE
    _printf_longlong_dec                     0x00000000   Number         0  stubs.o ABSOLUTE
    _printf_longlong_hex                     0x00000000   Number         0  stubs.o ABSOLUTE
    _printf_longlong_oct                     0x00000000   Number         0  stubs.o ABSOLUTE
    _printf_ls                               0x00000000   Number         0  stubs.o ABSOLUTE
    _printf_mbtowc                           0x00000000   Number         0  stubs.o ABSOLUTE
    _printf_n                                0x00000000   Number         0  stubs.o ABSOLUTE
    _printf_o                                0x00000000   Number         0  stubs.o ABSOLUTE
    _printf_p                                0x00000000   Number         0  stubs.o ABSOLUTE
    _printf_percent                          0x00000000   Number         0  stubs.o ABSOLUTE
    _printf_pre_padding                      0x00000000   Number         0  stubs.o ABSOLUTE
    _printf_return_value                     0x00000000   Number         0  stubs.o ABSOLUTE
    _printf_s                                0x00000000   Number         0  stubs.o ABSOLUTE
    _printf_sizespec                         0x00000000   Number         0  stubs.o ABSOLUTE
    _printf_str                              0x00000000   Number         0  stubs.o ABSOLUTE
    _printf_truncate_signed                  0x00000000   Number         0  stubs.o ABSOLUTE
    _printf_truncate_unsigned                0x00000000   Number         0  stubs.o ABSOLUTE
    _printf_u                                0x00000000   Number         0  stubs.o ABSOLUTE
    _printf_wc                               0x00000000   Number         0  stubs.o ABSOLUTE
    _printf_wctomb                           0x00000000   Number         0  stubs.o ABSOLUTE
    _printf_widthprec                        0x00000000   Number         0  stubs.o ABSOLUTE
    _printf_x                                0x00000000   Number         0  stubs.o ABSOLUTE
    __cpp_initialize__aeabi_                  - Undefined Weak Reference
    __cxa_finalize                            - Undefined Weak Reference
    __decompress                              - Undefined Weak Reference
    _clock_init                               - Undefined Weak Reference
    _microlib_exit                            - Undefined Weak Reference
    __Vectors_Size                           0x000000ec   Number         0  startup_stm32f10x_md.o ABSOLUTE
    __Vectors                                0x08000000   Data           4  startup_stm32f10x_md.o(RESET)
    __Vectors_End                            0x080000ec   Data           0  startup_stm32f10x_md.o(RESET)
    __main                                   0x080000ed   Thumb Code     0  entry.o(.ARM.Collect$$$$00000000)
    _main_stk                                0x080000ed   Thumb Code     0  entry2.o(.ARM.Collect$$$$00000001)
    _main_scatterload                        0x080000f1   Thumb Code     0  entry5.o(.ARM.Collect$$$$00000004)
    __main_after_scatterload                 0x080000f5   Thumb Code     0  entry5.o(.ARM.Collect$$$$00000004)
    _main_clock                              0x080000f5   Thumb Code     0  entry7b.o(.ARM.Collect$$$$00000008)
    _main_cpp_init                           0x080000f5   Thumb Code     0  entry8b.o(.ARM.Collect$$$$0000000A)
    _main_init                               0x080000f5   Thumb Code     0  entry9a.o(.ARM.Collect$$$$0000000B)
    __rt_final_cpp                           0x080000fd   Thumb Code     0  entry10a.o(.ARM.Collect$$$$0000000D)
    __rt_final_exit                          0x080000fd   Thumb Code     0  entry11a.o(.ARM.Collect$$$$0000000F)
    Reset_Handler                            0x08000101   Thumb Code     8  startup_stm32f10x_md.o(.text)
    SysTick_Handler                          0x08000119   Thumb Code     2  startup_stm32f10x_md.o(.text)
    ADC1_2_IRQHandler                        0x0800011b   Thumb Code     0  startup_stm32f10x_md.o(.text)
    CAN1_RX1_IRQHandler                      0x0800011b   Thumb Code     0  startup_stm32f10x_md.o(.text)
    CAN1_SCE_IRQHandler                      0x0800011b   Thumb Code     0  startup_stm32f10x_md.o(.text)
    DMA1_Channel1_IRQHandler                 0x0800011b   Thumb Code     0  startup_stm32f10x_md.o(.text)
    DMA1_Channel3_IRQHandler                 0x0800011b   Thumb Code     0  startup_stm32f10x_md.o(.text)
    DMA1_Channel4_IRQHandler                 0x0800011b   Thumb Code     0  startup_stm32f10x_md.o(.text)
    DMA1_Channel5_IRQHandler                 0x0800011b   Thumb Code     0  startup_stm32f10x_md.o(.text)
    DMA1_Channel6_IRQHandler                 0x0800011b   Thumb Code     0  startup_stm32f10x_md.o(.text)
    DMA1_Channel7_IRQHandler                 0x0800011b   Thumb Code     0  startup_stm32f10x_md.o(.text)
    EXTI0_IRQHandler                         0x0800011b   Thumb Code     0  startup_stm32f10x_md.o(.text)
    EXTI1_IRQHandler                         0x0800011b   Thumb Code     0  startup_stm32f10x_md.o(.text)
    EXTI2_IRQHandler                         0x0800011b   Thumb Code     0  startup_stm32f10x_md.o(.text)
    EXTI3_IRQHandler                         0x0800011b   Thumb Code     0  startup_stm32f10x_md.o(.text)
    EXTI4_IRQHandler                         0x0800011b   Thumb Code     0  startup_stm32f10x_md.o(.text)
    EXTI9_5_IRQHandler                       0x0800011b   Thumb Code     0  startup_stm32f10x_md.o(.text)
    FLASH_IRQHandler                         0x0800011b   Thumb Code     0  startup_stm32f10x_md.o(.text)
    I2C1_ER_IRQHandler                       0x0800011b   Thumb Code     0  startup_stm32f10x_md.o(.text)
    I2C1_EV_IRQHandler                       0x0800011b   Thumb Code     0  startup_stm32f10x_md.o(.text)
    I2C2_ER_IRQHandler                       0x0800011b   Thumb Code     0  startup_stm32f10x_md.o(.text)
    I2C2_EV_IRQHandler                       0x0800011b   Thumb Code     0  startup_stm32f10x_md.o(.text)
    PVD_IRQHandler                           0x0800011b   Thumb Code     0  startup_stm32f10x_md.o(.text)
    RCC_IRQHandler                           0x0800011b   Thumb Code     0  startup_stm32f10x_md.o(.text)
    RTCAlarm_IRQHandler                      0x0800011b   Thumb Code     0  startup_stm32f10x_md.o(.text)
    RTC_IRQHandler                           0x0800011b   Thumb Code     0  startup_stm32f10x_md.o(.text)
    SPI1_IRQHandler                          0x0800011b   Thumb Code     0  startup_stm32f10x_md.o(.text)
    SPI2_IRQHandler                          0x0800011b   Thumb Code     0  startup_stm32f10x_md.o(.text)
    TAMPER_IRQHandler                        0x0800011b   Thumb Code     0  startup_stm32f10x_md.o(.text)
    TIM1_BRK_IRQHandler                      0x0800011b   Thumb Code     0  startup_stm32f10x_md.o(.text)
    TIM1_CC_IRQHandler                       0x0800011b   Thumb Code     0  startup_stm32f10x_md.o(.text)
    TIM1_TRG_COM_IRQHandler                  0x0800011b   Thumb Code     0  startup_stm32f10x_md.o(.text)
    TIM1_UP_IRQHandler                       0x0800011b   Thumb Code     0  startup_stm32f10x_md.o(.text)
    USBWakeUp_IRQHandler                     0x0800011b   Thumb Code     0  startup_stm32f10x_md.o(.text)
    USB_HP_CAN1_TX_IRQHandler                0x0800011b   Thumb Code     0  startup_stm32f10x_md.o(.text)
    USB_LP_CAN1_RX0_IRQHandler               0x0800011b   Thumb Code     0  startup_stm32f10x_md.o(.text)
    WWDG_IRQHandler                          0x0800011b   Thumb Code     0  startup_stm32f10x_md.o(.text)
    __aeabi_memset                           0x08000125   Thumb Code    14  memseta.o(.text)
    __aeabi_memset4                          0x08000125   Thumb Code     0  memseta.o(.text)
    __aeabi_memset8                          0x08000125   Thumb Code     0  memseta.o(.text)
    __aeabi_memclr                           0x08000133   Thumb Code     4  memseta.o(.text)
    __aeabi_memclr4                          0x08000133   Thumb Code     0  memseta.o(.text)
    __aeabi_memclr8                          0x08000133   Thumb Code     0  memseta.o(.text)
    _memset$wrapper                          0x08000137   Thumb Code    18  memseta.o(.text)
    strstr                                   0x08000149   Thumb Code    36  strstr.o(.text)
    strlen                                   0x0800016d   Thumb Code    14  strlen.o(.text)
    __aeabi_uidiv                            0x0800017b   Thumb Code     0  uidiv.o(.text)
    __aeabi_uidivmod                         0x0800017b   Thumb Code    44  uidiv.o(.text)
    __aeabi_uldivmod                         0x080001a7   Thumb Code    98  uldiv.o(.text)
    __I$use$fp                               0x08000209   Thumb Code     0  iusefp.o(.text)
    __aeabi_dadd                             0x08000209   Thumb Code   322  dadd.o(.text)
    __aeabi_dsub                             0x0800034b   Thumb Code     6  dadd.o(.text)
    __aeabi_drsub                            0x08000351   Thumb Code     6  dadd.o(.text)
    __aeabi_dmul                             0x08000357   Thumb Code   228  dmul.o(.text)
    __aeabi_ddiv                             0x0800043b   Thumb Code   222  ddiv.o(.text)
    __aeabi_d2ulz                            0x08000519   Thumb Code    48  dfixul.o(.text)
    __aeabi_cdrcmple                         0x08000549   Thumb Code    48  cdrcmple.o(.text)
    __scatterload                            0x08000579   Thumb Code    28  init.o(.text)
    __scatterload_rt2                        0x08000579   Thumb Code     0  init.o(.text)
    __aeabi_llsl                             0x0800059d   Thumb Code    30  llshl.o(.text)
    _ll_shift_l                              0x0800059d   Thumb Code     0  llshl.o(.text)
    __aeabi_llsr                             0x080005bb   Thumb Code    32  llushr.o(.text)
    _ll_ushift_r                             0x080005bb   Thumb Code     0  llushr.o(.text)
    __aeabi_lasr                             0x080005db   Thumb Code    36  llsshr.o(.text)
    _ll_sshift_r                             0x080005db   Thumb Code     0  llsshr.o(.text)
    _double_round                            0x080005ff   Thumb Code    30  depilogue.o(.text)
    _double_epilogue                         0x0800061d   Thumb Code   156  depilogue.o(.text)
    BusFault_Handler                         0x080006b9   Thumb Code     4  stm32f10x_it.o(i.BusFault_Handler)
    Check_Package                            0x080006bd   Thumb Code   218  finger.o(i.Check_Package)
    CmdGenCHK                                0x080007a5   Thumb Code    26  finger.o(i.CmdGenCHK)
    DMA1_Channel2_IRQHandler                 0x080007c1   Thumb Code    44  ws2812b.o(i.DMA1_Channel2_IRQHandler)
    DMA_ClearFlag                            0x080007f5   Thumb Code    18  stm32f10x_dma.o(i.DMA_ClearFlag)
    DMA_ClearITPendingBit                    0x08000811   Thumb Code    18  stm32f10x_dma.o(i.DMA_ClearITPendingBit)
    DMA_Cmd                                  0x0800082d   Thumb Code    24  stm32f10x_dma.o(i.DMA_Cmd)
    DMA_DeInit                               0x08000845   Thumb Code   324  stm32f10x_dma.o(i.DMA_DeInit)
    DMA_ITConfig                             0x08000991   Thumb Code    18  stm32f10x_dma.o(i.DMA_ITConfig)
    DMA_Init                                 0x080009a3   Thumb Code    60  stm32f10x_dma.o(i.DMA_Init)
    DMA_SetCurrDataCounter                   0x080009df   Thumb Code     4  stm32f10x_dma.o(i.DMA_SetCurrDataCounter)
    DebugGPIOInit                            0x080009e5   Thumb Code    66  main.o(i.DebugGPIOInit)
    DebugMon_Handler                         0x08000a2d   Thumb Code     2  stm32f10x_it.o(i.DebugMon_Handler)
    EXTI15_10_IRQHandler                     0x08000a31   Thumb Code   130  remote.o(i.EXTI15_10_IRQHandler)
    EXTI_ClearITPendingBit                   0x08000ac5   Thumb Code     6  stm32f10x_exti.o(i.EXTI_ClearITPendingBit)
    Enroll_Step1                             0x08000ad1   Thumb Code    44  finger.o(i.Enroll_Step1)
    Enroll_Step2                             0x08000afd   Thumb Code    44  finger.o(i.Enroll_Step2)
    Enroll_Step3                             0x08000b29   Thumb Code    44  finger.o(i.Enroll_Step3)
    FLASH_ErasePage                          0x08000b55   Thumb Code    72  stm32f10x_flash.o(i.FLASH_ErasePage)
    FLASH_GetBank1Status                     0x08000ba1   Thumb Code    48  stm32f10x_flash.o(i.FLASH_GetBank1Status)
    FLASH_Lock                               0x08000bd5   Thumb Code    14  stm32f10x_flash.o(i.FLASH_Lock)
    FLASH_ProgramHalfWord                    0x08000be9   Thumb Code    60  stm32f10x_flash.o(i.FLASH_ProgramHalfWord)
    FLASH_ReadHalfWord                       0x08000c29   Thumb Code     6  san_flash.o(i.FLASH_ReadHalfWord)
    FLASH_ReadMoreData                       0x08000c2f   Thumb Code    34  san_flash.o(i.FLASH_ReadMoreData)
    FLASH_Unlock                             0x08000c51   Thumb Code    12  stm32f10x_flash.o(i.FLASH_Unlock)
    FLASH_WaitForLastOperation               0x08000c69   Thumb Code    38  stm32f10x_flash.o(i.FLASH_WaitForLastOperation)
    FLASH_WriteMoreData                      0x08000c91   Thumb Code   120  san_flash.o(i.FLASH_WriteMoreData)
    FP_Clear                                 0x08000d0d   Thumb Code    36  finger.o(i.FP_Clear)
    FP_Delete                                0x08000d31   Thumb Code    42  finger.o(i.FP_Delete)
    FP_Search                                0x08000d5b   Thumb Code    36  finger.o(i.FP_Search)
    FingerGPIO_Init                          0x08000d81   Thumb Code    72  finger.o(i.FingerGPIO_Init)
    FingerTouchTask                          0x08000dcd   Thumb Code  3434  syscomment.o(i.FingerTouchTask)
    Finger_ClearRecvBuf                      0x08001ca5   Thumb Code    26  finger.o(i.Finger_ClearRecvBuf)
    Finger_Delete                            0x08001cc9   Thumb Code    18  finger.o(i.Finger_Delete)
    Finger_Event                             0x08001cdd   Thumb Code   468  finger.o(i.Finger_Event)
    Finger_ModeSet                           0x08001f3d   Thumb Code    38  finger.o(i.Finger_ModeSet)
    Finger_Read                              0x08001f63   Thumb Code    38  finger.o(i.Finger_Read)
    GENERAL_TIMx_Configuration               0x08001f89   Thumb Code    72  timer.o(i.GENERAL_TIMx_Configuration)
    GENERAL_TIMx_NVIC_Configuration          0x08001fd1   Thumb Code    34  timer.o(i.GENERAL_TIMx_NVIC_Configuration)
    GPIO_Init                                0x08001ff3   Thumb Code   278  stm32f10x_gpio.o(i.GPIO_Init)
    GPIO_ReadInputDataBit                    0x08002109   Thumb Code    18  stm32f10x_gpio.o(i.GPIO_ReadInputDataBit)
    GPIO_ResetBits                           0x0800211b   Thumb Code     4  stm32f10x_gpio.o(i.GPIO_ResetBits)
    GPIO_SetBits                             0x0800211f   Thumb Code     4  stm32f10x_gpio.o(i.GPIO_SetBits)
    HardFault_Handler                        0x08002123   Thumb Code     4  stm32f10x_it.o(i.HardFault_Handler)
    IWDG_Enable                              0x08002129   Thumb Code    10  stm32f10x_iwdg.o(i.IWDG_Enable)
    IWDG_Feed                                0x08002139   Thumb Code     8  wdg.o(i.IWDG_Feed)
    IWDG_Init                                0x08002141   Thumb Code    36  wdg.o(i.IWDG_Init)
    IWDG_ReloadCounter                       0x08002165   Thumb Code    10  stm32f10x_iwdg.o(i.IWDG_ReloadCounter)
    IWDG_SetPrescaler                        0x08002175   Thumb Code     6  stm32f10x_iwdg.o(i.IWDG_SetPrescaler)
    IWDG_SetReload                           0x08002181   Thumb Code     6  stm32f10x_iwdg.o(i.IWDG_SetReload)
    IWDG_WriteAccessCmd                      0x0800218d   Thumb Code     6  stm32f10x_iwdg.o(i.IWDG_WriteAccessCmd)
    KeyGPIOInit                              0x08002199   Thumb Code    40  main.o(i.KeyGPIOInit)
    KeyTask                                  0x080021c5   Thumb Code   220  syscomment.o(i.KeyTask)
    LEDGPIOInit                              0x080022e1   Thumb Code    58  main.o(i.LEDGPIOInit)
    LedStreamTask                            0x08002321   Thumb Code   458  syscomment.o(i.LedStreamTask)
    LedTask                                  0x080024f9   Thumb Code     2  syscomment.o(i.LedTask)
    LockGPIOInit                             0x080024fd   Thumb Code    50  main.o(i.LockGPIOInit)
    Lock_01_Task                             0x08002535   Thumb Code   346  syscomment.o(i.Lock_01_Task)
    MainTask                                 0x080026f9   Thumb Code    36  syscomment.o(i.MainTask)
    MemManage_Handler                        0x0800271d   Thumb Code     4  stm32f10x_it.o(i.MemManage_Handler)
    Moto_01_Task                             0x08002721   Thumb Code  1852  syscomment.o(i.Moto_01_Task)
    Moto_DirGPIOInit                         0x08002f19   Thumb Code     2  main.o(i.Moto_DirGPIOInit)
    Moto_ZeroGPIOInit                        0x08002f1d   Thumb Code    40  main.o(i.Moto_ZeroGPIOInit)
    NMI_Handler                              0x08002f49   Thumb Code     2  stm32f10x_it.o(i.NMI_Handler)
    NVIC_Configuration                       0x08002f4b   Thumb Code    12  sys.o(i.NVIC_Configuration)
    NVIC_Init                                0x08002f59   Thumb Code   100  misc.o(i.NVIC_Init)
    NVIC_PriorityGroupConfig                 0x08002fc9   Thumb Code    10  misc.o(i.NVIC_PriorityGroupConfig)
    PWM_01_Task                              0x08002fdd   Thumb Code   222  syscomment.o(i.PWM_01_Task)
    PendSV_Handler                           0x080030f1   Thumb Code     2  stm32f10x_it.o(i.PendSV_Handler)
    Pulse_Width_Check                        0x080030f5   Thumb Code    38  remote.o(i.Pulse_Width_Check)
    RCC_AHBPeriphClockCmd                    0x08003121   Thumb Code    26  stm32f10x_rcc.o(i.RCC_AHBPeriphClockCmd)
    RCC_APB1PeriphClockCmd                   0x08003141   Thumb Code    26  stm32f10x_rcc.o(i.RCC_APB1PeriphClockCmd)
    RCC_APB1PeriphResetCmd                   0x08003161   Thumb Code    26  stm32f10x_rcc.o(i.RCC_APB1PeriphResetCmd)
    RCC_APB2PeriphClockCmd                   0x08003181   Thumb Code    26  stm32f10x_rcc.o(i.RCC_APB2PeriphClockCmd)
    RCC_APB2PeriphResetCmd                   0x080031a1   Thumb Code    26  stm32f10x_rcc.o(i.RCC_APB2PeriphResetCmd)
    RCC_GetClocksFreq                        0x080031c1   Thumb Code   192  stm32f10x_rcc.o(i.RCC_GetClocksFreq)
    SVC_Handler                              0x08003295   Thumb Code     2  stm32f10x_it.o(i.SVC_Handler)
    San_PWM_Init                             0x08003299   Thumb Code   150  pwm.o(i.San_PWM_Init)
    SysEventInit                             0x08003421   Thumb Code    56  syscomment.o(i.SysEventInit)
    SysInit                                  0x08003461   Thumb Code   814  syscomment.o(i.SysInit)
    SysSaveDataTask                          0x080037a1   Thumb Code   316  syscomment.o(i.SysSaveDataTask)
    SysTickTask                              0x080038ed   Thumb Code   300  main.o(i.SysTickTask)
    SysTick_CLKSourceConfig                  0x08003a25   Thumb Code    40  misc.o(i.SysTick_CLKSourceConfig)
    SystemInit                               0x08003a4d   Thumb Code    78  system_stm32f10x.o(i.SystemInit)
    TIM2_IRQHandler                          0x08003aad   Thumb Code    32  timer.o(i.TIM2_IRQHandler)
    TIM3_IRQHandler                          0x08003ad1   Thumb Code    42  timer.o(i.TIM3_IRQHandler)
    TIM4_IRQHandler                          0x08003b05   Thumb Code    42  timer.o(i.TIM4_IRQHandler)
    TIM4_Int_Init                            0x08003b39   Thumb Code    90  timer.o(i.TIM4_Int_Init)
    TIM_ARRPreloadConfig                     0x08003b99   Thumb Code    24  stm32f10x_tim.o(i.TIM_ARRPreloadConfig)
    TIM_ClearITPendingBit                    0x08003bb1   Thumb Code     6  stm32f10x_tim.o(i.TIM_ClearITPendingBit)
    TIM_Cmd                                  0x08003bb7   Thumb Code    24  stm32f10x_tim.o(i.TIM_Cmd)
    TIM_CtrlPWMOutputs                       0x08003bcf   Thumb Code    30  stm32f10x_tim.o(i.TIM_CtrlPWMOutputs)
    TIM_DMACmd                               0x08003bed   Thumb Code    18  stm32f10x_tim.o(i.TIM_DMACmd)
    TIM_DeInit                               0x08003c01   Thumb Code   424  stm32f10x_tim.o(i.TIM_DeInit)
    TIM_GetITStatus                          0x08003de9   Thumb Code    34  stm32f10x_tim.o(i.TIM_GetITStatus)
    TIM_ITConfig                             0x08003e0b   Thumb Code    18  stm32f10x_tim.o(i.TIM_ITConfig)
    TIM_OC1Init                              0x08003e1d   Thumb Code   132  stm32f10x_tim.o(i.TIM_OC1Init)
    TIM_OC1PreloadConfig                     0x08003eb5   Thumb Code    18  stm32f10x_tim.o(i.TIM_OC1PreloadConfig)
    TIM_OC3Init                              0x08003ec9   Thumb Code   150  stm32f10x_tim.o(i.TIM_OC3Init)
    TIM_OC3PreloadConfig                     0x08003f69   Thumb Code    18  stm32f10x_tim.o(i.TIM_OC3PreloadConfig)
    TIM_OC4Init                              0x08003f7d   Thumb Code   114  stm32f10x_tim.o(i.TIM_OC4Init)
    TIM_OC4PreloadConfig                     0x08003ff9   Thumb Code    26  stm32f10x_tim.o(i.TIM_OC4PreloadConfig)
    TIM_SetCompare3                          0x08004013   Thumb Code     4  stm32f10x_tim.o(i.TIM_SetCompare3)
    TIM_SetCompare4                          0x08004017   Thumb Code     6  stm32f10x_tim.o(i.TIM_SetCompare4)
    TIM_SetCounter                           0x0800401d   Thumb Code     4  stm32f10x_tim.o(i.TIM_SetCounter)
    TIM_TimeBaseInit                         0x08004021   Thumb Code   122  stm32f10x_tim.o(i.TIM_TimeBaseInit)
    UART_SendPackage                         0x080040c5   Thumb Code    78  finger.o(i.UART_SendPackage)
    USART1_IRQHandler                        0x0800411d   Thumb Code    94  usart1.o(i.USART1_IRQHandler)
    USART2_IRQHandler                        0x0800418d   Thumb Code    94  usart2.o(i.USART2_IRQHandler)
    USART3_IRQHandler                        0x080041fd   Thumb Code    94  usart3.o(i.USART3_IRQHandler)
    USART_Cmd                                0x0800426d   Thumb Code    24  stm32f10x_usart.o(i.USART_Cmd)
    USART_DeInit                             0x08004285   Thumb Code   134  stm32f10x_usart.o(i.USART_DeInit)
    USART_GetFlagStatus                      0x08004321   Thumb Code    26  stm32f10x_usart.o(i.USART_GetFlagStatus)
    USART_GetITStatus                        0x0800433b   Thumb Code    84  stm32f10x_usart.o(i.USART_GetITStatus)
    USART_ITConfig                           0x0800438f   Thumb Code    74  stm32f10x_usart.o(i.USART_ITConfig)
    USART_Init                               0x080043d9   Thumb Code   210  stm32f10x_usart.o(i.USART_Init)
    USART_ReceiveData                        0x080044b1   Thumb Code    10  stm32f10x_usart.o(i.USART_ReceiveData)
    USART_SendData                           0x080044bb   Thumb Code     8  stm32f10x_usart.o(i.USART_SendData)
    UartSend                                 0x080044c3   Thumb Code    26  finger.o(i.UartSend)
    UsageFault_Handler                       0x080044dd   Thumb Code     4  stm32f10x_it.o(i.UsageFault_Handler)
    Usart2_SendByte                          0x080044e1   Thumb Code    28  usart2.o(i.Usart2_SendByte)
    __0snprintf$1                            0x08004501   Thumb Code    36  printf1.o(i.__0snprintf$1)
    __1snprintf$1                            0x08004501   Thumb Code     0  printf1.o(i.__0snprintf$1)
    __2snprintf                              0x08004501   Thumb Code     0  printf1.o(i.__0snprintf$1)
    __0vsprintf                              0x08004529   Thumb Code    30  printfa.o(i.__0vsprintf)
    __1vsprintf                              0x08004529   Thumb Code     0  printfa.o(i.__0vsprintf)
    __2vsprintf                              0x08004529   Thumb Code     0  printfa.o(i.__0vsprintf)
    __c89vsprintf                            0x08004529   Thumb Code     0  printfa.o(i.__0vsprintf)
    vsprintf                                 0x08004529   Thumb Code     0  printfa.o(i.__0vsprintf)
    __scatterload_copy                       0x0800454d   Thumb Code    14  handlers.o(i.__scatterload_copy)
    __scatterload_null                       0x0800455b   Thumb Code     2  handlers.o(i.__scatterload_null)
    __scatterload_zeroinit                   0x0800455d   Thumb Code    14  handlers.o(i.__scatterload_zeroinit)
    delay_init                               0x08004f75   Thumb Code    50  delay.o(i.delay_init)
    delay_ms                                 0x08004fb9   Thumb Code    72  delay.o(i.delay_ms)
    delay_us                                 0x08005005   Thumb Code    72  delay.o(i.delay_us)
    main                                     0x08005051   Thumb Code   118  main.o(i.main)
    malloc                                   0x080050f5   Thumb Code    92  malloc.o(i.malloc)
    u3_printf                                0x08005161   Thumb Code    72  usart3.o(i.u3_printf)
    usart2_init                              0x080051b1   Thumb Code   184  usart2.o(i.usart2_init)
    usart3_init                              0x0800527d   Thumb Code   158  usart3.o(i.usart3_init)
    ws2812bClear                             0x08005325   Thumb Code    14  ws2812b.o(i.ws2812bClear)
    ws2812bClearAll                          0x08005335   Thumb Code    56  ws2812b.o(i.ws2812bClearAll)
    ws2812bInit                              0x08005371   Thumb Code   248  ws2812b.o(i.ws2812bInit)
    ws2812bSet                               0x080054c9   Thumb Code   144  ws2812b.o(i.ws2812bSet)
    ws2812bSetAll                            0x0800555d   Thumb Code    16  ws2812b.o(i.ws2812bSetAll)
    Region$$Table$$Base                      0x0800556c   Number         0  anon$$obj.o(Region$$Table)
    Region$$Table$$Limit                     0x0800558c   Number         0  anon$$obj.o(Region$$Table)
    u32SysSoftDog                            0x20000000   Data           4  main.o(.data)
    SystemCoreClock                          0x20000008   Data           4  system_stm32f10x.o(.data)
    AHBPrescTable                            0x2000000c   Data          16  system_stm32f10x.o(.data)
    g_GlassSendAddr                          0x20000034   Data           1  syscomment.o(.data)
    g_FingerAck                              0x20000035   Data           1  syscomment.o(.data)
    g_AckType                                0x20000036   Data           1  syscomment.o(.data)
    g_au32DataSaveAddr                       0x20000038   Data          24  syscomment.o(.data)
    g_au16MoteTime                           0x20000050   Data          84  syscomment.o(.data)
    Remote_Odr                               0x200000ac   Data           4  remote.o(.data)
    Remote_Cnt                               0x200000b0   Data           1  remote.o(.data)
    Remote_Rdy                               0x200000b1   Data           1  remote.o(.data)
    USART1_RX_STA                            0x200000b2   Data           2  usart1.o(.data)
    USART2_RX_STA                            0x200000b4   Data           2  usart2.o(.data)
    USART3_RX_STA                            0x200000b6   Data           2  usart3.o(.data)
    rBuf                                     0x200000b8   Data           8  finger.o(.data)
    tBuf                                     0x200000c0   Data           8  finger.o(.data)
    g_ucUartRxLen                            0x200000c8   Data           1  finger.o(.data)
    l_ucFPID                                 0x200000c9   Data           1  finger.o(.data)
    __microlib_freelist                      0x200000e4   Data           4  mvars.o(.data)
    __microlib_freelist_initialised          0x200000e8   Data           4  mvars.o(.data)
    SysTask                                  0x200000ec   Data         112  main.o(.bss)
    priBuf                                   0x2000015c   Data         120  syscomment.o(.bss)
    g_FingerEvent                            0x200001d4   Data          40  syscomment.o(.bss)
    USART1_RX_BUF                            0x200001fc   Data         400  usart1.o(.bss)
    USART1_TX_BUF                            0x2000038c   Data         400  usart1.o(.bss)
    USART2_RX_BUF                            0x2000051c   Data         400  usart2.o(.bss)
    USART2_TX_BUF                            0x200006ac   Data         400  usart2.o(.bss)
    USART3_RX_BUF                            0x2000083c   Data         400  usart3.o(.bss)
    USART3_TX_BUF                            0x200009cc   Data         400  usart3.o(.bss)
    __heap_base                              0x20000ce8   Data           0  startup_stm32f10x_md.o(HEAP)
    __heap_limit                             0x20000ee8   Data           0  startup_stm32f10x_md.o(HEAP)
    __initial_sp                             0x200012e8   Data           0  startup_stm32f10x_md.o(STACK)



==============================================================================

Memory Map of the image

  Image Entry point : 0x080000ed

  Load Region LR_IROM1 (Base: 0x08000000, Size: 0x00005678, Max: 0x00010000, ABSOLUTE)

    Execution Region ER_IROM1 (Base: 0x08000000, Size: 0x0000558c, Max: 0x00010000, ABSOLUTE)

    Base Addr    Size         Type   Attr      Idx    E Section Name        Object

    0x08000000   0x000000ec   Data   RO            3    RESET               startup_stm32f10x_md.o
    0x080000ec   0x00000000   Code   RO         4318  * .ARM.Collect$$$$00000000  mc_w.l(entry.o)
    0x080000ec   0x00000004   Code   RO         4616    .ARM.Collect$$$$00000001  mc_w.l(entry2.o)
    0x080000f0   0x00000004   Code   RO         4619    .ARM.Collect$$$$00000004  mc_w.l(entry5.o)
    0x080000f4   0x00000000   Code   RO         4621    .ARM.Collect$$$$00000008  mc_w.l(entry7b.o)
    0x080000f4   0x00000000   Code   RO         4623    .ARM.Collect$$$$0000000A  mc_w.l(entry8b.o)
    0x080000f4   0x00000008   Code   RO         4624    .ARM.Collect$$$$0000000B  mc_w.l(entry9a.o)
    0x080000fc   0x00000000   Code   RO         4626    .ARM.Collect$$$$0000000D  mc_w.l(entry10a.o)
    0x080000fc   0x00000000   Code   RO         4628    .ARM.Collect$$$$0000000F  mc_w.l(entry11a.o)
    0x080000fc   0x00000004   Code   RO         4617    .ARM.Collect$$$$00002712  mc_w.l(entry2.o)
    0x08000100   0x00000024   Code   RO            4    .text               startup_stm32f10x_md.o
    0x08000124   0x00000024   Code   RO         4321    .text               mc_w.l(memseta.o)
    0x08000148   0x00000024   Code   RO         4323    .text               mc_w.l(strstr.o)
    0x0800016c   0x0000000e   Code   RO         4325    .text               mc_w.l(strlen.o)
    0x0800017a   0x0000002c   Code   RO         4633    .text               mc_w.l(uidiv.o)
    0x080001a6   0x00000062   Code   RO         4635    .text               mc_w.l(uldiv.o)
    0x08000208   0x00000000   Code   RO         4643    .text               mc_w.l(iusefp.o)
    0x08000208   0x0000014e   Code   RO         4644    .text               mf_w.l(dadd.o)
    0x08000356   0x000000e4   Code   RO         4646    .text               mf_w.l(dmul.o)
    0x0800043a   0x000000de   Code   RO         4648    .text               mf_w.l(ddiv.o)
    0x08000518   0x00000030   Code   RO         4650    .text               mf_w.l(dfixul.o)
    0x08000548   0x00000030   Code   RO         4652    .text               mf_w.l(cdrcmple.o)
    0x08000578   0x00000024   Code   RO         4654    .text               mc_w.l(init.o)
    0x0800059c   0x0000001e   Code   RO         4657    .text               mc_w.l(llshl.o)
    0x080005ba   0x00000020   Code   RO         4659    .text               mc_w.l(llushr.o)
    0x080005da   0x00000024   Code   RO         4661    .text               mc_w.l(llsshr.o)
    0x080005fe   0x000000ba   Code   RO         4664    .text               mf_w.l(depilogue.o)
    0x080006b8   0x00000004   Code   RO          207    i.BusFault_Handler  stm32f10x_it.o
    0x080006bc   0x000000e8   Code   RO         4049    i.Check_Package     finger.o
    0x080007a4   0x0000001a   Code   RO         4050    i.CmdGenCHK         finger.o
    0x080007be   0x00000002   PAD
    0x080007c0   0x00000034   Code   RO         4206    i.DMA1_Channel2_IRQHandler  ws2812b.o
    0x080007f4   0x0000001c   Code   RO         1033    i.DMA_ClearFlag     stm32f10x_dma.o
    0x08000810   0x0000001c   Code   RO         1034    i.DMA_ClearITPendingBit  stm32f10x_dma.o
    0x0800082c   0x00000018   Code   RO         1035    i.DMA_Cmd           stm32f10x_dma.o
    0x08000844   0x0000014c   Code   RO         1036    i.DMA_DeInit        stm32f10x_dma.o
    0x08000990   0x00000012   Code   RO         1040    i.DMA_ITConfig      stm32f10x_dma.o
    0x080009a2   0x0000003c   Code   RO         1041    i.DMA_Init          stm32f10x_dma.o
    0x080009de   0x00000004   Code   RO         1042    i.DMA_SetCurrDataCounter  stm32f10x_dma.o
    0x080009e2   0x00000002   PAD
    0x080009e4   0x00000048   Code   RO           10    i.DebugGPIOInit     main.o
    0x08000a2c   0x00000002   Code   RO          208    i.DebugMon_Handler  stm32f10x_it.o
    0x08000a2e   0x00000002   PAD
    0x08000a30   0x00000094   Code   RO         3831    i.EXTI15_10_IRQHandler  remote.o
    0x08000ac4   0x0000000c   Code   RO         1106    i.EXTI_ClearITPendingBit  stm32f10x_exti.o
    0x08000ad0   0x0000002c   Code   RO         4052    i.Enroll_Step1      finger.o
    0x08000afc   0x0000002c   Code   RO         4053    i.Enroll_Step2      finger.o
    0x08000b28   0x0000002c   Code   RO         4054    i.Enroll_Step3      finger.o
    0x08000b54   0x0000004c   Code   RO         1164    i.FLASH_ErasePage   stm32f10x_flash.o
    0x08000ba0   0x00000034   Code   RO         1165    i.FLASH_GetBank1Status  stm32f10x_flash.o
    0x08000bd4   0x00000014   Code   RO         1174    i.FLASH_Lock        stm32f10x_flash.o
    0x08000be8   0x00000040   Code   RO         1177    i.FLASH_ProgramHalfWord  stm32f10x_flash.o
    0x08000c28   0x00000006   Code   RO         3599    i.FLASH_ReadHalfWord  san_flash.o
    0x08000c2e   0x00000022   Code   RO         3600    i.FLASH_ReadMoreData  san_flash.o
    0x08000c50   0x00000018   Code   RO         1182    i.FLASH_Unlock      stm32f10x_flash.o
    0x08000c68   0x00000026   Code   RO         1186    i.FLASH_WaitForLastOperation  stm32f10x_flash.o
    0x08000c8e   0x00000002   PAD
    0x08000c90   0x0000007c   Code   RO         3602    i.FLASH_WriteMoreData  san_flash.o
    0x08000d0c   0x00000024   Code   RO         4055    i.FP_Clear          finger.o
    0x08000d30   0x0000002a   Code   RO         4056    i.FP_Delete         finger.o
    0x08000d5a   0x00000024   Code   RO         4058    i.FP_Search         finger.o
    0x08000d7e   0x00000002   PAD
    0x08000d80   0x0000004c   Code   RO         4060    i.FingerGPIO_Init   finger.o
    0x08000dcc   0x00000ed8   Code   RO         3459    i.FingerTouchTask   syscomment.o
    0x08001ca4   0x00000024   Code   RO         4062    i.Finger_ClearRecvBuf  finger.o
    0x08001cc8   0x00000012   Code   RO         4063    i.Finger_Delete     finger.o
    0x08001cda   0x00000002   PAD
    0x08001cdc   0x00000260   Code   RO         4065    i.Finger_Event      finger.o
    0x08001f3c   0x00000026   Code   RO         4066    i.Finger_ModeSet    finger.o
    0x08001f62   0x00000026   Code   RO         4067    i.Finger_Read       finger.o
    0x08001f88   0x00000048   Code   RO         3879    i.GENERAL_TIMx_Configuration  timer.o
    0x08001fd0   0x00000022   Code   RO         3880    i.GENERAL_TIMx_NVIC_Configuration  timer.o
    0x08001ff2   0x00000116   Code   RO         1459    i.GPIO_Init         stm32f10x_gpio.o
    0x08002108   0x00000012   Code   RO         1463    i.GPIO_ReadInputDataBit  stm32f10x_gpio.o
    0x0800211a   0x00000004   Code   RO         1466    i.GPIO_ResetBits    stm32f10x_gpio.o
    0x0800211e   0x00000004   Code   RO         1467    i.GPIO_SetBits      stm32f10x_gpio.o
    0x08002122   0x00000004   Code   RO          209    i.HardFault_Handler  stm32f10x_it.o
    0x08002126   0x00000002   PAD
    0x08002128   0x00000010   Code   RO         1771    i.IWDG_Enable       stm32f10x_iwdg.o
    0x08002138   0x00000008   Code   RO         4262    i.IWDG_Feed         wdg.o
    0x08002140   0x00000024   Code   RO         4263    i.IWDG_Init         wdg.o
    0x08002164   0x00000010   Code   RO         1773    i.IWDG_ReloadCounter  stm32f10x_iwdg.o
    0x08002174   0x0000000c   Code   RO         1774    i.IWDG_SetPrescaler  stm32f10x_iwdg.o
    0x08002180   0x0000000c   Code   RO         1775    i.IWDG_SetReload    stm32f10x_iwdg.o
    0x0800218c   0x0000000c   Code   RO         1776    i.IWDG_WriteAccessCmd  stm32f10x_iwdg.o
    0x08002198   0x0000002c   Code   RO           12    i.KeyGPIOInit       main.o
    0x080021c4   0x0000011c   Code   RO         3460    i.KeyTask           syscomment.o
    0x080022e0   0x00000040   Code   RO           13    i.LEDGPIOInit       main.o
    0x08002320   0x000001d8   Code   RO         3461    i.LedStreamTask     syscomment.o
    0x080024f8   0x00000002   Code   RO         3462    i.LedTask           syscomment.o
    0x080024fa   0x00000002   PAD
    0x080024fc   0x00000038   Code   RO           14    i.LockGPIOInit      main.o
    0x08002534   0x000001b8   Code   RO         3463    i.Lock_01_Task      syscomment.o
    0x080026ec   0x0000000c   Code   RO         4070    i.MYUSART_SendData  finger.o
    0x080026f8   0x00000024   Code   RO         3464    i.MainTask          syscomment.o
    0x0800271c   0x00000004   Code   RO          210    i.MemManage_Handler  stm32f10x_it.o
    0x08002720   0x000007f8   Code   RO         3465    i.Moto_01_Task      syscomment.o
    0x08002f18   0x00000002   Code   RO           15    i.Moto_DirGPIOInit  main.o
    0x08002f1a   0x00000002   PAD
    0x08002f1c   0x0000002c   Code   RO           16    i.Moto_ZeroGPIOInit  main.o
    0x08002f48   0x00000002   Code   RO          211    i.NMI_Handler       stm32f10x_it.o
    0x08002f4a   0x0000000c   Code   RO         4306    i.NVIC_Configuration  sys.o
    0x08002f56   0x00000002   PAD
    0x08002f58   0x00000070   Code   RO          308    i.NVIC_Init         misc.o
    0x08002fc8   0x00000014   Code   RO          309    i.NVIC_PriorityGroupConfig  misc.o
    0x08002fdc   0x00000114   Code   RO         3467    i.PWM_01_Task       syscomment.o
    0x080030f0   0x00000002   Code   RO          212    i.PendSV_Handler    stm32f10x_it.o
    0x080030f2   0x00000002   PAD
    0x080030f4   0x0000002c   Code   RO         3832    i.Pulse_Width_Check  remote.o
    0x08003120   0x00000020   Code   RO         1874    i.RCC_AHBPeriphClockCmd  stm32f10x_rcc.o
    0x08003140   0x00000020   Code   RO         1875    i.RCC_APB1PeriphClockCmd  stm32f10x_rcc.o
    0x08003160   0x00000020   Code   RO         1876    i.RCC_APB1PeriphResetCmd  stm32f10x_rcc.o
    0x08003180   0x00000020   Code   RO         1877    i.RCC_APB2PeriphClockCmd  stm32f10x_rcc.o
    0x080031a0   0x00000020   Code   RO         1878    i.RCC_APB2PeriphResetCmd  stm32f10x_rcc.o
    0x080031c0   0x000000d4   Code   RO         1885    i.RCC_GetClocksFreq  stm32f10x_rcc.o
    0x08003294   0x00000002   Code   RO          213    i.SVC_Handler       stm32f10x_it.o
    0x08003296   0x00000002   PAD
    0x08003298   0x000000a0   Code   RO         3867    i.San_PWM_Init      pwm.o
    0x08003338   0x00000008   Code   RO          274    i.SetSysClock       system_stm32f10x.o
    0x08003340   0x000000e0   Code   RO          275    i.SetSysClockTo72   system_stm32f10x.o
    0x08003420   0x00000040   Code   RO         3471    i.SysEventInit      syscomment.o
    0x08003460   0x00000340   Code   RO         3472    i.SysInit           syscomment.o
    0x080037a0   0x0000014c   Code   RO         3473    i.SysSaveDataTask   syscomment.o
    0x080038ec   0x00000138   Code   RO           17    i.SysTickTask       main.o
    0x08003a24   0x00000028   Code   RO          312    i.SysTick_CLKSourceConfig  misc.o
    0x08003a4c   0x00000060   Code   RO          277    i.SystemInit        system_stm32f10x.o
    0x08003aac   0x00000024   Code   RO         3881    i.TIM2_IRQHandler   timer.o
    0x08003ad0   0x00000034   Code   RO         3882    i.TIM3_IRQHandler   timer.o
    0x08003b04   0x00000034   Code   RO         3884    i.TIM4_IRQHandler   timer.o
    0x08003b38   0x00000060   Code   RO         3885    i.TIM4_Int_Init     timer.o
    0x08003b98   0x00000018   Code   RO         2497    i.TIM_ARRPreloadConfig  stm32f10x_tim.o
    0x08003bb0   0x00000006   Code   RO         2504    i.TIM_ClearITPendingBit  stm32f10x_tim.o
    0x08003bb6   0x00000018   Code   RO         2509    i.TIM_Cmd           stm32f10x_tim.o
    0x08003bce   0x0000001e   Code   RO         2511    i.TIM_CtrlPWMOutputs  stm32f10x_tim.o
    0x08003bec   0x00000012   Code   RO         2512    i.TIM_DMACmd        stm32f10x_tim.o
    0x08003bfe   0x00000002   PAD
    0x08003c00   0x000001e8   Code   RO         2514    i.TIM_DeInit        stm32f10x_tim.o
    0x08003de8   0x00000022   Code   RO         2530    i.TIM_GetITStatus   stm32f10x_tim.o
    0x08003e0a   0x00000012   Code   RO         2534    i.TIM_ITConfig      stm32f10x_tim.o
    0x08003e1c   0x00000098   Code   RO         2538    i.TIM_OC1Init       stm32f10x_tim.o
    0x08003eb4   0x00000012   Code   RO         2541    i.TIM_OC1PreloadConfig  stm32f10x_tim.o
    0x08003ec6   0x00000002   PAD
    0x08003ec8   0x000000a0   Code   RO         2548    i.TIM_OC3Init       stm32f10x_tim.o
    0x08003f68   0x00000012   Code   RO         2551    i.TIM_OC3PreloadConfig  stm32f10x_tim.o
    0x08003f7a   0x00000002   PAD
    0x08003f7c   0x0000007c   Code   RO         2553    i.TIM_OC4Init       stm32f10x_tim.o
    0x08003ff8   0x0000001a   Code   RO         2555    i.TIM_OC4PreloadConfig  stm32f10x_tim.o
    0x08004012   0x00000004   Code   RO         2572    i.TIM_SetCompare3   stm32f10x_tim.o
    0x08004016   0x00000006   Code   RO         2573    i.TIM_SetCompare4   stm32f10x_tim.o
    0x0800401c   0x00000004   Code   RO         2574    i.TIM_SetCounter    stm32f10x_tim.o
    0x08004020   0x000000a4   Code   RO         2580    i.TIM_TimeBaseInit  stm32f10x_tim.o
    0x080040c4   0x00000058   Code   RO         4071    i.UART_SendPackage  finger.o
    0x0800411c   0x00000070   Code   RO         3928    i.USART1_IRQHandler  usart1.o
    0x0800418c   0x00000070   Code   RO         3975    i.USART2_IRQHandler  usart2.o
    0x080041fc   0x00000070   Code   RO         4012    i.USART3_IRQHandler  usart3.o
    0x0800426c   0x00000018   Code   RO         3045    i.USART_Cmd         stm32f10x_usart.o
    0x08004284   0x0000009c   Code   RO         3047    i.USART_DeInit      stm32f10x_usart.o
    0x08004320   0x0000001a   Code   RO         3048    i.USART_GetFlagStatus  stm32f10x_usart.o
    0x0800433a   0x00000054   Code   RO         3049    i.USART_GetITStatus  stm32f10x_usart.o
    0x0800438e   0x0000004a   Code   RO         3051    i.USART_ITConfig    stm32f10x_usart.o
    0x080043d8   0x000000d8   Code   RO         3052    i.USART_Init        stm32f10x_usart.o
    0x080044b0   0x0000000a   Code   RO         3059    i.USART_ReceiveData  stm32f10x_usart.o
    0x080044ba   0x00000008   Code   RO         3062    i.USART_SendData    stm32f10x_usart.o
    0x080044c2   0x0000001a   Code   RO         4072    i.UartSend          finger.o
    0x080044dc   0x00000004   Code   RO          214    i.UsageFault_Handler  stm32f10x_it.o
    0x080044e0   0x00000020   Code   RO         3976    i.Usart2_SendByte   usart2.o
    0x08004500   0x00000028   Code   RO         4373    i.__0snprintf$1     mc_w.l(printf1.o)
    0x08004528   0x00000024   Code   RO         4566    i.__0vsprintf       mc_w.l(printfa.o)
    0x0800454c   0x0000000e   Code   RO         4668    i.__scatterload_copy  mc_w.l(handlers.o)
    0x0800455a   0x00000002   Code   RO         4669    i.__scatterload_null  mc_w.l(handlers.o)
    0x0800455c   0x0000000e   Code   RO         4670    i.__scatterload_zeroinit  mc_w.l(handlers.o)
    0x0800456a   0x00000002   PAD
    0x0800456c   0x00000164   Code   RO         4567    i._fp_digits        mc_w.l(printfa.o)
    0x080046d0   0x00000154   Code   RO         4379    i._printf_core      mc_w.l(printf1.o)
    0x08004824   0x000006dc   Code   RO         4568    i._printf_core      mc_w.l(printfa.o)
    0x08004f00   0x00000024   Code   RO         4569    i._printf_post_padding  mc_w.l(printfa.o)
    0x08004f24   0x0000002e   Code   RO         4570    i._printf_pre_padding  mc_w.l(printfa.o)
    0x08004f52   0x00000016   Code   RO         4380    i._snputc           mc_w.l(printf1.o)
    0x08004f68   0x0000000a   Code   RO         4572    i._sputc            mc_w.l(printfa.o)
    0x08004f72   0x00000002   PAD
    0x08004f74   0x00000044   Code   RO         4280    i.delay_init        delay.o
    0x08004fb8   0x0000004c   Code   RO         4281    i.delay_ms          delay.o
    0x08005004   0x0000004c   Code   RO         4282    i.delay_us          delay.o
    0x08005050   0x000000a4   Code   RO           18    i.main              main.o
    0x080050f4   0x0000006c   Code   RO         4589    i.malloc            mc_w.l(malloc.o)
    0x08005160   0x00000050   Code   RO         4014    i.u3_printf         usart3.o
    0x080051b0   0x000000cc   Code   RO         3978    i.usart2_init       usart2.o
    0x0800527c   0x000000a8   Code   RO         4015    i.usart3_init       usart3.o
    0x08005324   0x0000000e   Code   RO         4207    i.ws2812bClear      ws2812b.o
    0x08005332   0x00000002   PAD
    0x08005334   0x0000003c   Code   RO         4208    i.ws2812bClearAll   ws2812b.o
    0x08005370   0x00000128   Code   RO         4209    i.ws2812bInit       ws2812b.o
    0x08005498   0x00000030   Code   RO         4210    i.ws2812bSend       ws2812b.o
    0x080054c8   0x00000094   Code   RO         4211    i.ws2812bSet        ws2812b.o
    0x0800555c   0x00000010   Code   RO         4212    i.ws2812bSetAll     ws2812b.o
    0x0800556c   0x00000020   Data   RO         4666    Region$$Table       anon$$obj.o


    Execution Region RW_IRAM1 (Base: 0x20000000, Size: 0x000012e8, Max: 0x00005000, ABSOLUTE)

    Base Addr    Size         Type   Attr      Idx    E Section Name        Object

    0x20000000   0x00000006   Data   RW           20    .data               main.o
    0x20000006   0x00000002   PAD
    0x20000008   0x00000014   Data   RW          278    .data               system_stm32f10x.o
    0x2000001c   0x00000014   Data   RW         1905    .data               stm32f10x_rcc.o
    0x20000030   0x0000007b   Data   RW         3477    .data               syscomment.o
    0x200000ab   0x00000001   PAD
    0x200000ac   0x00000006   Data   RW         3835    .data               remote.o
    0x200000b2   0x00000002   Data   RW         3933    .data               usart1.o
    0x200000b4   0x00000002   Data   RW         3980    .data               usart2.o
    0x200000b6   0x00000002   Data   RW         4017    .data               usart3.o
    0x200000b8   0x0000001c   Data   RW         4074    .data               finger.o
    0x200000d4   0x0000000c   Data   RW         4215    .data               ws2812b.o
    0x200000e0   0x00000004   Data   RW         4283    .data               delay.o
    0x200000e4   0x00000004   Data   RW         4641    .data               mc_w.l(mvars.o)
    0x200000e8   0x00000004   Data   RW         4642    .data               mc_w.l(mvars.o)
    0x200000ec   0x00000070   Zero   RW           19    .bss                main.o
    0x2000015c   0x000000a0   Zero   RW         3476    .bss                syscomment.o
    0x200001fc   0x00000320   Zero   RW         3932    .bss                usart1.o
    0x2000051c   0x00000320   Zero   RW         3979    .bss                usart2.o
    0x2000083c   0x00000320   Zero   RW         4016    .bss                usart3.o
    0x20000b5c   0x0000018c   Zero   RW         4214    .bss                ws2812b.o
    0x20000ce8   0x00000200   Zero   RW            2    HEAP                startup_stm32f10x_md.o
    0x20000ee8   0x00000400   Zero   RW            1    STACK               startup_stm32f10x_md.o


==============================================================================

Image component sizes


      Code (inc. data)   RO Data    RW Data    ZI Data      Debug   Object Name

       220         26          0          4          0       1827   delay.o
      1444        192          0         28          0      12135   finger.o
       758         84          0          6        112     282047   main.o
       172         22          0          0          0       2377   misc.o
       160         10          0          0          0        775   pwm.o
       192         24          0          6          0       1650   remote.o
       164          4          0          0          0       2668   san_flash.o
        36          8        236          0       1536        968   startup_stm32f10x_md.o
       494         28          0          0          0       6230   stm32f10x_dma.o
        12          6          0          0          0        597   stm32f10x_exti.o
       274         30          0          0          0       3838   stm32f10x_flash.o
       304          0          0          0          0       4036   stm32f10x_gpio.o
        24          0          0          0          0       3704   stm32f10x_it.o
        68         30          0          0          0       2854   stm32f10x_iwdg.o
       372         50          0         20          0       6744   stm32f10x_rcc.o
      1318        146          0          0          0      12956   stm32f10x_tim.o
       598         28          0          0          0       7408   stm32f10x_usart.o
        12          0          0          0          0        489   sys.o
      8578       1928          0        123        160      12019   syscomment.o
       328         28          0         20          0       2749   system_stm32f10x.o
       342         30          0          0          0       3361   timer.o
       112         18          0          2        800       2036   usart1.o
       348         42          0          2        800       2772   usart2.o
       360         36          0          2        800       2838   usart3.o
        44          0          0          0          0       1044   wdg.o
       634         74          0         12        396       5047   ws2812b.o

    ----------------------------------------------------------------------
     17400       2844        268        228       4604     385169   Object Totals
         0          0         32          0          0          0   (incl. Generated)
        32          0          0          3          0          0   (incl. Padding)

    ----------------------------------------------------------------------

      Code (inc. data)   RO Data    RW Data    ZI Data      Debug   Library Member Name

         0          0          0          0          0          0   entry.o
         0          0          0          0          0          0   entry10a.o
         0          0          0          0          0          0   entry11a.o
         8          4          0          0          0          0   entry2.o
         4          0          0          0          0          0   entry5.o
         0          0          0          0          0          0   entry7b.o
         0          0          0          0          0          0   entry8b.o
         8          4          0          0          0          0   entry9a.o
        30          0          0          0          0          0   handlers.o
        36          8          0          0          0         68   init.o
         0          0          0          0          0          0   iusefp.o
        30          0          0          0          0         68   llshl.o
        36          0          0          0          0         68   llsshr.o
        32          0          0          0          0         68   llushr.o
       108         16          0          0          0         84   malloc.o
        36          0          0          0          0        108   memseta.o
         0          0          0          8          0          0   mvars.o
       402          8          0          0          0        252   printf1.o
      2240         86          0          0          0        508   printfa.o
        14          0          0          0          0         68   strlen.o
        36          0          0          0          0         80   strstr.o
        44          0          0          0          0         80   uidiv.o
        98          0          0          0          0         92   uldiv.o
        48          0          0          0          0         68   cdrcmple.o
       334          0          0          0          0        148   dadd.o
       222          0          0          0          0        100   ddiv.o
       186          0          0          0          0        176   depilogue.o
        48          0          0          0          0         68   dfixul.o
       228          0          0          0          0         96   dmul.o

    ----------------------------------------------------------------------
      4232        126          0          8          0       2200   Library Totals
         4          0          0          0          0          0   (incl. Padding)

    ----------------------------------------------------------------------

      Code (inc. data)   RO Data    RW Data    ZI Data      Debug   Library Name

      3162        126          0          8          0       1544   mc_w.l
      1066          0          0          0          0        656   mf_w.l

    ----------------------------------------------------------------------
      4232        126          0          8          0       2200   Library Totals

    ----------------------------------------------------------------------

==============================================================================


      Code (inc. data)   RO Data    RW Data    ZI Data      Debug   

     21632       2970        268        236       4604     379409   Grand Totals
     21632       2970        268        236       4604     379409   ELF Image Totals
     21632       2970        268        236          0          0   ROM Totals

==============================================================================

    Total RO  Size (Code + RO Data)                21900 (  21.39kB)
    Total RW  Size (RW Data + ZI Data)              4840 (   4.73kB)
    Total ROM Size (Code + RO Data + RW Data)      22136 (  21.62kB)

==============================================================================

