<html>
<body>
<pre>
<h1>µVision Build Log</h1>
<h2>Tool Versions:</h2>
IDE-Version: ¦ÌVision V5.14.0.0
Copyright (C) 2015 ARM Ltd and ARM Germany GmbH. All rights reserved.
License Information: ff Microwin10, ffds, LIC=4ZLNN-YXIMQ-D1HPR-KHDB1-MW3Z1-7Y2PX
 
Tool Versions:
Toolchain:       MDK-ARM Professional  Version: 5.14.0.0
Toolchain Path:  C:\Keil_v5\ARM\ARMCC\Bin
C Compiler:      Armcc.exe V5.05 update 1 (build 106)
Assembler:       Armasm.exe V5.05 update 1 (build 106)
Linker/Locator:  ArmLink.exe V5.05 update 1 (build 106)
Library Manager: ArmAr.exe V5.05 update 1 (build 106)
Hex Converter:   FromElf.exe V5.05 update 1 (build 106)
CPU DLL:         SARMCM3.DLL V5.14.0.0
Dialog DLL:      DARMSTM.DLL V1.65.0.0
Target DLL:      STLink\ST-LINKIII-KEIL_SWO.dll V2.0.14.0_KEIL
Dialog DLL:      TARMSTM.DLL V1.64.0.0
 
<h2>Project:</h2>
F:\Adata\project\stm32\hongkong_display_angle\STM32F103_one_angle_module\Project\MDKARM(uV5)\HongKongDisplay_angle.uvprojx
Project File Date:  04/29/2019

<h2>Output:</h2>
Build target 'SanFeng'
compiling main.c...
compiling SysComment.c...
compiling timer.c...
linking...
Program Size: Code=21632 RO-data=268 RW-data=236 ZI-data=4604  
FromELF: creating hex file...
".\Objects\SanFengDisplay_angle.axf" - 0 Error(s), 0 Warning(s).

<h2>Collection of Component include folders:</h2>
  F:\Adata\project\stm32\hongkong_display_angle\STM32F103_one_angle_module\Project\MDKARM(uV5)\RTE
  C:\Keil_v5\ARM\PACK\Keil\STM32F1xx_DFP\1.1.0\Device\Include

<h2>Collection of Component Files used:</h2>
</pre>
</body>
</html>
